Archive member included to satisfy reference by file (symbol)

F:\data\VeriSilicon\VeriHealthi_QEMU_SDK.202606_preliminary\V3.0-VeriHealthi_QEMU_SDK_v3.7\galaxy_sdk\bsp\lib\libbsp_riscv.a(port.c.o)
                              ./galaxy_sdk/bsp/src/portasm.o (xPortTaskSwitch)
F:\data\VeriSilicon\VeriHealthi_QEMU_SDK.202606_preliminary\V3.0-VeriHealthi_QEMU_SDK_v3.7\galaxy_sdk\bsp\lib\libbsp_riscv.a(soc_init.c.o)
                              ./galaxy_sdk/main.o (soc_init)
F:\data\VeriSilicon\VeriHealthi_QEMU_SDK.202606_preliminary\V3.0-VeriHealthi_QEMU_SDK_v3.7\galaxy_sdk\bsp\lib\libbsp_riscv.a(soc_sysctl.c.o)
                              F:\data\VeriSilicon\VeriHealthi_QEMU_SDK.202606_preliminary\V3.0-VeriHealthi_QEMU_SDK_v3.7\galaxy_sdk\bsp\lib\libbsp_riscv.a(port.c.o) (soc_rtc_clock_get_freq)
F:\data\VeriSilicon\VeriHealthi_QEMU_SDK.202606_preliminary\V3.0-VeriHealthi_QEMU_SDK_v3.7\galaxy_sdk\bsp\lib\libbsp_riscv.a(system_pegasus.c.o)
                              ./galaxy_sdk/bsp/src/startup_riscv.o (premain_system_init)
F:\data\VeriSilicon\VeriHealthi_QEMU_SDK.202606_preliminary\V3.0-VeriHealthi_QEMU_SDK_v3.7\galaxy_sdk\bsp\lib\libbsp_riscv.a(boot.c.o)
                              F:\data\VeriSilicon\VeriHealthi_QEMU_SDK.202606_preliminary\V3.0-VeriHealthi_QEMU_SDK_v3.7\galaxy_sdk\bsp\lib\libbsp_riscv.a(soc_sysctl.c.o) (boot_get_zsp_addr)
F:\data\VeriSilicon\VeriHealthi_QEMU_SDK.202606_preliminary\V3.0-VeriHealthi_QEMU_SDK_v3.7\galaxy_sdk\bsp\lib\libbsp_riscv.a(board.c.o)
                              ./galaxy_sdk/main.o (board_register)
F:\data\VeriSilicon\VeriHealthi_QEMU_SDK.202606_preliminary\V3.0-VeriHealthi_QEMU_SDK_v3.7\galaxy_sdk\bsp\lib\libbsp_riscv.a(arch_api.c.o)
                              F:\data\VeriSilicon\VeriHealthi_QEMU_SDK.202606_preliminary\V3.0-VeriHealthi_QEMU_SDK_v3.7\galaxy_sdk\bsp\lib\libbsp_riscv.a(port.c.o) (cpu_sleep)
F:\data\VeriSilicon\VeriHealthi_QEMU_SDK.202606_preliminary\V3.0-VeriHealthi_QEMU_SDK_v3.7\galaxy_sdk\drivers\lib\libdriver_riscv.a(clock.c.o)
                              F:\data\VeriSilicon\VeriHealthi_QEMU_SDK.202606_preliminary\V3.0-VeriHealthi_QEMU_SDK_v3.7\galaxy_sdk\bsp\lib\libbsp_riscv.a(soc_sysctl.c.o) (clk_get_rate)
F:\data\VeriSilicon\VeriHealthi_QEMU_SDK.202606_preliminary\V3.0-VeriHealthi_QEMU_SDK_v3.7\galaxy_sdk\drivers\lib\libdriver_riscv.a(imu_simulator.c.o)
                              ./galaxy_sdk/bsp/src/qemu_board.o (imu_simulator_ops)
F:\data\VeriSilicon\VeriHealthi_QEMU_SDK.202606_preliminary\V3.0-VeriHealthi_QEMU_SDK_v3.7\galaxy_sdk\modules\lib\libcommon_riscv.a(uart_printf.c.o)
                              ./galaxy_sdk/main.o (uart_printf)
F:\data\VeriSilicon\VeriHealthi_QEMU_SDK.202606_preliminary\V3.0-VeriHealthi_QEMU_SDK_v3.7\galaxy_sdk\modules\lib\libcommon_riscv.a(sw_timer_os.c.o)
                              F:\data\VeriSilicon\VeriHealthi_QEMU_SDK.202606_preliminary\V3.0-VeriHealthi_QEMU_SDK_v3.7\galaxy_sdk\drivers\lib\libdriver_riscv.a(imu_simulator.c.o) (vpi_timer_create)
F:\data\VeriSilicon\VeriHealthi_QEMU_SDK.202606_preliminary\V3.0-VeriHealthi_QEMU_SDK_v3.7\galaxy_sdk\modules\lib\libcommon_riscv.a(vpi_error.c.o)
                              ./galaxy_sdk/main.o (vsd_to_vpi)
F:\data\VeriSilicon\VeriHealthi_QEMU_SDK.202606_preliminary\V3.0-VeriHealthi_QEMU_SDK_v3.7\galaxy_sdk\modules\lib\libcommon_riscv.a(vs_logging.c.o)
                              F:\data\VeriSilicon\VeriHealthi_QEMU_SDK.202606_preliminary\V3.0-VeriHealthi_QEMU_SDK_v3.7\galaxy_sdk\modules\lib\libcommon_riscv.a(sw_timer_os.c.o) (vs_logging_level)
F:\data\VeriSilicon\VeriHealthi_QEMU_SDK.202606_preliminary\V3.0-VeriHealthi_QEMU_SDK_v3.7\galaxy_sdk\osal\lib\libosal_riscv.a(osal_task.c.o)
                              ./galaxy_sdk/main.o (osal_create_task)
F:\data\VeriSilicon\VeriHealthi_QEMU_SDK.202606_preliminary\V3.0-VeriHealthi_QEMU_SDK_v3.7\galaxy_sdk\osal\lib\libosal_riscv.a(osal_heap.c.o)
                              F:\data\VeriSilicon\VeriHealthi_QEMU_SDK.202606_preliminary\V3.0-VeriHealthi_QEMU_SDK_v3.7\galaxy_sdk\drivers\lib\libdriver_riscv.a(imu_simulator.c.o) (osal_malloc)
F:\data\VeriSilicon\VeriHealthi_QEMU_SDK.202606_preliminary\V3.0-VeriHealthi_QEMU_SDK_v3.7\galaxy_sdk\osal\lib\libosal_riscv.a(osal_time.c.o)
                              F:\data\VeriSilicon\VeriHealthi_QEMU_SDK.202606_preliminary\V3.0-VeriHealthi_QEMU_SDK_v3.7\galaxy_sdk\osal\lib\libosal_riscv.a(osal_task.c.o) (osal_ms_to_tick)
F:\data\VeriSilicon\VeriHealthi_QEMU_SDK.202606_preliminary\V3.0-VeriHealthi_QEMU_SDK_v3.7\galaxy_sdk\osal\lib\libosal_riscv.a(osal_timer.c.o)
                              F:\data\VeriSilicon\VeriHealthi_QEMU_SDK.202606_preliminary\V3.0-VeriHealthi_QEMU_SDK_v3.7\galaxy_sdk\modules\lib\libcommon_riscv.a(sw_timer_os.c.o) (osal_timer_create)
F:\data\VeriSilicon\VeriHealthi_QEMU_SDK.202606_preliminary\V3.0-VeriHealthi_QEMU_SDK_v3.7\galaxy_sdk\osal\lib\libosal_riscv.a(osal_semaphore.c.o)
[...]
Memory Configuration

Name             Origin             Length             Attributes
flash            0x20000000         0x00300000         axr!w
ram              0x90000000         0x00040000         axw!r
*default*        0x00000000         0xffffffff

Linker script and memory map

START GROUP
LOAD ./galaxy_sdk/drivers/src/hal_imu.o
LOAD ./galaxy_sdk/drivers/src/hal_rtc.o
LOAD ./galaxy_sdk/bsp/src/intexc_riscv.o
LOAD ./galaxy_sdk/bsp/src/portasm.o
LOAD ./galaxy_sdk/bsp/src/qemu_board.o
LOAD ./galaxy_sdk/bsp/src/startup_riscv.o
LOAD ./galaxy_sdk/main.o
LOAD F:/Software/NucleiStudio_IDE/NucleiStudio/toolchain/gcc/bin/../lib/gcc/riscv64-unknown-elf/14.2.1/../../../../riscv64-unknown-elf/lib/rv32imafc_zaamo_zalrsc_xxldsp/ilp32f\libstdc++.a
LOAD F:\data\VeriSilicon\VeriHealthi_QEMU_SDK.202606_preliminary\V3.0-VeriHealthi_QEMU_SDK_v3.7\galaxy_sdk\bsp\lib\libbsp_riscv.a
LOAD F:\data\VeriSilicon\VeriHealthi_QEMU_SDK.202606_preliminary\V3.0-VeriHealthi_QEMU_SDK_v3.7\galaxy_sdk\drivers\lib\libdriver_riscv.a
LOAD F:\data\VeriSilicon\VeriHealthi_QEMU_SDK.202606_preliminary\V3.0-VeriHealthi_QEMU_SDK_v3.7\galaxy_sdk\modules\lib\libcommon_riscv.a
LOAD F:\data\VeriSilicon\VeriHealthi_QEMU_SDK.202606_preliminary\V3.0-VeriHealthi_QEMU_SDK_v3.7\galaxy_sdk\osal\lib\libosal_riscv.a
LOAD F:\data\VeriSilicon\VeriHealthi_QEMU_SDK.202606_preliminary\V3.0-VeriHealthi_QEMU_SDK_v3.7\galaxy_sdk\os\lib\libos_riscv.a
LOAD F:\data\VeriSilicon\VeriHealthi_QEMU_SDK.202606_preliminary\V3.0-VeriHealthi_QEMU_SDK_v3.7\galaxy_sdk\prebuilts\bluetooth\health\libble.a
LOAD F:\data\VeriSilicon\VeriHealthi_QEMU_SDK.202606_preliminary\V3.0-VeriHealthi_QEMU_SDK_v3.7\galaxy_sdk\modules\external\riscv_dsp\libnmsis_dsp_rv32imafc_xxldsp.a
LOAD F:/Software/NucleiStudio_IDE/NucleiStudio/toolchain/gcc/bin/../lib/gcc/riscv64-unknown-elf/14.2.1/../../../../riscv64-unknown-elf/lib/rv32imafc_zaamo_zalrsc_xxldsp/ilp32f\libc_nano.a
LOAD F:/Software/NucleiStudio_IDE/NucleiStudio/toolchain/gcc/bin/../lib/gcc/riscv64-unknown-elf/14.2.1/rv32imafc_zaamo_zalrsc_xxldsp/ilp32f\libgcc.a
LOAD F:/Software/NucleiStudio_IDE/NucleiStudio/toolchain/gcc/bin/../lib/gcc/riscv64-unknown-elf/14.2.1/../../../../riscv64-unknown-elf/lib/rv32imafc_zaamo_zalrsc_xxldsp/ilp32f\libsemihost.a
END GROUP
LOAD F:/Software/NucleiStudio_IDE/NucleiStudio/toolchain/gcc/bin/../lib/gcc/riscv64-unknown-elf/14.2.1/../../../../riscv64-unknown-elf/lib/rv32imafc_zaamo_zalrsc_xxldsp/ilp32f\libstdc++.a
LOAD F:/Software/NucleiStudio_IDE/NucleiStudio/toolchain/gcc/bin/../lib/gcc/riscv64-unknown-elf/14.2.1/../../../../riscv64-unknown-elf/lib/rv32imafc_zaamo_zalrsc_xxldsp/ilp32f\libm.a
LOAD F:/Software/NucleiStudio_IDE/NucleiStudio/toolchain/gcc/bin/../lib/gcc/riscv64-unknown-elf/14.2.1/rv32imafc_zaamo_zalrsc_xxldsp/ilp32f\libgcc.a
START GROUP
LOAD F:/Software/NucleiStudio_IDE/NucleiStudio/toolchain/gcc/bin/../lib/gcc/riscv64-unknown-elf/14.2.1/../../../../riscv64-unknown-elf/lib/rv32imafc_zaamo_zalrsc_xxldsp/ilp32f\libc.a
LOAD F:/Software/NucleiStudio_IDE/NucleiStudio/toolchain/gcc/bin/../lib/gcc/riscv64-unknown-elf/14.2.1/../../../../riscv64-unknown-elf/lib/rv32imafc_zaamo_zalrsc_xxldsp/ilp32f\libgloss.a
END GROUP
LOAD F:/Software/NucleiStudio_IDE/NucleiStudio/toolchain/gcc/bin/../lib/gcc/riscv64-unknown-elf/14.2.1/rv32imafc_zaamo_zalrsc_xxldsp/ilp32f\libgcc.a
                0x00000800                        PROVIDE (__STACK_SIZE = 0x800)
                0x00005000                        PROVIDE (__HEAP_SIZE = 0x5000)
                0x00000001                        PROVIDE (__SMP_CPU_CNT = 0x1)
                0x00000800                        __TOT_STACK_SIZE = (__STACK_SIZE * __SMP_CPU_CNT)

.init           0x20000000      0x308
 *(.vtable)
 .vtable        0x20000000      0x1a8 ./galaxy_sdk/bsp/src/startup_riscv.o
                0x20000000                vector_base
 *(SORT_NONE(.init))
 *fill*         0x200001a8       0x18 
 .init          0x200001c0      0x146 ./galaxy_sdk/bsp/src/startup_riscv.o
                0x200001c0                _start
                0x200002a6                _start_premain
                0x20000300                early_exc_entry
                0x20000308                        . = ALIGN (0x4)
 *fill*         0x20000306        0x2 

.text           0x20000340    0x5aee8
 *(.text.unlikely .text.unlikely.*)
 *(.text.startup .text.startup.*)
 .text.startup.main
                0x20000340       0x50 ./galaxy_sdk/main.o
                0x20000340                main
 .text.startup.init_semihosting
                0x20000390       0x8e F:/Software/NucleiStudio_IDE/NucleiStudio/toolchain/gcc/bin/../lib/gcc/riscv64-unknown-elf/14.2.1/../../../../riscv64-unknown-elf/lib/rv32imafc_zaamo_zalrsc_xxldsp/ilp32f\libsemihost.a(riscv_libsemihost_a-semihost-sys_fdtable.o)
                0x20000390                init_semihosting
 *(.text .text.*)
 .text.hal_imu_device_init
                0x2000041e       0x82 ./galaxy_sdk/drivers/src/hal_imu.o
                0x2000041e                hal_imu_device_init
 .text.hal_imu_get_device
                0x200004a0       0x24 ./galaxy_sdk/drivers/src/hal_imu.o
                0x200004a0                hal_imu_get_device
 .text.hal_imu_init
                0x200004c4       0x12 ./galaxy_sdk/drivers/src/hal_imu.o
                0x200004c4                hal_imu_init
 .text.hal_imu_set_sensor_default_cfg
                0x200004d6       0x12 ./galaxy_sdk/drivers/src/hal_imu.o
                0x200004d6                hal_imu_set_sensor_default_cfg
 .text.hal_imu_set_accel_cfg
                0x200004e8       0x12 ./galaxy_sdk/drivers/src/hal_imu.o
                0x200004e8                hal_imu_set_accel_cfg
 .text.hal_imu_set_gyro_cfg
                0x200004fa       0x12 ./galaxy_sdk/drivers/src/hal_imu.o
                0x200004fa                hal_imu_set_gyro_cfg
 .text.hal_imu_set_work_mode
                0x2000050c       0x32 ./galaxy_sdk/drivers/src/hal_imu.o
                0x2000050c                hal_imu_set_work_mode
 .text.hal_imu_set_fifo_wm
                0x2000053e       0x12 ./galaxy_sdk/drivers/src/hal_imu.o
                0x2000053e                hal_imu_set_fifo_wm
 .text.hal_imu_set_fifo_cfg
                0x20000550       0x12 ./galaxy_sdk/drivers/src/hal_imu.o
                0x20000550                hal_imu_set_fifo_cfg
 .text.hal_imu_flush_fifo
                0x20000562       0x12 ./galaxy_sdk/drivers/src/hal_imu.o
                0x20000562                hal_imu_flush_fifo
 .text.hal_imu_read_gyro_accel
                0x20000574       0x16 ./galaxy_sdk/drivers/src/hal_imu.o
                0x20000574                hal_imu_read_gyro_accel
 .text.hal_imu_cfg_interrupt
                0x2000058a       0x12 ./galaxy_sdk/drivers/src/hal_imu.o
                0x2000058a                hal_imu_cfg_interrupt
 .text.hal_imu_enable_interrupt
                0x2000059c       0x12 ./galaxy_sdk/drivers/src/hal_imu.o
                0x2000059c                hal_imu_enable_interrupt
 .text.hal_imu_enable_power
                0x200005ae       0x12 ./galaxy_sdk/drivers/src/hal_imu.o
                0x200005ae                hal_imu_enable_power
 *fill*         0x200005c0        0x0 
 .text.trap     0x200005c0       0x7e ./galaxy_sdk/bsp/src/portasm.o
                0x200005c0                exc_entry
 *fill*         0x2000063e        0x2 
 .text.irq      0x20000640      0x25a ./galaxy_sdk/bsp/src/portasm.o
                0x20000640                irq_entry
                0x200006ba                default_intexc_handler
                0x200006c0                prvPortStartFirstTask
                0x20000764                eclic_msip_handler
 .text.qemu_board_find_device
                0x2000089a        0x4 ./galaxy_sdk/bsp/src/qemu_board.o
                0x2000089a                qemu_board_find_device
 .text.board_get_ops
                0x2000089e        0xa ./galaxy_sdk/bsp/src/qemu_board.o
                0x2000089e                board_get_ops
 .text.task_init_app
                0x200008a8       0xbc ./galaxy_sdk/main.o
 .text.imu_data_ready_isr
                0x20000964       0x10 ./galaxy_sdk/main.o
 .text.task_imu_interrupt.part.0
                0x20000974      0x254 ./galaxy_sdk/main.o
 .text.task_imu_interrupt
                0x20000bc8       0x4e ./galaxy_sdk/main.o
 .text.prvTaskExitError
                0x20000c16       0x48 F:\data\VeriSilicon\VeriHealthi_QEMU_SDK.202606_preliminary\V3.0-VeriHealthi_QEMU_SDK_v3.7\galaxy_sdk\bsp\lib\libbsp_riscv.a(port.c.o)
 .text.pxPortInitialiseStack
                0x20000c5e       0x46 F:\data\VeriSilicon\VeriHealthi_QEMU_SDK.202606_preliminary\V3.0-VeriHealthi_QEMU_SDK_v3.7\galaxy_sdk\bsp\lib\libbsp_riscv.a(port.c.o)
                0x20000c5e                pxPortInitialiseStack
 .text.vPortEnterCritical
                0x20000ca4       0x40 F:\data\VeriSilicon\VeriHealthi_QEMU_SDK.202606_preliminary\V3.0-VeriHealthi_QEMU_SDK_v3.7\galaxy_sdk\bsp\lib\libbsp_riscv.a(port.c.o)
                0x20000ca4                vPortEnterCritical
 .text.vPortExitCritical
                0x20000ce4       0x36 F:\data\VeriSilicon\VeriHealthi_QEMU_SDK.202606_preliminary\V3.0-VeriHealthi_QEMU_SDK_v3.7\galaxy_sdk\bsp\lib\libbsp_riscv.a(port.c.o)
                0x20000ce4                vPortExitCritical
 .text.xPortTaskSwitch
                0x20000d1a       0x64 F:\data\VeriSilicon\VeriHealthi_QEMU_SDK.202606_preliminary\V3.0-VeriHealthi_QEMU_SDK_v3.7\galaxy_sdk\bsp\lib\libbsp_riscv.a(port.c.o)
                0x20000d1a                xPortTaskSwitch
 .text.eclic_mtip_handler
                0x20000d7e      0x114 F:\data\VeriSilicon\VeriHealthi_QEMU_SDK.202606_preliminary\V3.0-VeriHealthi_QEMU_SDK_v3.7\galaxy_sdk\bsp\lib\libbsp_riscv.a(port.c.o)
                0x20000d7e                eclic_mtip_handler
 .text.vPortSetupTimerInterrupt
                0x20000e92      0x1f4 F:\data\VeriSilicon\VeriHealthi_QEMU_SDK.202606_preliminary\V3.0-VeriHealthi_QEMU_SDK_v3.7\galaxy_sdk\bsp\lib\libbsp_riscv.a(port.c.o)
                0x20000e92                vPortSetupTimerInterrupt
 .text.xPortStartScheduler
                0x20001086       0xfc F:\data\VeriSilicon\VeriHealthi_QEMU_SDK.202606_preliminary\V3.0-VeriHealthi_QEMU_SDK_v3.7\galaxy_sdk\bsp\lib\libbsp_riscv.a(port.c.o)
                0x20001086                xPortStartScheduler
 .text.vPortValidateInterruptPriority
                0x20001182       0x88 F:\data\VeriSilicon\VeriHealthi_QEMU_SDK.202606_preliminary\V3.0-VeriHealthi_QEMU_SDK_v3.7\galaxy_sdk\bsp\lib\libbsp_riscv.a(port.c.o)
                0x20001182                vPortValidateInterruptPriority
 .text.vApplicationIdleHook
                0x2000120a        0x6 F:\data\VeriSilicon\VeriHealthi_QEMU_SDK.202606_preliminary\V3.0-VeriHealthi_QEMU_SDK_v3.7\galaxy_sdk\bsp\lib\libbsp_riscv.a(port.c.o)
                0x2000120a                vApplicationIdleHook
 .text.vApplicationStackOverflowHook
                0x20001210        0xc F:\data\VeriSilicon\VeriHealthi_QEMU_SDK.202606_preliminary\V3.0-VeriHealthi_QEMU_SDK_v3.7\galaxy_sdk\bsp\lib\libbsp_riscv.a(port.c.o)
                0x20001210                vApplicationStackOverflowHook
 .text.vApplicationGetIdleTaskMemory
                0x2000121c       0x14 F:\data\VeriSilicon\VeriHealthi_QEMU_SDK.202606_preliminary\V3.0-VeriHealthi_QEMU_SDK_v3.7\galaxy_sdk\bsp\lib\libbsp_riscv.a(port.c.o)
                0x2000121c                vApplicationGetIdleTaskMemory
 .text.vApplicationGetTimerTaskMemory
                0x20001230       0x18 F:\data\VeriSilicon\VeriHealthi_QEMU_SDK.202606_preliminary\V3.0-VeriHealthi_QEMU_SDK_v3.7\galaxy_sdk\bsp\lib\libbsp_riscv.a(port.c.o)
                0x20001230                vApplicationGetTimerTaskMemory
 .text.vApplicationMallocFailedHook
                0x20001248        0xc F:\data\VeriSilicon\VeriHealthi_QEMU_SDK.202606_preliminary\V3.0-VeriHealthi_QEMU_SDK_v3.7\galaxy_sdk\bsp\lib\libbsp_riscv.a(port.c.o)
                0x20001248                vApplicationMallocFailedHook
 .text.soc_init
                0x20001254        0x4 F:\data\VeriSilicon\VeriHealthi_QEMU_SDK.202606_preliminary\V3.0-VeriHealthi_QEMU_SDK_v3.7\galaxy_sdk\bsp\lib\libbsp_riscv.a(soc_init.c.o)
                0x20001254                soc_init
 .text.systimer_cnt_delay
                0x20001258       0xd6 F:\data\VeriSilicon\VeriHealthi_QEMU_SDK.202606_preliminary\V3.0-VeriHealthi_QEMU_SDK_v3.7\galaxy_sdk\bsp\lib\libbsp_riscv.a(soc_sysctl.c.o)
 .text.soc_rtc_clock_get_freq
                0x2000132e       0x18 F:\data\VeriSilicon\VeriHealthi_QEMU_SDK.202606_preliminary\V3.0-VeriHealthi_QEMU_SDK_v3.7\galaxy_sdk\bsp\lib\libbsp_riscv.a(soc_sysctl.c.o)
                0x2000132e                soc_rtc_clock_get_freq
 .text.delay_us
                0x20001346        0x2 F:\data\VeriSilicon\VeriHealthi_QEMU_SDK.202606_preliminary\V3.0-VeriHealthi_QEMU_SDK_v3.7\galaxy_sdk\bsp\lib\libbsp_riscv.a(soc_sysctl.c.o)
                0x20001346                delay_us
 .text.system_default_exception_handler
                0x20001348       0x64 F:\data\VeriSilicon\VeriHealthi_QEMU_SDK.202606_preliminary\V3.0-VeriHealthi_QEMU_SDK_v3.7\galaxy_sdk\bsp\lib\libbsp_riscv.a(system_pegasus.c.o)
 .text.premain_system_init
                0x200013ac        0x2 F:\data\VeriSilicon\VeriHealthi_QEMU_SDK.202606_preliminary\V3.0-VeriHealthi_QEMU_SDK_v3.7\galaxy_sdk\bsp\lib\libbsp_riscv.a(system_pegasus.c.o)
                0x200013ac                premain_system_init
 .text.core_exception_handler
                0x200013ae       0x56 F:\data\VeriSilicon\VeriHealthi_QEMU_SDK.202606_preliminary\V3.0-VeriHealthi_QEMU_SDK_v3.7\galaxy_sdk\bsp\lib\libbsp_riscv.a(system_pegasus.c.o)
                0x200013ae                core_exception_handler
 .text._premain_init
                0x20001404       0x60 F:\data\VeriSilicon\VeriHealthi_QEMU_SDK.202606_preliminary\V3.0-VeriHealthi_QEMU_SDK_v3.7\galaxy_sdk\bsp\lib\libbsp_riscv.a(system_pegasus.c.o)
                0x20001404                _premain_init
 .text._postmain_fini
                0x20001464        0x2 F:\data\VeriSilicon\VeriHealthi_QEMU_SDK.202606_preliminary\V3.0-VeriHealthi_QEMU_SDK_v3.7\galaxy_sdk\bsp\lib\libbsp_riscv.a(system_pegasus.c.o)
                0x20001464                _postmain_fini
 .text._init    0x20001466        0x2 F:\data\VeriSilicon\VeriHealthi_QEMU_SDK.202606_preliminary\V3.0-VeriHealthi_QEMU_SDK_v3.7\galaxy_sdk\bsp\lib\libbsp_riscv.a(system_pegasus.c.o)
                0x20001466                _init
 .text._fini    0x20001468        0x2 F:\data\VeriSilicon\VeriHealthi_QEMU_SDK.202606_preliminary\V3.0-VeriHealthi_QEMU_SDK_v3.7\galaxy_sdk\bsp\lib\libbsp_riscv.a(system_pegasus.c.o)
                0x20001468                _fini
 .text.board_register
                0x2000146a       0x12 F:\data\VeriSilicon\VeriHealthi_QEMU_SDK.202606_preliminary\V3.0-VeriHealthi_QEMU_SDK_v3.7\galaxy_sdk\bsp\lib\libbsp_riscv.a(board.c.o)
                0x2000146a                board_register
 .text.board_init
                0x2000147c       0x18 F:\data\VeriSilicon\VeriHealthi_QEMU_SDK.202606_preliminary\V3.0-VeriHealthi_QEMU_SDK_v3.7\galaxy_sdk\bsp\lib\libbsp_riscv.a(board.c.o)
                0x2000147c                board_init
 .text.clk_get_rate
                0x20001494       0x2c F:\data\VeriSilicon\VeriHealthi_QEMU_SDK.202606_preliminary\V3.0-VeriHealthi_QEMU_SDK_v3.7\galaxy_sdk\drivers\lib\libdriver_riscv.a(clock.c.o)
                0x20001494                clk_get_rate
 .text.bmi160_get_accel_range
                0x200014c0       0x3c F:\data\VeriSilicon\VeriHealthi_QEMU_SDK.202606_preliminary\V3.0-VeriHealthi_QEMU_SDK_v3.7\galaxy_sdk\drivers\lib\libdriver_riscv.a(imu_simulator.c.o)
 .text.bmi160_check_interrupt_type
                0x200014fc       0x12 F:\data\VeriSilicon\VeriHealthi_QEMU_SDK.202606_preliminary\V3.0-VeriHealthi_QEMU_SDK_v3.7\galaxy_sdk\drivers\lib\libdriver_riscv.a(imu_simulator.c.o)
 .text.bmi160_enable_interrupt
                0x2000150e       0x2a F:\data\VeriSilicon\VeriHealthi_QEMU_SDK.202606_preliminary\V3.0-VeriHealthi_QEMU_SDK_v3.7\galaxy_sdk\drivers\lib\libdriver_riscv.a(imu_simulator.c.o)
 .text.bmi160_enable_power
                0x20001538       0x40 F:\data\VeriSilicon\VeriHealthi_QEMU_SDK.202606_preliminary\V3.0-VeriHealthi_QEMU_SDK_v3.7\galaxy_sdk\drivers\lib\libdriver_riscv.a(imu_simulator.c.o)
 .text.bmi160_get_sensor_cfg
                0x20001578       0x2a F:\data\VeriSilicon\VeriHealthi_QEMU_SDK.202606_preliminary\V3.0-VeriHealthi_QEMU_SDK_v3.7\galaxy_sdk\drivers\lib\libdriver_riscv.a(imu_simulator.c.o)
 .text.timer_handler
                0x200015a2       0x92 F:\data\VeriSilicon\VeriHealthi_QEMU_SDK.202606_preliminary\V3.0-VeriHealthi_QEMU_SDK_v3.7\galaxy_sdk\drivers\lib\libdriver_riscv.a(imu_simulator.c.o)
 .text.bmi160_deinit
                0x20001634       0x46 F:\data\VeriSilicon\VeriHealthi_QEMU_SDK.202606_preliminary\V3.0-VeriHealthi_QEMU_SDK_v3.7\galaxy_sdk\drivers\lib\libdriver_riscv.a(imu_simulator.c.o)
 .text.bmi160_write_reg.constprop.0
                0x2000167a       0xb6 F:\data\VeriSilicon\VeriHealthi_QEMU_SDK.202606_preliminary\V3.0-VeriHealthi_QEMU_SDK_v3.7\galaxy_sdk\drivers\lib\libdriver_riscv.a(imu_simulator.c.o)
 .text.bmi160_reset_step_counter
                0x20001730        0xa F:\data\VeriSilicon\VeriHealthi_QEMU_SDK.202606_preliminary\V3.0-VeriHealthi_QEMU_SDK_v3.7\galaxy_sdk\drivers\lib\libdriver_riscv.a(imu_simulator.c.o)
 .text.bmi160_set_fifo_wm
                0x2000173a       0x24 F:\data\VeriSilicon\VeriHealthi_QEMU_SDK.202606_preliminary\V3.0-VeriHealthi_QEMU_SDK_v3.7\galaxy_sdk\drivers\lib\libdriver_riscv.a(imu_simulator.c.o)
 .text.bmi160_set_fifo_flush
                0x2000175e       0x1c F:\data\VeriSilicon\VeriHealthi_QEMU_SDK.202606_preliminary\V3.0-VeriHealthi_QEMU_SDK_v3.7\galaxy_sdk\drivers\lib\libdriver_riscv.a(imu_simulator.c.o)
 .text.bmi160_get_step_counter
                0x2000177a       0x3e F:\data\VeriSilicon\VeriHealthi_QEMU_SDK.202606_preliminary\V3.0-VeriHealthi_QEMU_SDK_v3.7\galaxy_sdk\drivers\lib\libdriver_riscv.a(imu_simulator.c.o)
 .text.bmi160_set_step_counter
                0x200017b8       0x4a F:\data\VeriSilicon\VeriHealthi_QEMU_SDK.202606_preliminary\V3.0-VeriHealthi_QEMU_SDK_v3.7\galaxy_sdk\drivers\lib\libdriver_riscv.a(imu_simulator.c.o)
 .text.bmi160_set_fifo_down
                0x20001802       0x4a F:\data\VeriSilicon\VeriHealthi_QEMU_SDK.202606_preliminary\V3.0-VeriHealthi_QEMU_SDK_v3.7\galaxy_sdk\drivers\lib\libdriver_riscv.a(imu_simulator.c.o)
 .text.bmi160_get_power_mode
                0x2000184c       0x86 F:\data\VeriSilicon\VeriHealthi_QEMU_SDK.202606_preliminary\V3.0-VeriHealthi_QEMU_SDK_v3.7\galaxy_sdk\drivers\lib\libdriver_riscv.a(imu_simulator.c.o)
 .text.set_gyro_cfg
                0x200018d2       0x9a F:\data\VeriSilicon\VeriHealthi_QEMU_SDK.202606_preliminary\V3.0-VeriHealthi_QEMU_SDK_v3.7\galaxy_sdk\drivers\lib\libdriver_riscv.a(imu_simulator.c.o)
 .text.set_accel_cfg
                0x2000196c       0x98 F:\data\VeriSilicon\VeriHealthi_QEMU_SDK.202606_preliminary\V3.0-VeriHealthi_QEMU_SDK_v3.7\galaxy_sdk\drivers\lib\libdriver_riscv.a(imu_simulator.c.o)
 .text.bmi160_set_gyro_cfg
                0x20001a04       0xfc F:\data\VeriSilicon\VeriHealthi_QEMU_SDK.202606_preliminary\V3.0-VeriHealthi_QEMU_SDK_v3.7\galaxy_sdk\drivers\lib\libdriver_riscv.a(imu_simulator.c.o)
 .text.bmi160_set_highg_threshold
                0x20001b00       0x8c F:\data\VeriSilicon\VeriHealthi_QEMU_SDK.202606_preliminary\V3.0-VeriHealthi_QEMU_SDK_v3.7\galaxy_sdk\drivers\lib\libdriver_riscv.a(imu_simulator.c.o)
 .text.bmi160_soft_reset
                0x20001b8c       0x84 F:\data\VeriSilicon\VeriHealthi_QEMU_SDK.202606_preliminary\V3.0-VeriHealthi_QEMU_SDK_v3.7\galaxy_sdk\drivers\lib\libdriver_riscv.a(imu_simulator.c.o)
 .text.bmi160_set_accel_cfg
                0x20001c10      0x114 F:\data\VeriSilicon\VeriHealthi_QEMU_SDK.202606_preliminary\V3.0-VeriHealthi_QEMU_SDK_v3.7\galaxy_sdk\drivers\lib\libdriver_riscv.a(imu_simulator.c.o)
 .text.bmi160_set_fifo_cfg
                0x20001d24      0x102 F:\data\VeriSilicon\VeriHealthi_QEMU_SDK.202606_preliminary\V3.0-VeriHealthi_QEMU_SDK_v3.7\galaxy_sdk\drivers\lib\libdriver_riscv.a(imu_simulator.c.o)
 .text.set_power_mode
                0x20001e26      0x11e F:\data\VeriSilicon\VeriHealthi_QEMU_SDK.202606_preliminary\V3.0-VeriHealthi_QEMU_SDK_v3.7\galaxy_sdk\drivers\lib\libdriver_riscv.a(imu_simulator.c.o)
 .text.bmi160_set_sensor_cfg
                0x20001f44       0xae F:\data\VeriSilicon\VeriHealthi_QEMU_SDK.202606_preliminary\V3.0-VeriHealthi_QEMU_SDK_v3.7\galaxy_sdk\drivers\lib\libdriver_riscv.a(imu_simulator.c.o)
 .text.bmi160_set_sensor_default_cfg
                0x20001ff2       0x42 F:\data\VeriSilicon\VeriHealthi_QEMU_SDK.202606_preliminary\V3.0-VeriHealthi_QEMU_SDK_v3.7\galaxy_sdk\drivers\lib\libdriver_riscv.a(imu_simulator.c.o)
 .text.bmi160_init
                0x20002034       0xc0 F:\data\VeriSilicon\VeriHealthi_QEMU_SDK.202606_preliminary\V3.0-VeriHealthi_QEMU_SDK_v3.7\galaxy_sdk\drivers\lib\libdriver_riscv.a(imu_simulator.c.o)
 .text.bmi160_set_suspend_mode
                0x200020f4       0xb6 F:\data\VeriSilicon\VeriHealthi_QEMU_SDK.202606_preliminary\V3.0-VeriHealthi_QEMU_SDK_v3.7\galaxy_sdk\drivers\lib\libdriver_riscv.a(imu_simulator.c.o)
 .text.bmi160_set_normal_mode
                0x200021aa      0x126 F:\data\VeriSilicon\VeriHealthi_QEMU_SDK.202606_preliminary\V3.0-VeriHealthi_QEMU_SDK_v3.7\galaxy_sdk\drivers\lib\libdriver_riscv.a(imu_simulator.c.o)
 .text.bmi160_set_interrupt_config
                0x200022d0      0x138 F:\data\VeriSilicon\VeriHealthi_QEMU_SDK.202606_preliminary\V3.0-VeriHealthi_QEMU_SDK_v3.7\galaxy_sdk\drivers\lib\libdriver_riscv.a(imu_simulator.c.o)
 .text.imu_simulator_device_init
                0x20002408       0xf8 F:\data\VeriSilicon\VeriHealthi_QEMU_SDK.202606_preliminary\V3.0-VeriHealthi_QEMU_SDK_v3.7\galaxy_sdk\drivers\lib\libdriver_riscv.a(imu_simulator.c.o)
                0x20002408                imu_simulator_device_init
 .text.bmi160_get_fifo_data
                0x20002500      0x11a F:\data\VeriSilicon\VeriHealthi_QEMU_SDK.202606_preliminary\V3.0-VeriHealthi_QEMU_SDK_v3.7\galaxy_sdk\drivers\lib\libdriver_riscv.a(imu_simulator.c.o)
 .text.bmi160_fifo_parsing_gyro_accel
                0x2000261a      0x254 F:\data\VeriSilicon\VeriHealthi_QEMU_SDK.202606_preliminary\V3.0-VeriHealthi_QEMU_SDK_v3.7\galaxy_sdk\drivers\lib\libdriver_riscv.a(imu_simulator.c.o)
 .text.bmi160_fifo_parsing_accel
                0x2000286e      0x28e F:\data\VeriSilicon\VeriHealthi_QEMU_SDK.202606_preliminary\V3.0-VeriHealthi_QEMU_SDK_v3.7\galaxy_sdk\drivers\lib\libdriver_riscv.a(imu_simulator.c.o)
 .text.uart_printf
                0x20002afc       0x3c F:\data\VeriSilicon\VeriHealthi_QEMU_SDK.202606_preliminary\V3.0-VeriHealthi_QEMU_SDK_v3.7\galaxy_sdk\modules\lib\libcommon_riscv.a(uart_printf.c.o)
                0x20002afc                uart_printf
 .text.vpi_timer_create
                0x20002b38       0x66 F:\data\VeriSilicon\VeriHealthi_QEMU_SDK.202606_preliminary\V3.0-VeriHealthi_QEMU_SDK_v3.7\galaxy_sdk\modules\lib\libcommon_riscv.a(sw_timer_os.c.o)
                0x20002b38                vpi_timer_create
 .text.vpi_timer_start
                0x20002b9e       0x2c F:\data\VeriSilicon\VeriHealthi_QEMU_SDK.202606_preliminary\V3.0-VeriHealthi_QEMU_SDK_v3.7\galaxy_sdk\modules\lib\libcommon_riscv.a(sw_timer_os.c.o)
                0x20002b9e                vpi_timer_start
 .text.vpi_timer_stop
                0x20002bca       0x2c F:\data\VeriSilicon\VeriHealthi_QEMU_SDK.202606_preliminary\V3.0-VeriHealthi_QEMU_SDK_v3.7\galaxy_sdk\modules\lib\libcommon_riscv.a(sw_timer_os.c.o)
                0x20002bca                vpi_timer_stop
 .text.vsd_to_vpi
                0x20002bf6       0x1a F:\data\VeriSilicon\VeriHealthi_QEMU_SDK.202606_preliminary\V3.0-VeriHealthi_QEMU_SDK_v3.7\galaxy_sdk\modules\lib\libcommon_riscv.a(vpi_error.c.o)
                0x20002bf6                vsd_to_vpi
 .text.osal_create_task
                0x20002c10       0x28 F:\data\VeriSilicon\VeriHealthi_QEMU_SDK.202606_preliminary\V3.0-VeriHealthi_QEMU_SDK_v3.7\galaxy_sdk\osal\lib\libosal_riscv.a(osal_task.c.o)
                0x20002c10                osal_create_task
 .text.osal_delete_task
                0x20002c38        0x4 F:\data\VeriSilicon\VeriHealthi_QEMU_SDK.202606_preliminary\V3.0-VeriHealthi_QEMU_SDK_v3.7\galaxy_sdk\osal\lib\libosal_riscv.a(osal_task.c.o)
                0x20002c38                osal_delete_task
 .text.osal_pre_start_scheduler
                0x20002c3c        0x2 F:\data\VeriSilicon\VeriHealthi_QEMU_SDK.202606_preliminary\V3.0-VeriHealthi_QEMU_SDK_v3.7\galaxy_sdk\osal\lib\libosal_riscv.a(osal_task.c.o)
                0x20002c3c                osal_pre_start_scheduler
 .text.osal_start_scheduler
                0x20002c3e        0x4 F:\data\VeriSilicon\VeriHealthi_QEMU_SDK.202606_preliminary\V3.0-VeriHealthi_QEMU_SDK_v3.7\galaxy_sdk\osal\lib\libosal_riscv.a(osal_task.c.o)
                0x20002c3e                osal_start_scheduler
 .text.osal_sleep
                0x20002c42       0x1a F:\data\VeriSilicon\VeriHealthi_QEMU_SDK.202606_preliminary\V3.0-VeriHealthi_QEMU_SDK_v3.7\galaxy_sdk\osal\lib\libosal_riscv.a(osal_task.c.o)
                0x20002c42                osal_sleep
 .text.osal_malloc
                0x20002c5c        0x4 F:\data\VeriSilicon\VeriHealthi_QEMU_SDK.202606_preliminary\V3.0-VeriHealthi_QEMU_SDK_v3.7\galaxy_sdk\osal\lib\libosal_riscv.a(osal_heap.c.o)
                0x20002c5c                osal_malloc
 .text.osal_free
                0x20002c60        0x4 F:\data\VeriSilicon\VeriHealthi_QEMU_SDK.202606_preliminary\V3.0-VeriHealthi_QEMU_SDK_v3.7\galaxy_sdk\osal\lib\libosal_riscv.a(osal_heap.c.o)
                0x20002c60                osal_free
 .text.osal_ms_to_tick
                0x20002c64       0x68 F:\data\VeriSilicon\VeriHealthi_QEMU_SDK.202606_preliminary\V3.0-VeriHealthi_QEMU_SDK_v3.7\galaxy_sdk\osal\lib\libosal_riscv.a(osal_time.c.o)
                0x20002c64                osal_ms_to_tick
 .text.osal_timer_common_cb
                0x20002ccc       0x1a F:\data\VeriSilicon\VeriHealthi_QEMU_SDK.202606_preliminary\V3.0-VeriHealthi_QEMU_SDK_v3.7\galaxy_sdk\osal\lib\libosal_riscv.a(osal_timer.c.o)
 .text.osal_timer_create
                0x20002ce6       0x6e F:\data\VeriSilicon\VeriHealthi_QEMU_SDK.202606_preliminary\V3.0-VeriHealthi_QEMU_SDK_v3.7\galaxy_sdk\osal\lib\libosal_riscv.a(osal_timer.c.o)
                0x20002ce6                osal_timer_create
 .text.osal_timer_start
                0x20002d54       0x3c F:\data\VeriSilicon\VeriHealthi_QEMU_SDK.202606_preliminary\V3.0-VeriHealthi_QEMU_SDK_v3.7\galaxy_sdk\osal\lib\libosal_riscv.a(osal_timer.c.o)
                0x20002d54                osal_timer_start
 .text.osal_timer_stop
                0x20002d90       0x30 F:\data\VeriSilicon\VeriHealthi_QEMU_SDK.202606_preliminary\V3.0-VeriHealthi_QEMU_SDK_v3.7\galaxy_sdk\osal\lib\libosal_riscv.a(osal_timer.c.o)
                0x20002d90                osal_timer_stop
 .text.osal_create_sem
                0x20002dc0       0x38 F:\data\VeriSilicon\VeriHealthi_QEMU_SDK.202606_preliminary\V3.0-VeriHealthi_QEMU_SDK_v3.7\galaxy_sdk\osal\lib\libosal_riscv.a(osal_semaphore.c.o)
                0x20002dc0                osal_create_sem
 .text.osal_sem_wait
                0x20002df8       0x28 F:\data\VeriSilicon\VeriHealthi_QEMU_SDK.202606_preliminary\V3.0-VeriHealthi_QEMU_SDK_v3.7\galaxy_sdk\osal\lib\libosal_riscv.a(osal_semaphore.c.o)
                0x20002df8                osal_sem_wait
 .text.osal_sem_post_isr
                0x20002e20       0x52 F:\data\VeriSilicon\VeriHealthi_QEMU_SDK.202606_preliminary\V3.0-VeriHealthi_QEMU_SDK_v3.7\galaxy_sdk\osal\lib\libosal_riscv.a(osal_semaphore.c.o)
                0x20002e20                osal_sem_post_isr
 .text.osal_get_task_name
                0x20002e72        0x6 F:\data\VeriSilicon\VeriHealthi_QEMU_SDK.202606_preliminary\V3.0-VeriHealthi_QEMU_SDK_v3.7\galaxy_sdk\osal\lib\libosal_riscv.a(osal_sys_state.c.o)
                0x20002e72                osal_get_task_name
 .text.prvAddNewTaskToReadyList
                0x20002e78      0x170 F:\data\VeriSilicon\VeriHealthi_QEMU_SDK.202606_preliminary\V3.0-VeriHealthi_QEMU_SDK_v3.7\galaxy_sdk\os\lib\libos_riscv.a(tasks.c.o)
 .text.prvAddCurrentTaskToDelayedList
                0x20002fe8       0xe0 F:\data\VeriSilicon\VeriHealthi_QEMU_SDK.202606_preliminary\V3.0-VeriHealthi_QEMU_SDK_v3.7\galaxy_sdk\os\lib\libos_riscv.a(tasks.c.o)
 .text.prvInitialiseNewTask.constprop.0
                0x200030c8       0xdc F:\data\VeriSilicon\VeriHealthi_QEMU_SDK.202606_preliminary\V3.0-VeriHealthi_QEMU_SDK_v3.7\galaxy_sdk\os\lib\libos_riscv.a(tasks.c.o)
 .text.prvIdleTask
                0x200031a4       0xd6 F:\data\VeriSilicon\VeriHealthi_QEMU_SDK.202606_preliminary\V3.0-VeriHealthi_QEMU_SDK_v3.7\galaxy_sdk\os\lib\libos_riscv.a(tasks.c.o)
 .text.xTaskCreateStatic
                0x2000327a       0x7c F:\data\VeriSilicon\VeriHealthi_QEMU_SDK.202606_preliminary\V3.0-VeriHealthi_QEMU_SDK_v3.7\galaxy_sdk\os\lib\libos_riscv.a(tasks.c.o)
                0x2000327a                xTaskCreateStatic
 .text.xTaskCreate
                0x200032f6       0x7c F:\data\VeriSilicon\VeriHealthi_QEMU_SDK.202606_preliminary\V3.0-VeriHealthi_QEMU_SDK_v3.7\galaxy_sdk\os\lib\libos_riscv.a(tasks.c.o)
                0x200032f6                xTaskCreate
 .text.vTaskDelete
                0x20003372      0x148 F:\data\VeriSilicon\VeriHealthi_QEMU_SDK.202606_preliminary\V3.0-VeriHealthi_QEMU_SDK_v3.7\galaxy_sdk\os\lib\libos_riscv.a(tasks.c.o)
                0x20003372                vTaskDelete
 .text.vTaskStartScheduler
                0x200034ba       0xa0 F:\data\VeriSilicon\VeriHealthi_QEMU_SDK.202606_preliminary\V3.0-VeriHealthi_QEMU_SDK_v3.7\galaxy_sdk\os\lib\libos_riscv.a(tasks.c.o)
                0x200034ba                vTaskStartScheduler
 .text.vTaskSuspendAll
                0x2000355a       0x10 F:\data\VeriSilicon\VeriHealthi_QEMU_SDK.202606_preliminary\V3.0-VeriHealthi_QEMU_SDK_v3.7\galaxy_sdk\os\lib\libos_riscv.a(tasks.c.o)
                0x2000355a                vTaskSuspendAll
 .text.xTaskGetTickCount
                0x2000356a       0x20 F:\data\VeriSilicon\VeriHealthi_QEMU_SDK.202606_preliminary\V3.0-VeriHealthi_QEMU_SDK_v3.7\galaxy_sdk\os\lib\libos_riscv.a(tasks.c.o)
                0x2000356a                xTaskGetTickCount
 .text.pcTaskGetName
                0x2000358a       0x28 F:\data\VeriSilicon\VeriHealthi_QEMU_SDK.202606_preliminary\V3.0-VeriHealthi_QEMU_SDK_v3.7\galaxy_sdk\os\lib\libos_riscv.a(tasks.c.o)
                0x2000358a                pcTaskGetName
 .text.xTaskIncrementTick
                0x200035b2      0x1b6 F:\data\VeriSilicon\VeriHealthi_QEMU_SDK.202606_preliminary\V3.0-VeriHealthi_QEMU_SDK_v3.7\galaxy_sdk\os\lib\libos_riscv.a(tasks.c.o)
                0x200035b2                xTaskIncrementTick
 .text.xTaskResumeAll.part.0
                0x20003768      0x154 F:\data\VeriSilicon\VeriHealthi_QEMU_SDK.202606_preliminary\V3.0-VeriHealthi_QEMU_SDK_v3.7\galaxy_sdk\os\lib\libos_riscv.a(tasks.c.o)
 .text.xTaskResumeAll
                0x200038bc       0x22 F:\data\VeriSilicon\VeriHealthi_QEMU_SDK.202606_preliminary\V3.0-VeriHealthi_QEMU_SDK_v3.7\galaxy_sdk\os\lib\libos_riscv.a(tasks.c.o)
                0x200038bc                xTaskResumeAll
 .text.vTaskDelay
                0x200038de       0xbc F:\data\VeriSilicon\VeriHealthi_QEMU_SDK.202606_preliminary\V3.0-VeriHealthi_QEMU_SDK_v3.7\galaxy_sdk\os\lib\libos_riscv.a(tasks.c.o)
                0x200038de                vTaskDelay
 .text.vTaskSwitchContext
                0x2000399a       0xf2 F:\data\VeriSilicon\VeriHealthi_QEMU_SDK.202606_preliminary\V3.0-VeriHealthi_QEMU_SDK_v3.7\galaxy_sdk\os\lib\libos_riscv.a(tasks.c.o)
                0x2000399a                vTaskSwitchContext
 .text.vTaskPlaceOnEventList
                0x20003a8c       0x3c F:\data\VeriSilicon\VeriHealthi_QEMU_SDK.202606_preliminary\V3.0-VeriHealthi_QEMU_SDK_v3.7\galaxy_sdk\os\lib\libos_riscv.a(tasks.c.o)
                0x20003a8c                vTaskPlaceOnEventList
 .text.vTaskPlaceOnEventListRestricted
                0x20003ac8       0x46 F:\data\VeriSilicon\VeriHealthi_QEMU_SDK.202606_preliminary\V3.0-VeriHealthi_QEMU_SDK_v3.7\galaxy_sdk\os\lib\libos_riscv.a(tasks.c.o)
                0x20003ac8                vTaskPlaceOnEventListRestricted
 .text.xTaskRemoveFromEventList
                0x20003b0e       0x9e F:\data\VeriSilicon\VeriHealthi_QEMU_SDK.202606_preliminary\V3.0-VeriHealthi_QEMU_SDK_v3.7\galaxy_sdk\os\lib\libos_riscv.a(tasks.c.o)
                0x20003b0e                xTaskRemoveFromEventList
 .text.vTaskInternalSetTimeOutState
                0x20003bac       0x16 F:\data\VeriSilicon\VeriHealthi_QEMU_SDK.202606_preliminary\V3.0-VeriHealthi_QEMU_SDK_v3.7\galaxy_sdk\os\lib\libos_riscv.a(tasks.c.o)
                0x20003bac                vTaskInternalSetTimeOutState
 .text.xTaskCheckForTimeOut
                0x20003bc2       0x9a F:\data\VeriSilicon\VeriHealthi_QEMU_SDK.202606_preliminary\V3.0-VeriHealthi_QEMU_SDK_v3.7\galaxy_sdk\os\lib\libos_riscv.a(tasks.c.o)
                0x20003bc2                xTaskCheckForTimeOut
 .text.vTaskMissedYield
                0x20003c5c        0xc F:\data\VeriSilicon\VeriHealthi_QEMU_SDK.202606_preliminary\V3.0-VeriHealthi_QEMU_SDK_v3.7\galaxy_sdk\os\lib\libos_riscv.a(tasks.c.o)
                0x20003c5c                vTaskMissedYield
 .text.xTaskGetSchedulerState
                0x20003c68       0x1c F:\data\VeriSilicon\VeriHealthi_QEMU_SDK.202606_preliminary\V3.0-VeriHealthi_QEMU_SDK_v3.7\galaxy_sdk\os\lib\libos_riscv.a(tasks.c.o)
                0x20003c68                xTaskGetSchedulerState
 .text.xTaskPriorityInherit
                0x20003c84       0xa4 F:\data\VeriSilicon\VeriHealthi_QEMU_SDK.202606_preliminary\V3.0-VeriHealthi_QEMU_SDK_v3.7\galaxy_sdk\os\lib\libos_riscv.a(tasks.c.o)
                0x20003c84                xTaskPriorityInherit
 .text.xTaskPriorityDisinherit
                0x20003d28       0xa0 F:\data\VeriSilicon\VeriHealthi_QEMU_SDK.202606_preliminary\V3.0-VeriHealthi_QEMU_SDK_v3.7\galaxy_sdk\os\lib\libos_riscv.a(tasks.c.o)
                0x20003d28                xTaskPriorityDisinherit
 .text.vTaskPriorityDisinheritAfterTimeout
                0x20003dc8       0xc6 F:\data\VeriSilicon\VeriHealthi_QEMU_SDK.202606_preliminary\V3.0-VeriHealthi_QEMU_SDK_v3.7\galaxy_sdk\os\lib\libos_riscv.a(tasks.c.o)
                0x20003dc8                vTaskPriorityDisinheritAfterTimeout
 .text.pvTaskIncrementMutexHeldCount
                0x20003e8e       0x1a F:\data\VeriSilicon\VeriHealthi_QEMU_SDK.202606_preliminary\V3.0-VeriHealthi_QEMU_SDK_v3.7\galaxy_sdk\os\lib\libos_riscv.a(tasks.c.o)
                0x20003e8e                pvTaskIncrementMutexHeldCount
 .text.prvCopyDataToQueue
                0x20003ea8       0xa0 F:\data\VeriSilicon\VeriHealthi_QEMU_SDK.202606_preliminary\V3.0-VeriHealthi_QEMU_SDK_v3.7\galaxy_sdk\os\lib\libos_riscv.a(queue.c.o)
 .text.prvNotifyQueueSetContainer
                0x20003f48       0xb8 F:\data\VeriSilicon\VeriHealthi_QEMU_SDK.202606_preliminary\V3.0-VeriHealthi_QEMU_SDK_v3.7\galaxy_sdk\os\lib\libos_riscv.a(queue.c.o)
 .text.prvUnlockQueue
                0x20004000       0xc4 F:\data\VeriSilicon\VeriHealthi_QEMU_SDK.202606_preliminary\V3.0-VeriHealthi_QEMU_SDK_v3.7\galaxy_sdk\os\lib\libos_riscv.a(queue.c.o)
 .text.xQueueGenericReset
                0x200040c4       0xbc F:\data\VeriSilicon\VeriHealthi_QEMU_SDK.202606_preliminary\V3.0-VeriHealthi_QEMU_SDK_v3.7\galaxy_sdk\os\lib\libos_riscv.a(queue.c.o)
                0x200040c4                xQueueGenericReset
 .text.xQueueGenericCreateStatic
                0x20004180       0xc6 F:\data\VeriSilicon\VeriHealthi_QEMU_SDK.202606_preliminary\V3.0-VeriHealthi_QEMU_SDK_v3.7\galaxy_sdk\os\lib\libos_riscv.a(queue.c.o)
                0x20004180                xQueueGenericCreateStatic
 .text.xQueueGenericCreate
                0x20004246       0xc2 F:\data\VeriSilicon\VeriHealthi_QEMU_SDK.202606_preliminary\V3.0-VeriHealthi_QEMU_SDK_v3.7\galaxy_sdk\os\lib\libos_riscv.a(queue.c.o)
                0x20004246                xQueueGenericCreate
 .text.xQueueGenericSend
                0x20004308      0x220 F:\data\VeriSilicon\VeriHealthi_QEMU_SDK.202606_preliminary\V3.0-VeriHealthi_QEMU_SDK_v3.7\galaxy_sdk\os\lib\libos_riscv.a(queue.c.o)
                0x20004308                xQueueGenericSend
 .text.xQueueGenericSendFromISR
                0x20004528      0x13c F:\data\VeriSilicon\VeriHealthi_QEMU_SDK.202606_preliminary\V3.0-VeriHealthi_QEMU_SDK_v3.7\galaxy_sdk\os\lib\libos_riscv.a(queue.c.o)
                0x20004528                xQueueGenericSendFromISR
 .text.xQueueGiveFromISR
                0x20004664       0xfc F:\data\VeriSilicon\VeriHealthi_QEMU_SDK.202606_preliminary\V3.0-VeriHealthi_QEMU_SDK_v3.7\galaxy_sdk\os\lib\libos_riscv.a(queue.c.o)
                0x20004664                xQueueGiveFromISR
 .text.xQueueReceive
                0x20004760      0x1ce F:\data\VeriSilicon\VeriHealthi_QEMU_SDK.202606_preliminary\V3.0-VeriHealthi_QEMU_SDK_v3.7\galaxy_sdk\os\lib\libos_riscv.a(queue.c.o)
                0x20004760                xQueueReceive
 .text.xQueueSemaphoreTake
                0x2000492e      0x208 F:\data\VeriSilicon\VeriHealthi_QEMU_SDK.202606_preliminary\V3.0-VeriHealthi_QEMU_SDK_v3.7\galaxy_sdk\os\lib\libos_riscv.a(queue.c.o)
                0x2000492e                xQueueSemaphoreTake
 .text.vQueueWaitForMessageRestricted
                0x20004b36       0x6c F:\data\VeriSilicon\VeriHealthi_QEMU_SDK.202606_preliminary\V3.0-VeriHealthi_QEMU_SDK_v3.7\galaxy_sdk\os\lib\libos_riscv.a(queue.c.o)
                0x20004b36                vQueueWaitForMessageRestricted
 .text.vListInitialise
                0x20004ba2       0x14 F:\data\VeriSilicon\VeriHealthi_QEMU_SDK.202606_preliminary\V3.0-VeriHealthi_QEMU_SDK_v3.7\galaxy_sdk\os\lib\libos_riscv.a(list.c.o)
                0x20004ba2                vListInitialise
 .text.vListInitialiseItem
                0x20004bb6        0x6 F:\data\VeriSilicon\VeriHealthi_QEMU_SDK.202606_preliminary\V3.0-VeriHealthi_QEMU_SDK_v3.7\galaxy_sdk\os\lib\libos_riscv.a(list.c.o)
                0x20004bb6                vListInitialiseItem
 .text.vListInsertEnd
                0x20004bbc       0x16 F:\data\VeriSilicon\VeriHealthi_QEMU_SDK.202606_preliminary\V3.0-VeriHealthi_QEMU_SDK_v3.7\galaxy_sdk\os\lib\libos_riscv.a(list.c.o)
                0x20004bbc                vListInsertEnd
 .text.vListInsert
                0x20004bd2       0x2e F:\data\VeriSilicon\VeriHealthi_QEMU_SDK.202606_preliminary\V3.0-VeriHealthi_QEMU_SDK_v3.7\galaxy_sdk\os\lib\libos_riscv.a(list.c.o)
                0x20004bd2                vListInsert
 .text.uxListRemove
                0x20004c00       0x2e F:\data\VeriSilicon\VeriHealthi_QEMU_SDK.202606_preliminary\V3.0-VeriHealthi_QEMU_SDK_v3.7\galaxy_sdk\os\lib\libos_riscv.a(list.c.o)
                0x20004c00                uxListRemove
 .text.prvCheckForValidListAndQueue
                0x20004c2e       0x7e F:\data\VeriSilicon\VeriHealthi_QEMU_SDK.202606_preliminary\V3.0-VeriHealthi_QEMU_SDK_v3.7\galaxy_sdk\os\lib\libos_riscv.a(timers.c.o)
 .text.xTimerCreateTimerTask
                0x20004cac       0x66 F:\data\VeriSilicon\VeriHealthi_QEMU_SDK.202606_preliminary\V3.0-VeriHealthi_QEMU_SDK_v3.7\galaxy_sdk\os\lib\libos_riscv.a(timers.c.o)
                0x20004cac                xTimerCreateTimerTask
 .text.xTimerCreate
                0x20004d12       0x7e F:\data\VeriSilicon\VeriHealthi_QEMU_SDK.202606_preliminary\V3.0-VeriHealthi_QEMU_SDK_v3.7\galaxy_sdk\os\lib\libos_riscv.a(timers.c.o)
                0x20004d12                xTimerCreate
 .text.xTimerGenericCommand
                0x20004d90       0x84 F:\data\VeriSilicon\VeriHealthi_QEMU_SDK.202606_preliminary\V3.0-VeriHealthi_QEMU_SDK_v3.7\galaxy_sdk\os\lib\libos_riscv.a(timers.c.o)
                0x20004d90                xTimerGenericCommand
 .text.prvSwitchTimerLists
                0x20004e14       0x96 F:\data\VeriSilicon\VeriHealthi_QEMU_SDK.202606_preliminary\V3.0-VeriHealthi_QEMU_SDK_v3.7\galaxy_sdk\os\lib\libos_riscv.a(timers.c.o)
 .text.prvTimerTask
                0x20004eaa      0x2bc F:\data\VeriSilicon\VeriHealthi_QEMU_SDK.202606_preliminary\V3.0-VeriHealthi_QEMU_SDK_v3.7\galaxy_sdk\os\lib\libos_riscv.a(timers.c.o)
 .text.pvTimerGetTimerID
                0x20005166       0x34 F:\data\VeriSilicon\VeriHealthi_QEMU_SDK.202606_preliminary\V3.0-VeriHealthi_QEMU_SDK_v3.7\galaxy_sdk\os\lib\libos_riscv.a(timers.c.o)
                0x20005166                pvTimerGetTimerID
 .text.prvInsertBlockIntoFreeList
                0x2000519a       0x62 F:\data\VeriSilicon\VeriHealthi_QEMU_SDK.202606_preliminary\V3.0-VeriHealthi_QEMU_SDK_v3.7\galaxy_sdk\os\lib\libos_riscv.a(heap_4.c.o)
 .text.pvPortMalloc
                0x200051fc      0x1a0 F:\data\VeriSilicon\VeriHealthi_QEMU_SDK.202606_preliminary\V3.0-VeriHealthi_QEMU_SDK_v3.7\galaxy_sdk\os\lib\libos_riscv.a(heap_4.c.o)
                0x200051fc                pvPortMalloc
 .text.vPortFree
                0x2000539c       0x8c F:\data\VeriSilicon\VeriHealthi_QEMU_SDK.202606_preliminary\V3.0-VeriHealthi_QEMU_SDK_v3.7\galaxy_sdk\os\lib\libos_riscv.a(heap_4.c.o)
                0x2000539c                vPortFree
 .text.atexit   0x20005428        0xc F:/Software/NucleiStudio_IDE/NucleiStudio/toolchain/gcc/bin/../lib/gcc/riscv64-unknown-elf/14.2.1/../../../../riscv64-unknown-elf/lib/rv32imafc_zaamo_zalrsc_xxldsp/ilp32f\libc_nano.a(libc_a-atexit.o)
                0x20005428                atexit
 .text.calloc   0x20005434        0xa F:/Software/NucleiStudio_IDE/NucleiStudio/toolchain/gcc/bin/../lib/gcc/riscv64-unknown-elf/14.2.1/../../../../riscv64-unknown-elf/lib/rv32imafc_zaamo_zalrsc_xxldsp/ilp32f\libc_nano.a(libc_a-calloc.o)
                0x20005434                calloc
 .text._calloc_r
                0x2000543e       0x34 F:/Software/NucleiStudio_IDE/NucleiStudio/toolchain/gcc/bin/../lib/gcc/riscv64-unknown-elf/14.2.1/../../../../riscv64-unknown-elf/lib/rv32imafc_zaamo_zalrsc_xxldsp/ilp32f\libc_nano.a(libc_a-callocr.o)
                0x2000543e                _calloc_r
 .text.malloc   0x20005472        0x8 F:/Software/NucleiStudio_IDE/NucleiStudio/toolchain/gcc/bin/../lib/gcc/riscv64-unknown-elf/14.2.1/../../../../riscv64-unknown-elf/lib/rv32imafc_zaamo_zalrsc_xxldsp/ilp32f\libc_nano.a(libc_a-malloc.o)
                0x20005472                malloc
 .text.free     0x2000547a        0xa F:/Software/NucleiStudio_IDE/NucleiStudio/toolchain/gcc/bin/../lib/gcc/riscv64-unknown-elf/14.2.1/../../../../riscv64-unknown-elf/lib/rv32imafc_zaamo_zalrsc_xxldsp/ilp32f\libc_nano.a(libc_a-malloc.o)
                0x2000547a                free
 .text.sbrk_aligned
                0x20005484       0x5e F:/Software/NucleiStudio_IDE/NucleiStudio/toolchain/gcc/bin/../lib/gcc/riscv64-unknown-elf/14.2.1/../../../../riscv64-unknown-elf/lib/rv32imafc_zaamo_zalrsc_xxldsp/ilp32f\libc_nano.a(libc_a-mallocr.o)
 .text._malloc_r
                0x200054e2      0x128 F:/Software/NucleiStudio_IDE/NucleiStudio/toolchain/gcc/bin/../lib/gcc/riscv64-unknown-elf/14.2.1/../../../../riscv64-unknown-elf/lib/rv32imafc_zaamo_zalrsc_xxldsp/ilp32f\libc_nano.a(libc_a-mallocr.o)
                0x200054e2                _malloc_r
 .text.__malloc_lock
                0x2000560a        0x2 F:/Software/NucleiStudio_IDE/NucleiStudio/toolchain/gcc/bin/../lib/gcc/riscv64-unknown-elf/14.2.1/../../../../riscv64-unknown-elf/lib/rv32imafc_zaamo_zalrsc_xxldsp/ilp32f\libc_nano.a(libc_a-mlock.o)
                0x2000560a                __malloc_lock
 .text.__malloc_unlock
                0x2000560c        0x2 F:/Software/NucleiStudio_IDE/NucleiStudio/toolchain/gcc/bin/../lib/gcc/riscv64-unknown-elf/14.2.1/../../../../riscv64-unknown-elf/lib/rv32imafc_zaamo_zalrsc_xxldsp/ilp32f\libc_nano.a(libc_a-mlock.o)
                0x2000560c                __malloc_unlock
 .text.__cvt    0x2000560e       0xfe F:/Software/NucleiStudio_IDE/NucleiStudio/toolchain/gcc/bin/../lib/gcc/riscv64-unknown-elf/14.2.1/../../../../riscv64-unknown-elf/lib/rv32imafc_zaamo_zalrsc_xxldsp/ilp32f\libc_nano.a(libc_a-nano-vfprintf_float.o)
                0x2000560e                __cvt
 .text.__exponent
                0x2000570c       0x9c F:/Software/NucleiStudio_IDE/NucleiStudio/toolchain/gcc/bin/../lib/gcc/riscv64-unknown-elf/14.2.1/../../../../riscv64-unknown-elf/lib/rv32imafc_zaamo_zalrsc_xxldsp/ilp32f\libc_nano.a(libc_a-nano-vfprintf_float.o)
                0x2000570c                __exponent
 .text._printf_float
                0x200057a8      0x4d2 F:/Software/NucleiStudio_IDE/NucleiStudio/toolchain/gcc/bin/../lib/gcc/riscv64-unknown-elf/14.2.1/../../../../riscv64-unknown-elf/lib/rv32imafc_zaamo_zalrsc_xxldsp/ilp32f\libc_nano.a(libc_a-nano-vfprintf_float.o)
                0x200057a8                _printf_float
 .text._printf_common
                0x20005c7a      0x112 F:/Software/NucleiStudio_IDE/NucleiStudio/toolchain/gcc/bin/../lib/gcc/riscv64-unknown-elf/14.2.1/../../../../riscv64-unknown-elf/lib/rv32imafc_zaamo_zalrsc_xxldsp/ilp32f\libc_nano.a(libc_a-nano-vfprintf_i.o)
                0x20005c7a                _printf_common
 .text._printf_i
                0x20005d8c      0x262 F:/Software/NucleiStudio_IDE/NucleiStudio/toolchain/gcc/bin/../lib/gcc/riscv64-unknown-elf/14.2.1/../../../../riscv64-unknown-elf/lib/rv32imafc_zaamo_zalrsc_xxldsp/ilp32f\libc_nano.a(libc_a-nano-vfprintf_i.o)
                0x20005d8c                _printf_i
 .text.printf   0x20005fee       0x2a F:/Software/NucleiStudio_IDE/NucleiStudio/toolchain/gcc/bin/../lib/gcc/riscv64-unknown-elf/14.2.1/../../../../riscv64-unknown-elf/lib/rv32imafc_zaamo_zalrsc_xxldsp/ilp32f\libc_nano.a(libc_a-printf.o)
                0x20005fee                iprintf
                0x20005fee                printf
 .text.vprintf  0x20006018        0xe F:/Software/NucleiStudio_IDE/NucleiStudio/toolchain/gcc/bin/../lib/gcc/riscv64-unknown-elf/14.2.1/../../../../riscv64-unknown-elf/lib/rv32imafc_zaamo_zalrsc_xxldsp/ilp32f\libc_nano.a(libc_a-vprintf.o)
                0x20006018                viprintf
                0x20006018                vprintf
 .text.memchr   0x20006026       0x1a F:/Software/NucleiStudio_IDE/NucleiStudio/toolchain/gcc/bin/../lib/gcc/riscv64-unknown-elf/14.2.1/../../../../riscv64-unknown-elf/lib/rv32imafc_zaamo_zalrsc_xxldsp/ilp32f\libc_nano.a(libc_a-memchr.o)
                0x20006026                memchr
 .text._localeconv_r
                0x20006040        0xa F:/Software/NucleiStudio_IDE/NucleiStudio/toolchain/gcc/bin/../lib/gcc/riscv64-unknown-elf/14.2.1/../../../../riscv64-unknown-elf/lib/rv32imafc_zaamo_zalrsc_xxldsp/ilp32f\libc_nano.a(libc_a-localeconv.o)
                0x20006040                _localeconv_r
 .text._sbrk_r  0x2000604a       0x30 F:/Software/NucleiStudio_IDE/NucleiStudio/toolchain/gcc/bin/../lib/gcc/riscv64-unknown-elf/14.2.1/../../../../riscv64-unknown-elf/lib/rv32imafc_zaamo_zalrsc_xxldsp/ilp32f\libc_nano.a(libc_a-sbrkr.o)
                0x2000604a                _sbrk_r
 .text.__libc_init_array
                0x2000607a       0x5e F:/Software/NucleiStudio_IDE/NucleiStudio/toolchain/gcc/bin/../lib/gcc/riscv64-unknown-elf/14.2.1/../../../../riscv64-unknown-elf/lib/rv32imafc_zaamo_zalrsc_xxldsp/ilp32f\libc_nano.a(libc_a-init.o)
                0x2000607a                __libc_init_array
 .text.__libc_fini_array
                0x200060d8       0x36 F:/Software/NucleiStudio_IDE/NucleiStudio/toolchain/gcc/bin/../lib/gcc/riscv64-unknown-elf/14.2.1/../../../../riscv64-unknown-elf/lib/rv32imafc_zaamo_zalrsc_xxldsp/ilp32f\libc_nano.a(libc_a-fini.o)
                0x200060d8                __libc_fini_array
 *fill*         0x2000610e        0x2 
 .text          0x20006110       0xaa F:/Software/NucleiStudio_IDE/NucleiStudio/toolchain/gcc/bin/../lib/gcc/riscv64-unknown-elf/14.2.1/../../../../riscv64-unknown-elf/lib/rv32imafc_zaamo_zalrsc_xxldsp/ilp32f\libc_nano.a(libc_a-memset.o)
                0x20006110                memset
 *fill*         0x200061ba        0x2 
 .text.memcpy   0x200061bc       0xea F:/Software/NucleiStudio_IDE/NucleiStudio/toolchain/gcc/bin/../lib/gcc/riscv64-unknown-elf/14.2.1/../../../../riscv64-unknown-elf/lib/rv32imafc_zaamo_zalrsc_xxldsp/ilp32f\libc_nano.a(libc_a-memcpy.o)
                0x200061bc                memcpy
 *fill*         0x200062a6        0x2 
 .text.strlen   0x200062a8       0x12 F:/Software/NucleiStudio_IDE/NucleiStudio/toolchain/gcc/bin/../lib/gcc/riscv64-unknown-elf/14.2.1/../../../../riscv64-unknown-elf/lib/rv32imafc_zaamo_zalrsc_xxldsp/ilp32f\libc_nano.a(libc_a-strlen.o)
                0x200062a8                strlen
 .text.__register_exitproc
                0x200062ba       0x80 F:/Software/NucleiStudio_IDE/NucleiStudio/toolchain/gcc/bin/../lib/gcc/riscv64-unknown-elf/14.2.1/../../../../riscv64-unknown-elf/lib/rv32imafc_zaamo_zalrsc_xxldsp/ilp32f\libc_nano.a(libc_a-__atexit.o)
                0x200062ba                __register_exitproc
 .text.quorem   0x2000633a      0x134 F:/Software/NucleiStudio_IDE/NucleiStudio/toolchain/gcc/bin/../lib/gcc/riscv64-unknown-elf/14.2.1/../../../../riscv64-unknown-elf/lib/rv32imafc_zaamo_zalrsc_xxldsp/ilp32f\libc_nano.a(libc_a-dtoa.o)
 .text._dtoa_r  0x2000646e      0xbf0 F:/Software/NucleiStudio_IDE/NucleiStudio/toolchain/gcc/bin/../lib/gcc/riscv64-unknown-elf/14.2.1/../../../../riscv64-unknown-elf/lib/rv32imafc_zaamo_zalrsc_xxldsp/ilp32f\libc_nano.a(libc_a-dtoa.o)
                0x2000646e                _dtoa_r
 .text._free_r  0x2000705e       0xa6 F:/Software/NucleiStudio_IDE/NucleiStudio/toolchain/gcc/bin/../lib/gcc/riscv64-unknown-elf/14.2.1/../../../../riscv64-unknown-elf/lib/rv32imafc_zaamo_zalrsc_xxldsp/ilp32f\libc_nano.a(libc_a-freer.o)
                0x2000705e                _free_r
 .text._Balloc  0x20007104       0xa2 F:/Software/NucleiStudio_IDE/NucleiStudio/toolchain/gcc/bin/../lib/gcc/riscv64-unknown-elf/14.2.1/../../../../riscv64-unknown-elf/lib/rv32imafc_zaamo_zalrsc_xxldsp/ilp32f\libc_nano.a(libc_a-mprec.o)
                0x20007104                _Balloc
 .text._Bfree   0x200071a6       0x60 F:/Software/NucleiStudio_IDE/NucleiStudio/toolchain/gcc/bin/../lib/gcc/riscv64-unknown-elf/14.2.1/../../../../riscv64-unknown-elf/lib/rv32imafc_zaamo_zalrsc_xxldsp/ilp32f\libc_nano.a(libc_a-mprec.o)
                0x200071a6                _Bfree
 .text.__multadd
                0x20007206       0xbe F:/Software/NucleiStudio_IDE/NucleiStudio/toolchain/gcc/bin/../lib/gcc/riscv64-unknown-elf/14.2.1/../../../../riscv64-unknown-elf/lib/rv32imafc_zaamo_zalrsc_xxldsp/ilp32f\libc_nano.a(libc_a-mprec.o)
                0x20007206                __multadd
 .text.__hi0bits
                0x200072c4       0x46 F:/Software/NucleiStudio_IDE/NucleiStudio/toolchain/gcc/bin/../lib/gcc/riscv64-unknown-elf/14.2.1/../../../../riscv64-unknown-elf/lib/rv32imafc_zaamo_zalrsc_xxldsp/ilp32f\libc_nano.a(libc_a-mprec.o)
                0x200072c4                __hi0bits
 .text.__lo0bits
                0x2000730a       0x6a F:/Software/NucleiStudio_IDE/NucleiStudio/toolchain/gcc/bin/../lib/gcc/riscv64-unknown-elf/14.2.1/../../../../riscv64-unknown-elf/lib/rv32imafc_zaamo_zalrsc_xxldsp/ilp32f\libc_nano.a(libc_a-mprec.o)
                0x2000730a                __lo0bits
 .text.__i2b    0x20007374       0x38 F:/Software/NucleiStudio_IDE/NucleiStudio/toolchain/gcc/bin/../lib/gcc/riscv64-unknown-elf/14.2.1/../../../../riscv64-unknown-elf/lib/rv32imafc_zaamo_zalrsc_xxldsp/ilp32f\libc_nano.a(libc_a-mprec.o)
                0x20007374                __i2b
 .text.__multiply
                0x200073ac      0x17e F:/Software/NucleiStudio_IDE/NucleiStudio/toolchain/gcc/bin/../lib/gcc/riscv64-unknown-elf/14.2.1/../../../../riscv64-unknown-elf/lib/rv32imafc_zaamo_zalrsc_xxldsp/ilp32f\libc_nano.a(libc_a-mprec.o)
                0x200073ac                __multiply
 .text.__pow5mult
                0x2000752a       0xe2 F:/Software/NucleiStudio_IDE/NucleiStudio/toolchain/gcc/bin/../lib/gcc/riscv64-unknown-elf/14.2.1/../../../../riscv64-unknown-elf/lib/rv32imafc_zaamo_zalrsc_xxldsp/ilp32f\libc_nano.a(libc_a-mprec.o)
                0x2000752a                __pow5mult
 .text.__lshift
                0x2000760c      0x104 F:/Software/NucleiStudio_IDE/NucleiStudio/toolchain/gcc/bin/../lib/gcc/riscv64-unknown-elf/14.2.1/../../../../riscv64-unknown-elf/lib/rv32imafc_zaamo_zalrsc_xxldsp/ilp32f\libc_nano.a(libc_a-mprec.o)
                0x2000760c                __lshift
 .text.__mcmp   0x20007710       0x36 F:/Software/NucleiStudio_IDE/NucleiStudio/toolchain/gcc/bin/../lib/gcc/riscv64-unknown-elf/14.2.1/../../../../riscv64-unknown-elf/lib/rv32imafc_zaamo_zalrsc_xxldsp/ilp32f\libc_nano.a(libc_a-mprec.o)
                0x20007710                __mcmp
 .text.__mdiff  0x20007746      0x174 F:/Software/NucleiStudio_IDE/NucleiStudio/toolchain/gcc/bin/../lib/gcc/riscv64-unknown-elf/14.2.1/../../../../riscv64-unknown-elf/lib/rv32imafc_zaamo_zalrsc_xxldsp/ilp32f\libc_nano.a(libc_a-mprec.o)
                0x20007746                __mdiff
 .text.__d2b    0x200078ba       0xe0 F:/Software/NucleiStudio_IDE/NucleiStudio/toolchain/gcc/bin/../lib/gcc/riscv64-unknown-elf/14.2.1/../../../../riscv64-unknown-elf/lib/rv32imafc_zaamo_zalrsc_xxldsp/ilp32f\libc_nano.a(libc_a-mprec.o)
                0x200078ba                __d2b
 .text.__sfputc_r
                0x2000799a       0x28 F:/Software/NucleiStudio_IDE/NucleiStudio/toolchain/gcc/bin/../lib/gcc/riscv64-unknown-elf/14.2.1/../../../../riscv64-unknown-elf/lib/rv32imafc_zaamo_zalrsc_xxldsp/ilp32f\libc_nano.a(libc_a-nano-vfprintf.o)
 .text.__sfputs_r
                0x200079c2       0x44 F:/Software/NucleiStudio_IDE/NucleiStudio/toolchain/gcc/bin/../lib/gcc/riscv64-unknown-elf/14.2.1/../../../../riscv64-unknown-elf/lib/rv32imafc_zaamo_zalrsc_xxldsp/ilp32f\libc_nano.a(libc_a-nano-vfprintf.o)
                0x200079c2                __sfputs_r
 .text._vfprintf_r
                0x20007a06      0x278 F:/Software/NucleiStudio_IDE/NucleiStudio/toolchain/gcc/bin/../lib/gcc/riscv64-unknown-elf/14.2.1/../../../../riscv64-unknown-elf/lib/rv32imafc_zaamo_zalrsc_xxldsp/ilp32f\libc_nano.a(libc_a-nano-vfprintf.o)
                0x20007a06                _vfprintf_r
                0x20007a06                _vfiprintf_r
 .text.std      0x20007c7e       0x6a F:/Software/NucleiStudio_IDE/NucleiStudio/toolchain/gcc/bin/../lib/gcc/riscv64-unknown-elf/14.2.1/../../../../riscv64-unknown-elf/lib/rv32imafc_zaamo_zalrsc_xxldsp/ilp32f\libc_nano.a(libc_a-findfp.o)
 .text.stdio_exit_handler
                0x20007ce8       0x1a F:/Software/NucleiStudio_IDE/NucleiStudio/toolchain/gcc/bin/../lib/gcc/riscv64-unknown-elf/14.2.1/../../../../riscv64-unknown-elf/lib/rv32imafc_zaamo_zalrsc_xxldsp/ilp32f\libc_nano.a(libc_a-findfp.o)
 .text.cleanup_stdio
                0x20007d02       0x4a F:/Software/NucleiStudio_IDE/NucleiStudio/toolchain/gcc/bin/../lib/gcc/riscv64-unknown-elf/14.2.1/../../../../riscv64-unknown-elf/lib/rv32imafc_zaamo_zalrsc_xxldsp/ilp32f\libc_nano.a(libc_a-findfp.o)
 .text.global_stdio_init.part.0
                0x20007d4c       0x48 F:/Software/NucleiStudio_IDE/NucleiStudio/toolchain/gcc/bin/../lib/gcc/riscv64-unknown-elf/14.2.1/../../../../riscv64-unknown-elf/lib/rv32imafc_zaamo_zalrsc_xxldsp/ilp32f\libc_nano.a(libc_a-findfp.o)
 .text.__sinit  0x20007d94       0x1e F:/Software/NucleiStudio_IDE/NucleiStudio/toolchain/gcc/bin/../lib/gcc/riscv64-unknown-elf/14.2.1/../../../../riscv64-unknown-elf/lib/rv32imafc_zaamo_zalrsc_xxldsp/ilp32f\libc_nano.a(libc_a-findfp.o)
                0x20007d94                __sinit
 .text._fwalk_sglue
                0x20007db2       0x68 F:/Software/NucleiStudio_IDE/NucleiStudio/toolchain/gcc/bin/../lib/gcc/riscv64-unknown-elf/14.2.1/../../../../riscv64-unknown-elf/lib/rv32imafc_zaamo_zalrsc_xxldsp/ilp32f\libc_nano.a(libc_a-fwalk.o)
                0x20007db2                _fwalk_sglue
 .text.__sread  0x20007e1a       0x30 F:/Software/NucleiStudio_IDE/NucleiStudio/toolchain/gcc/bin/../lib/gcc/riscv64-unknown-elf/14.2.1/../../../../riscv64-unknown-elf/lib/rv32imafc_zaamo_zalrsc_xxldsp/ilp32f\libc_nano.a(libc_a-stdio.o)
                0x20007e1a                __sread
 .text.__swrite
                0x20007e4a       0x4e F:/Software/NucleiStudio_IDE/NucleiStudio/toolchain/gcc/bin/../lib/gcc/riscv64-unknown-elf/14.2.1/../../../../riscv64-unknown-elf/lib/rv32imafc_zaamo_zalrsc_xxldsp/ilp32f\libc_nano.a(libc_a-stdio.o)
                0x20007e4a                __swrite
 .text.__sseek  0x20007e98       0x36 F:/Software/NucleiStudio_IDE/NucleiStudio/toolchain/gcc/bin/../lib/gcc/riscv64-unknown-elf/14.2.1/../../../../riscv64-unknown-elf/lib/rv32imafc_zaamo_zalrsc_xxldsp/ilp32f\libc_nano.a(libc_a-stdio.o)
                0x20007e98                __sseek
 .text.__sclose
                0x20007ece        0x6 F:/Software/NucleiStudio_IDE/NucleiStudio/toolchain/gcc/bin/../lib/gcc/riscv64-unknown-elf/14.2.1/../../../../riscv64-unknown-elf/lib/rv32imafc_zaamo_zalrsc_xxldsp/ilp32f\libc_nano.a(libc_a-stdio.o)
                0x20007ece                __sclose
 .text.__swbuf_r
                0x20007ed4       0x98 F:/Software/NucleiStudio_IDE/NucleiStudio/toolchain/gcc/bin/../lib/gcc/riscv64-unknown-elf/14.2.1/../../../../riscv64-unknown-elf/lib/rv32imafc_zaamo_zalrsc_xxldsp/ilp32f\libc_nano.a(libc_a-wbuf.o)
                0x20007ed4                __swbuf_r
 .text.__swsetup_r
                0x20007f6c       0xc2 F:/Software/NucleiStudio_IDE/NucleiStudio/toolchain/gcc/bin/../lib/gcc/riscv64-unknown-elf/14.2.1/../../../../riscv64-unknown-elf/lib/rv32imafc_zaamo_zalrsc_xxldsp/ilp32f\libc_nano.a(libc_a-wsetup.o)
                0x20007f6c                __swsetup_r
 .text._close_r
                0x2000802e       0x30 F:/Software/NucleiStudio_IDE/NucleiStudio/toolchain/gcc/bin/../lib/gcc/riscv64-unknown-elf/14.2.1/../../../../riscv64-unknown-elf/lib/rv32imafc_zaamo_zalrsc_xxldsp/ilp32f\libc_nano.a(libc_a-closer.o)
                0x2000802e                _close_r
 .text._lseek_r
                0x2000805e       0x34 F:/Software/NucleiStudio_IDE/NucleiStudio/toolchain/gcc/bin/../lib/gcc/riscv64-unknown-elf/14.2.1/../../../../riscv64-unknown-elf/lib/rv32imafc_zaamo_zalrsc_xxldsp/ilp32f\libc_nano.a(libc_a-lseekr.o)
                0x2000805e                _lseek_r
 .text._read_r  0x20008092       0x34 F:/Software/NucleiStudio_IDE/NucleiStudio/toolchain/gcc/bin/../lib/gcc/riscv64-unknown-elf/14.2.1/../../../../riscv64-unknown-elf/lib/rv32imafc_zaamo_zalrsc_xxldsp/ilp32f\libc_nano.a(libc_a-readr.o)
                0x20008092                _read_r
 .text._write_r
                0x200080c6       0x34 F:/Software/NucleiStudio_IDE/NucleiStudio/toolchain/gcc/bin/../lib/gcc/riscv64-unknown-elf/14.2.1/../../../../riscv64-unknown-elf/lib/rv32imafc_zaamo_zalrsc_xxldsp/ilp32f\libc_nano.a(libc_a-writer.o)
                0x200080c6                _write_r
 .text.__assert_func
                0x200080fa       0x36 F:/Software/NucleiStudio_IDE/NucleiStudio/toolchain/gcc/bin/../lib/gcc/riscv64-unknown-elf/14.2.1/../../../../riscv64-unknown-elf/lib/rv32imafc_zaamo_zalrsc_xxldsp/ilp32f\libc_nano.a(libc_a-assert.o)
                0x200080fa                __assert_func
 .text.__ascii_mbtowc
                0x20008130       0x3a F:/Software/NucleiStudio_IDE/NucleiStudio/toolchain/gcc/bin/../lib/gcc/riscv64-unknown-elf/14.2.1/../../../../riscv64-unknown-elf/lib/rv32imafc_zaamo_zalrsc_xxldsp/ilp32f\libc_nano.a(libc_a-mbtowc_r.o)
                0x20008130                __ascii_mbtowc
 .text.__ascii_wctomb
                0x2000816a       0x20 F:/Software/NucleiStudio_IDE/NucleiStudio/toolchain/gcc/bin/../lib/gcc/riscv64-unknown-elf/14.2.1/../../../../riscv64-unknown-elf/lib/rv32imafc_zaamo_zalrsc_xxldsp/ilp32f\libc_nano.a(libc_a-wctomb_r.o)
                0x2000816a                __ascii_wctomb
 .text.__sflush_r
                0x2000818a      0x130 F:/Software/NucleiStudio_IDE/NucleiStudio/toolchain/gcc/bin/../lib/gcc/riscv64-unknown-elf/14.2.1/../../../../riscv64-unknown-elf/lib/rv32imafc_zaamo_zalrsc_xxldsp/ilp32f\libc_nano.a(libc_a-fflush.o)
                0x2000818a                __sflush_r
 .text._fflush_r
                0x200082ba       0x3a F:/Software/NucleiStudio_IDE/NucleiStudio/toolchain/gcc/bin/../lib/gcc/riscv64-unknown-elf/14.2.1/../../../../riscv64-unknown-elf/lib/rv32imafc_zaamo_zalrsc_xxldsp/ilp32f\libc_nano.a(libc_a-fflush.o)
                0x200082ba                _fflush_r
 .text.fprintf  0x200082f4       0x26 F:/Software/NucleiStudio_IDE/NucleiStudio/toolchain/gcc/bin/../lib/gcc/riscv64-unknown-elf/14.2.1/../../../../riscv64-unknown-elf/lib/rv32imafc_zaamo_zalrsc_xxldsp/ilp32f\libc_nano.a(libc_a-fprintf.o)
                0x200082f4                fiprintf
                0x200082f4                fprintf
 .text.__swhatbuf_r
                0x2000831a       0x5a F:/Software/NucleiStudio_IDE/NucleiStudio/toolchain/gcc/bin/../lib/gcc/riscv64-unknown-elf/14.2.1/../../../../riscv64-unknown-elf/lib/rv32imafc_zaamo_zalrsc_xxldsp/ilp32f\libc_nano.a(libc_a-makebuf.o)
                0x2000831a                __swhatbuf_r
 .text.__smakebuf_r
                0x20008374       0x86 F:/Software/NucleiStudio_IDE/NucleiStudio/toolchain/gcc/bin/../lib/gcc/riscv64-unknown-elf/14.2.1/../../../../riscv64-unknown-elf/lib/rv32imafc_zaamo_zalrsc_xxldsp/ilp32f\libc_nano.a(libc_a-makebuf.o)
                0x20008374                __smakebuf_r
 .text._fstat_r
                0x200083fa       0x32 F:/Software/NucleiStudio_IDE/NucleiStudio/toolchain/gcc/bin/../lib/gcc/riscv64-unknown-elf/14.2.1/../../../../riscv64-unknown-elf/lib/rv32imafc_zaamo_zalrsc_xxldsp/ilp32f\libc_nano.a(libc_a-fstatr.o)
                0x200083fa                _fstat_r
 .text._isatty_r
                0x2000842c       0x30 F:/Software/NucleiStudio_IDE/NucleiStudio/toolchain/gcc/bin/../lib/gcc/riscv64-unknown-elf/14.2.1/../../../../riscv64-unknown-elf/lib/rv32imafc_zaamo_zalrsc_xxldsp/ilp32f\libc_nano.a(libc_a-isattyr.o)
                0x2000842c                _isatty_r
 .text.abort    0x2000845c        0xe F:/Software/NucleiStudio_IDE/NucleiStudio/toolchain/gcc/bin/../lib/gcc/riscv64-unknown-elf/14.2.1/../../../../riscv64-unknown-elf/lib/rv32imafc_zaamo_zalrsc_xxldsp/ilp32f\libc_nano.a(libc_a-abort.o)
                0x2000845c                abort
 .text._raise_r
                0x2000846a       0x5e F:/Software/NucleiStudio_IDE/NucleiStudio/toolchain/gcc/bin/../lib/gcc/riscv64-unknown-elf/14.2.1/../../../../riscv64-unknown-elf/lib/rv32imafc_zaamo_zalrsc_xxldsp/ilp32f\libc_nano.a(libc_a-signal.o)
                0x2000846a                _raise_r
 .text.raise    0x200084c8        0xa F:/Software/NucleiStudio_IDE/NucleiStudio/toolchain/gcc/bin/../lib/gcc/riscv64-unknown-elf/14.2.1/../../../../riscv64-unknown-elf/lib/rv32imafc_zaamo_zalrsc_xxldsp/ilp32f\libc_nano.a(libc_a-signal.o)
                0x200084c8                raise
 .text._kill_r  0x200084d2       0x32 F:/Software/NucleiStudio_IDE/NucleiStudio/toolchain/gcc/bin/../lib/gcc/riscv64-unknown-elf/14.2.1/../../../../riscv64-unknown-elf/lib/rv32imafc_zaamo_zalrsc_xxldsp/ilp32f\libc_nano.a(libc_a-signalr.o)
                0x200084d2                _kill_r
 .text._getpid_r
                0x20008504        0x4 F:/Software/NucleiStudio_IDE/NucleiStudio/toolchain/gcc/bin/../lib/gcc/riscv64-unknown-elf/14.2.1/../../../../riscv64-unknown-elf/lib/rv32imafc_zaamo_zalrsc_xxldsp/ilp32f\libc_nano.a(libc_a-signalr.o)
                0x20008504                _getpid_r
 .text          0x20008508      0x372 F:/Software/NucleiStudio_IDE/NucleiStudio/toolchain/gcc/bin/../lib/gcc/riscv64-unknown-elf/14.2.1/rv32imafc_zaamo_zalrsc_xxldsp/ilp32f\libgcc.a(_udivdi3.o)
                0x20008508                __udivdi3
 .text          0x2000887a      0x35c F:/Software/NucleiStudio_IDE/NucleiStudio/toolchain/gcc/bin/../lib/gcc/riscv64-unknown-elf/14.2.1/rv32imafc_zaamo_zalrsc_xxldsp/ilp32f\libgcc.a(_umoddi3.o)
                0x2000887a                __umoddi3
 .text          0x20008bd6      0x824 F:/Software/NucleiStudio_IDE/NucleiStudio/toolchain/gcc/bin/../lib/gcc/riscv64-unknown-elf/14.2.1/rv32imafc_zaamo_zalrsc_xxldsp/ilp32f\libgcc.a(adddf3.o)
                0x20008bd6                __adddf3
 .text          0x200093fa      0x68c F:/Software/NucleiStudio_IDE/NucleiStudio/toolchain/gcc/bin/../lib/gcc/riscv64-unknown-elf/14.2.1/rv32imafc_zaamo_zalrsc_xxldsp/ilp32f\libgcc.a(divdf3.o)
                0x200093fa                __divdf3
 .text          0x20009a86       0xa8 F:/Software/NucleiStudio_IDE/NucleiStudio/toolchain/gcc/bin/../lib/gcc/riscv64-unknown-elf/14.2.1/rv32imafc_zaamo_zalrsc_xxldsp/ilp32f\libgcc.a(eqdf2.o)
                0x20009a86                __nedf2
                0x20009a86                __eqdf2
 .text          0x20009b2e       0xae F:/Software/NucleiStudio_IDE/NucleiStudio/toolchain/gcc/bin/../lib/gcc/riscv64-unknown-elf/14.2.1/rv32imafc_zaamo_zalrsc_xxldsp/ilp32f\libgcc.a(gedf2.o)
                0x20009b2e                __gedf2
                0x20009b2e                __gtdf2
 .text          0x20009bdc       0xae F:/Software/NucleiStudio_IDE/NucleiStudio/toolchain/gcc/bin/../lib/gcc/riscv64-unknown-elf/14.2.1/rv32imafc_zaamo_zalrsc_xxldsp/ilp32f\libgcc.a(ledf2.o)
                0x20009bdc                __ledf2
                0x20009bdc                __ltdf2
 .text          0x20009c8a      0x586 F:/Software/NucleiStudio_IDE/NucleiStudio/toolchain/gcc/bin/../lib/gcc/riscv64-unknown-elf/14.2.1/rv32imafc_zaamo_zalrsc_xxldsp/ilp32f\libgcc.a(muldf3.o)
                0x20009c8a                __muldf3
 .text          0x2000a210      0x82e F:/Software/NucleiStudio_IDE/NucleiStudio/toolchain/gcc/bin/../lib/gcc/riscv64-unknown-elf/14.2.1/rv32imafc_zaamo_zalrsc_xxldsp/ilp32f\libgcc.a(subdf3.o)
                0x2000a210                __subdf3
 .text          0x2000aa3e       0x6a F:/Software/NucleiStudio_IDE/NucleiStudio/toolchain/gcc/bin/../lib/gcc/riscv64-unknown-elf/14.2.1/rv32imafc_zaamo_zalrsc_xxldsp/ilp32f\libgcc.a(unorddf2.o)
                0x2000aa3e                __unorddf2
 .text          0x2000aaa8       0xbe F:/Software/NucleiStudio_IDE/NucleiStudio/toolchain/gcc/bin/../lib/gcc/riscv64-unknown-elf/14.2.1/rv32imafc_zaamo_zalrsc_xxldsp/ilp32f\libgcc.a(fixdfsi.o)
                0x2000aaa8                __fixdfsi
 .text          0x2000ab66       0x64 F:/Software/NucleiStudio_IDE/NucleiStudio/toolchain/gcc/bin/../lib/gcc/riscv64-unknown-elf/14.2.1/rv32imafc_zaamo_zalrsc_xxldsp/ilp32f\libgcc.a(floatsidf.o)
                0x2000ab66                __floatsidf
 .text          0x2000abca       0x4c F:/Software/NucleiStudio_IDE/NucleiStudio/toolchain/gcc/bin/../lib/gcc/riscv64-unknown-elf/14.2.1/rv32imafc_zaamo_zalrsc_xxldsp/ilp32f\libgcc.a(floatunsidf.o)
                0x2000abca                __floatunsidf
 .text          0x2000ac16      0x36a F:/Software/NucleiStudio_IDE/NucleiStudio/toolchain/gcc/bin/../lib/gcc/riscv64-unknown-elf/14.2.1/rv32imafc_zaamo_zalrsc_xxldsp/ilp32f\libgcc.a(trunctfdf2.o)
                0x2000ac16                __trunctfdf2
 .text          0x2000af80       0x3c F:/Software/NucleiStudio_IDE/NucleiStudio/toolchain/gcc/bin/../lib/gcc/riscv64-unknown-elf/14.2.1/rv32imafc_zaamo_zalrsc_xxldsp/ilp32f\libgcc.a(_clzsi2.o)
                0x2000af80                __clzsi2
 .text._getpid  0x2000afbc        0x4 F:/Software/NucleiStudio_IDE/NucleiStudio/toolchain/gcc/bin/../lib/gcc/riscv64-unknown-elf/14.2.1/../../../../riscv64-unknown-elf/lib/rv32imafc_zaamo_zalrsc_xxldsp/ilp32f\libsemihost.a(riscv_libsemihost_a-sys_getpid.o)
                0x2000afbc                _getpid
 .text._kill    0x2000afc0       0x12 F:/Software/NucleiStudio_IDE/NucleiStudio/toolchain/gcc/bin/../lib/gcc/riscv64-unknown-elf/14.2.1/../../../../riscv64-unknown-elf/lib/rv32imafc_zaamo_zalrsc_xxldsp/ilp32f\libsemihost.a(riscv_libsemihost_a-sys_kill.o)
                0x2000afc0                _kill
 *fill*         0x2000afd2        0xe 
 .text._close   0x2000afe0       0x6a F:/Software/NucleiStudio_IDE/NucleiStudio/toolchain/gcc/bin/../lib/gcc/riscv64-unknown-elf/14.2.1/../../../../riscv64-unknown-elf/lib/rv32imafc_zaamo_zalrsc_xxldsp/ilp32f\libsemihost.a(riscv_libsemihost_a-semihost-sys_close.o)
                0x2000afe0                _close
 *fill*         0x2000b04a        0x6 
 .text.__semihost_syscall
                0x2000b050       0x12 F:/Software/NucleiStudio_IDE/NucleiStudio/toolchain/gcc/bin/../lib/gcc/riscv64-unknown-elf/14.2.1/../../../../riscv64-unknown-elf/lib/rv32imafc_zaamo_zalrsc_xxldsp/ilp32f\libsemihost.a(riscv_libsemihost_a-semihost-sys_exit.o)
 .text._exit    0x2000b062       0x2a F:/Software/NucleiStudio_IDE/NucleiStudio/toolchain/gcc/bin/../lib/gcc/riscv64-unknown-elf/14.2.1/../../../../riscv64-unknown-elf/lib/rv32imafc_zaamo_zalrsc_xxldsp/ilp32f\libsemihost.a(riscv_libsemihost_a-semihost-sys_exit.o)
                0x2000b062                _exit
 .text.__add_fdentry
                0x2000b08c       0x42 F:/Software/NucleiStudio_IDE/NucleiStudio/toolchain/gcc/bin/../lib/gcc/riscv64-unknown-elf/14.2.1/../../../../riscv64-unknown-elf/lib/rv32imafc_zaamo_zalrsc_xxldsp/ilp32f\libsemihost.a(riscv_libsemihost_a-semihost-sys_fdtable.o)
                0x2000b08c                __add_fdentry
 .text.__get_fdentry
                0x2000b0ce       0x2e F:/Software/NucleiStudio_IDE/NucleiStudio/toolchain/gcc/bin/../lib/gcc/riscv64-unknown-elf/14.2.1/../../../../riscv64-unknown-elf/lib/rv32imafc_zaamo_zalrsc_xxldsp/ilp32f\libsemihost.a(riscv_libsemihost_a-semihost-sys_fdtable.o)
                0x2000b0ce                __get_fdentry
 .text.__remove_fdentry
                0x2000b0fc       0x12 F:/Software/NucleiStudio_IDE/NucleiStudio/toolchain/gcc/bin/../lib/gcc/riscv64-unknown-elf/14.2.1/../../../../riscv64-unknown-elf/lib/rv32imafc_zaamo_zalrsc_xxldsp/ilp32f\libsemihost.a(riscv_libsemihost_a-semihost-sys_fdtable.o)
                0x2000b0fc                __remove_fdentry
 .text._fstat   0x2000b10e       0x22 F:/Software/NucleiStudio_IDE/NucleiStudio/toolchain/gcc/bin/../lib/gcc/riscv64-unknown-elf/14.2.1/../../../../riscv64-unknown-elf/lib/rv32imafc_zaamo_zalrsc_xxldsp/ilp32f\libsemihost.a(riscv_libsemihost_a-semihost-sys_fstat.o)
                0x2000b10e                _fstat
 *fill*         0x2000b130        0x0 
 .text._isatty  0x2000b130       0x64 F:/Software/NucleiStudio_IDE/NucleiStudio/toolchain/gcc/bin/../lib/gcc/riscv64-unknown-elf/14.2.1/../../../../riscv64-unknown-elf/lib/rv32imafc_zaamo_zalrsc_xxldsp/ilp32f\libsemihost.a(riscv_libsemihost_a-semihost-sys_isatty.o)
                0x2000b130                _isatty
 *fill*         0x2000b194        0xc 
 .text._lseek   0x2000b1a0       0xd8 F:/Software/NucleiStudio_IDE/NucleiStudio/toolchain/gcc/bin/../lib/gcc/riscv64-unknown-elf/14.2.1/../../../../riscv64-unknown-elf/lib/rv32imafc_zaamo_zalrsc_xxldsp/ilp32f\libsemihost.a(riscv_libsemihost_a-semihost-sys_lseek.o)
                0x2000b1a0                _lseek
 *fill*         0x2000b278        0x8 
 .text._open    0x2000b280       0xc2 F:/Software/NucleiStudio_IDE/NucleiStudio/toolchain/gcc/bin/../lib/gcc/riscv64-unknown-elf/14.2.1/../../../../riscv64-unknown-elf/lib/rv32imafc_zaamo_zalrsc_xxldsp/ilp32f\libsemihost.a(riscv_libsemihost_a-semihost-sys_open.o)
                0x2000b280                _open
 *fill*         0x2000b342        0xe 
 .text._read    0x2000b350       0x70 F:/Software/NucleiStudio_IDE/NucleiStudio/toolchain/gcc/bin/../lib/gcc/riscv64-unknown-elf/14.2.1/../../../../riscv64-unknown-elf/lib/rv32imafc_zaamo_zalrsc_xxldsp/ilp32f\libsemihost.a(riscv_libsemihost_a-semihost-sys_read.o)
                0x2000b350                _read
 .text._sbrk    0x2000b3c0       0x24 F:/Software/NucleiStudio_IDE/NucleiStudio/toolchain/gcc/bin/../lib/gcc/riscv64-unknown-elf/14.2.1/../../../../riscv64-unknown-elf/lib/rv32imafc_zaamo_zalrsc_xxldsp/ilp32f\libsemihost.a(riscv_libsemihost_a-semihost-sys_sbrk.o)
                0x2000b3c0                _sbrk
 *fill*         0x2000b3e4        0xc 
 .text.__stat_common
                0x2000b3f0       0x6c F:/Software/NucleiStudio_IDE/NucleiStudio/toolchain/gcc/bin/../lib/gcc/riscv64-unknown-elf/14.2.1/../../../../riscv64-unknown-elf/lib/rv32imafc_zaamo_zalrsc_xxldsp/ilp32f\libsemihost.a(riscv_libsemihost_a-semihost-sys_stat_common.o)
                0x2000b3f0                __stat_common
 *fill*         0x2000b45c        0x4 
 .text._write   0x2000b460       0x6a F:/Software/NucleiStudio_IDE/NucleiStudio/toolchain/gcc/bin/../lib/gcc/riscv64-unknown-elf/14.2.1/../../../../riscv64-unknown-elf/lib/rv32imafc_zaamo_zalrsc_xxldsp/ilp32f\libsemihost.a(riscv_libsemihost_a-semihost-sys_write.o)
                0x2000b460                _write
 .text.__errno  0x2000b4ca        0x6 F:/Software/NucleiStudio_IDE/NucleiStudio/toolchain/gcc/bin/../lib/gcc/riscv64-unknown-elf/14.2.1/../../../../riscv64-unknown-elf/lib/rv32imafc_zaamo_zalrsc_xxldsp/ilp32f\libc_nano.a(libc_a-errno.o)
                0x2000b4ca                __errno
 *(.gnu.linkonce.t.*)
                0x2000b4d0                        . = ALIGN (0x8)
 *fill*         0x2000b4d0        0x0 
 *(.srodata.cst16)
 *(.srodata.cst8)
 .srodata.cst8  0x2000b4d0       0x50 F:/Software/NucleiStudio_IDE/NucleiStudio/toolchain/gcc/bin/../lib/gcc/riscv64-unknown-elf/14.2.1/../../../../riscv64-unknown-elf/lib/rv32imafc_zaamo_zalrsc_xxldsp/ilp32f\libc_nano.a(libc_a-nano-vfprintf_float.o)
                                  0x8 (size before relaxing)
 .srodata.cst8  0x2000b520       0x48 F:/Software/NucleiStudio_IDE/NucleiStudio/toolchain/gcc/bin/../lib/gcc/riscv64-unknown-elf/14.2.1/../../../../riscv64-unknown-elf/lib/rv32imafc_zaamo_zalrsc_xxldsp/ilp32f\libc_nano.a(libc_a-dtoa.o)
 *(.srodata.cst4)
 *(.srodata.cst2)
 *(.srodata .srodata.*)
 .srodata.qemu_board_name
                0x2000b520        0x5 ./galaxy_sdk/bsp/src/qemu_board.o
 *fill*         0x2000b525        0x3 
 .srodata.uxTopUsedPriority
                0x2000b528        0x4 F:\data\VeriSilicon\VeriHealthi_QEMU_SDK.202606_preliminary\V3.0-VeriHealthi_QEMU_SDK_v3.7\galaxy_sdk\os\lib\libos_riscv.a(tasks.c.o)
                0x2000b528                uxTopUsedPriority
 *(.rdata)
 *(.rodata .rodata.*)
 .rodata.qemu_board_ops
                0x2000b52c        0xc ./galaxy_sdk/bsp/src/qemu_board.o
                0x2000b52c                qemu_board_ops
 .rodata.imu_sensor_config
                0x2000b538        0xc ./galaxy_sdk/bsp/src/qemu_board.o
 .rodata.task_init_app.str1.4
                0x2000b544      0xae4 ./galaxy_sdk/main.o
                                 0x89 (size before relaxing)
 .rodata.task_imu_interrupt.part.0.str1.4
                0x2000c028      0x22e ./galaxy_sdk/main.o
 .rodata.task_imu_interrupt.str1.4
                0x2000c028       0x44 ./galaxy_sdk/main.o
 .rodata.main.str1.4
                0x2000c028       0x2d ./galaxy_sdk/main.o
 .rodata.vApplicationStackOverflowHook.str1.4
                0x2000c028       0x1d F:\data\VeriSilicon\VeriHealthi_QEMU_SDK.202606_preliminary\V3.0-VeriHealthi_QEMU_SDK_v3.7\galaxy_sdk\bsp\lib\libbsp_riscv.a(port.c.o)
 .rodata.vApplicationMallocFailedHook.str1.4
                0x2000c028        0xe F:\data\VeriSilicon\VeriHealthi_QEMU_SDK.202606_preliminary\V3.0-VeriHealthi_QEMU_SDK_v3.7\galaxy_sdk\bsp\lib\libbsp_riscv.a(port.c.o)
 .rodata.system_default_exception_handler.str1.4
                0x2000c028       0x71 F:\data\VeriSilicon\VeriHealthi_QEMU_SDK.202606_preliminary\V3.0-VeriHealthi_QEMU_SDK_v3.7\galaxy_sdk\bsp\lib\libbsp_riscv.a(system_pegasus.c.o)
 .rodata.timer_handler.str1.4
                0x2000c028       0x3e F:\data\VeriSilicon\VeriHealthi_QEMU_SDK.202606_preliminary\V3.0-VeriHealthi_QEMU_SDK_v3.7\galaxy_sdk\drivers\lib\libdriver_riscv.a(imu_simulator.c.o)
 .rodata.bmi160_set_gyro_cfg.str1.4
                0x2000c028       0x44 F:\data\VeriSilicon\VeriHealthi_QEMU_SDK.202606_preliminary\V3.0-VeriHealthi_QEMU_SDK_v3.7\galaxy_sdk\drivers\lib\libdriver_riscv.a(imu_simulator.c.o)
 .rodata.bmi160_set_accel_cfg.str1.4
                0x2000c028       0x45 F:\data\VeriSilicon\VeriHealthi_QEMU_SDK.202606_preliminary\V3.0-VeriHealthi_QEMU_SDK_v3.7\galaxy_sdk\drivers\lib\libdriver_riscv.a(imu_simulator.c.o)
 .rodata.bmi160_set_accel_cfg
                0x2000c028       0x20 F:\data\VeriSilicon\VeriHealthi_QEMU_SDK.202606_preliminary\V3.0-VeriHealthi_QEMU_SDK_v3.7\galaxy_sdk\drivers\lib\libdriver_riscv.a(imu_simulator.c.o)
 .rodata.bmi160_init.str1.4
                0x2000c048       0x39 F:\data\VeriSilicon\VeriHealthi_QEMU_SDK.202606_preliminary\V3.0-VeriHealthi_QEMU_SDK_v3.7\galaxy_sdk\drivers\lib\libdriver_riscv.a(imu_simulator.c.o)
 .rodata.bmi160_set_suspend_mode.str1.4
                0x2000c048       0x23 F:\data\VeriSilicon\VeriHealthi_QEMU_SDK.202606_preliminary\V3.0-VeriHealthi_QEMU_SDK_v3.7\galaxy_sdk\drivers\lib\libdriver_riscv.a(imu_simulator.c.o)
 .rodata.bmi160_set_suspend_mode
                0x2000c048       0x18 F:\data\VeriSilicon\VeriHealthi_QEMU_SDK.202606_preliminary\V3.0-VeriHealthi_QEMU_SDK_v3.7\galaxy_sdk\drivers\lib\libdriver_riscv.a(imu_simulator.c.o)
 .rodata.bmi160_set_normal_mode.str1.4
                0x2000c060       0x70 F:\data\VeriSilicon\VeriHealthi_QEMU_SDK.202606_preliminary\V3.0-VeriHealthi_QEMU_SDK_v3.7\galaxy_sdk\drivers\lib\libdriver_riscv.a(imu_simulator.c.o)
 .rodata.bmi160_set_normal_mode
                0x2000c060       0x18 F:\data\VeriSilicon\VeriHealthi_QEMU_SDK.202606_preliminary\V3.0-VeriHealthi_QEMU_SDK_v3.7\galaxy_sdk\drivers\lib\libdriver_riscv.a(imu_simulator.c.o)
 .rodata.bmi160_get_fifo_data.str1.4
                0x2000c078       0x39 F:\data\VeriSilicon\VeriHealthi_QEMU_SDK.202606_preliminary\V3.0-VeriHealthi_QEMU_SDK_v3.7\galaxy_sdk\drivers\lib\libdriver_riscv.a(imu_simulator.c.o)
 .rodata.bmi160_fifo_parsing_gyro_accel.str1.4
                0x2000c078      0x1b7 F:\data\VeriSilicon\VeriHealthi_QEMU_SDK.202606_preliminary\V3.0-VeriHealthi_QEMU_SDK_v3.7\galaxy_sdk\drivers\lib\libdriver_riscv.a(imu_simulator.c.o)
 .rodata.bmi160_fifo_parsing_accel.str1.4
                0x2000c078      0x196 F:\data\VeriSilicon\VeriHealthi_QEMU_SDK.202606_preliminary\V3.0-VeriHealthi_QEMU_SDK_v3.7\galaxy_sdk\drivers\lib\libdriver_riscv.a(imu_simulator.c.o)
 .rodata.imu_simulator_ops
                0x2000c078       0x84 F:\data\VeriSilicon\VeriHealthi_QEMU_SDK.202606_preliminary\V3.0-VeriHealthi_QEMU_SDK_v3.7\galaxy_sdk\drivers\lib\libdriver_riscv.a(imu_simulator.c.o)
                0x2000c078                imu_simulator_ops
 .rodata.imu_simu_data
                0x2000c0fc    0x4ed30 F:\data\VeriSilicon\VeriHealthi_QEMU_SDK.202606_preliminary\V3.0-VeriHealthi_QEMU_SDK_v3.7\galaxy_sdk\drivers\lib\libdriver_riscv.a(imu_simulator.c.o)
 .rodata.uart_printf.str1.4
                0x2005ae2c        0x2 F:\data\VeriSilicon\VeriHealthi_QEMU_SDK.202606_preliminary\V3.0-VeriHealthi_QEMU_SDK_v3.7\galaxy_sdk\modules\lib\libcommon_riscv.a(uart_printf.c.o)
 .rodata.vpi_timer_create.str1.4
                0x2005ae2c       0x2b F:\data\VeriSilicon\VeriHealthi_QEMU_SDK.202606_preliminary\V3.0-VeriHealthi_QEMU_SDK_v3.7\galaxy_sdk\modules\lib\libcommon_riscv.a(sw_timer_os.c.o)
 .rodata.vpi_timer_start.str1.4
                0x2005ae2c       0x11 F:\data\VeriSilicon\VeriHealthi_QEMU_SDK.202606_preliminary\V3.0-VeriHealthi_QEMU_SDK_v3.7\galaxy_sdk\modules\lib\libcommon_riscv.a(sw_timer_os.c.o)
 .rodata.vpi_timer_stop.str1.4
                0x2005ae2c       0x10 F:\data\VeriSilicon\VeriHealthi_QEMU_SDK.202606_preliminary\V3.0-VeriHealthi_QEMU_SDK_v3.7\galaxy_sdk\modules\lib\libcommon_riscv.a(sw_timer_os.c.o)
 .rodata.CSWTCH.14
                0x2005ae2c       0x40 F:\data\VeriSilicon\VeriHealthi_QEMU_SDK.202606_preliminary\V3.0-VeriHealthi_QEMU_SDK_v3.7\galaxy_sdk\modules\lib\libcommon_riscv.a(vpi_error.c.o)
 .rodata.vTaskStartScheduler.str1.4
                0x2005ae6c        0x9 F:\data\VeriSilicon\VeriHealthi_QEMU_SDK.202606_preliminary\V3.0-VeriHealthi_QEMU_SDK_v3.7\galaxy_sdk\os\lib\libos_riscv.a(tasks.c.o)
 .rodata.xTimerCreateTimerTask.str1.4
                0x2005ae6c        0xa F:\data\VeriSilicon\VeriHealthi_QEMU_SDK.202606_preliminary\V3.0-VeriHealthi_QEMU_SDK_v3.7\galaxy_sdk\os\lib\libos_riscv.a(timers.c.o)
 .rodata.prvTimerTask
                0x2005ae6c       0x28 F:\data\VeriSilicon\VeriHealthi_QEMU_SDK.202606_preliminary\V3.0-VeriHealthi_QEMU_SDK_v3.7\galaxy_sdk\os\lib\libos_riscv.a(timers.c.o)
 .rodata._printf_float.str1.4
                0x2005ae94       0x12 F:/Software/NucleiStudio_IDE/NucleiStudio/toolchain/gcc/bin/../lib/gcc/riscv64-unknown-elf/14.2.1/../../../../riscv64-unknown-elf/lib/rv32imafc_zaamo_zalrsc_xxldsp/ilp32f\libc_nano.a(libc_a-nano-vfprintf_float.o)
 .rodata._printf_i.str1.4
                0x2005ae94       0x25 F:/Software/NucleiStudio_IDE/NucleiStudio/toolchain/gcc/bin/../lib/gcc/riscv64-unknown-elf/14.2.1/../../../../riscv64-unknown-elf/lib/rv32imafc_zaamo_zalrsc_xxldsp/ilp32f\libc_nano.a(libc_a-nano-vfprintf_i.o)
 .rodata._printf_i
                0x2005ae94       0x58 F:/Software/NucleiStudio_IDE/NucleiStudio/toolchain/gcc/bin/../lib/gcc/riscv64-unknown-elf/14.2.1/../../../../riscv64-unknown-elf/lib/rv32imafc_zaamo_zalrsc_xxldsp/ilp32f\libc_nano.a(libc_a-nano-vfprintf_i.o)
 .rodata._dtoa_r.str1.4
                0x2005aeec       0x8d F:/Software/NucleiStudio_IDE/NucleiStudio/toolchain/gcc/bin/../lib/gcc/riscv64-unknown-elf/14.2.1/../../../../riscv64-unknown-elf/lib/rv32imafc_zaamo_zalrsc_xxldsp/ilp32f\libc_nano.a(libc_a-dtoa.o)
 .rodata._Balloc.str1.4
                0x2005aeec       0x68 F:/Software/NucleiStudio_IDE/NucleiStudio/toolchain/gcc/bin/../lib/gcc/riscv64-unknown-elf/14.2.1/../../../../riscv64-unknown-elf/lib/rv32imafc_zaamo_zalrsc_xxldsp/ilp32f\libc_nano.a(libc_a-mprec.o)
 .rodata.__multadd.str1.4
                0x2005aeec       0x11 F:/Software/NucleiStudio_IDE/NucleiStudio/toolchain/gcc/bin/../lib/gcc/riscv64-unknown-elf/14.2.1/../../../../riscv64-unknown-elf/lib/rv32imafc_zaamo_zalrsc_xxldsp/ilp32f\libc_nano.a(libc_a-mprec.o)
 .rodata.p05.0  0x2005aeec        0xc F:/Software/NucleiStudio_IDE/NucleiStudio/toolchain/gcc/bin/../lib/gcc/riscv64-unknown-elf/14.2.1/../../../../riscv64-unknown-elf/lib/rv32imafc_zaamo_zalrsc_xxldsp/ilp32f\libc_nano.a(libc_a-mprec.o)
 .rodata.__mprec_bigtens
                0x2005aef8       0x28 F:/Software/NucleiStudio_IDE/NucleiStudio/toolchain/gcc/bin/../lib/gcc/riscv64-unknown-elf/14.2.1/../../../../riscv64-unknown-elf/lib/rv32imafc_zaamo_zalrsc_xxldsp/ilp32f\libc_nano.a(libc_a-mprec.o)
                0x2005aef8                __mprec_bigtens
 .rodata.__mprec_tens
                0x2005af20       0xc8 F:/Software/NucleiStudio_IDE/NucleiStudio/toolchain/gcc/bin/../lib/gcc/riscv64-unknown-elf/14.2.1/../../../../riscv64-unknown-elf/lib/rv32imafc_zaamo_zalrsc_xxldsp/ilp32f\libc_nano.a(libc_a-mprec.o)
                0x2005af20                __mprec_tens
 .rodata._vfprintf_r.str1.4
                0x2005afe8       0x13 F:/Software/NucleiStudio_IDE/NucleiStudio/toolchain/gcc/bin/../lib/gcc/riscv64-unknown-elf/14.2.1/../../../../riscv64-unknown-elf/lib/rv32imafc_zaamo_zalrsc_xxldsp/ilp32f\libc_nano.a(libc_a-nano-vfprintf.o)
 .rodata._setlocale_r.str1.4
                0x2005afe8        0xd F:/Software/NucleiStudio_IDE/NucleiStudio/toolchain/gcc/bin/../lib/gcc/riscv64-unknown-elf/14.2.1/../../../../riscv64-unknown-elf/lib/rv32imafc_zaamo_zalrsc_xxldsp/ilp32f\libc_nano.a(libc_a-locale.o)
 .rodata.str1.4
                0x2005afe8        0x2 F:/Software/NucleiStudio_IDE/NucleiStudio/toolchain/gcc/bin/../lib/gcc/riscv64-unknown-elf/14.2.1/../../../../riscv64-unknown-elf/lib/rv32imafc_zaamo_zalrsc_xxldsp/ilp32f\libc_nano.a(libc_a-locale.o)
 .rodata.__assert_func.str1.4
                0x2005afe8       0x43 F:/Software/NucleiStudio_IDE/NucleiStudio/toolchain/gcc/bin/../lib/gcc/riscv64-unknown-elf/14.2.1/../../../../riscv64-unknown-elf/lib/rv32imafc_zaamo_zalrsc_xxldsp/ilp32f\libc_nano.a(libc_a-assert.o)
 .rodata._ctype_
                0x2005afe8      0x101 F:/Software/NucleiStudio_IDE/NucleiStudio/toolchain/gcc/bin/../lib/gcc/riscv64-unknown-elf/14.2.1/../../../../riscv64-unknown-elf/lib/rv32imafc_zaamo_zalrsc_xxldsp/ilp32f\libc_nano.a(libc_a-ctype_.o)
                0x2005afe8                _ctype_
 *fill*         0x2005b0e9        0x3 
 .rodata        0x2005b0ec       0x3c F:/Software/NucleiStudio_IDE/NucleiStudio/toolchain/gcc/bin/../lib/gcc/riscv64-unknown-elf/14.2.1/rv32imafc_zaamo_zalrsc_xxldsp/ilp32f\libgcc.a(divdf3.o)
 .rodata        0x2005b128      0x100 F:/Software/NucleiStudio_IDE/NucleiStudio/toolchain/gcc/bin/../lib/gcc/riscv64-unknown-elf/14.2.1/rv32imafc_zaamo_zalrsc_xxldsp/ilp32f\libgcc.a(_clz.o)
                0x2005b128                __clz_tab
 .rodata.init_semihosting.str1.4
                0x2005b228        0x4 F:/Software/NucleiStudio_IDE/NucleiStudio/toolchain/gcc/bin/../lib/gcc/riscv64-unknown-elf/14.2.1/../../../../riscv64-unknown-elf/lib/rv32imafc_zaamo_zalrsc_xxldsp/ilp32f\libsemihost.a(riscv_libsemihost_a-semihost-sys_fdtable.o)
 *(.gnu.linkonce.r.*)
                0x2005b22c                        . = ALIGN (0x4)
                0x2005b228                        __rt_init_start = .
 *(SORT_BY_NAME(.rti_fn*))
                0x2005b228                        __rt_init_end = .
                0x2005b22c                        . = ALIGN (0x4)
                0x2005b228                        __fsymtab_start = .
 *(FSymTab)
                0x2005b228                        __fsymtab_end = .
                0x2005b22c                        . = ALIGN (0x4)
                0x2005b228                        __vsymtab_start = .
 *(VSymTab)
                0x2005b228                        __vsymtab_end = .
                0x2005b22c                        . = ALIGN (0x4)
 *libble*.a:*(.text*)
                0x2005b228                        __init_start = .
                0x2005b228                        __init_PRE_KERNEL_1_start = .
 *(SORT_BY_NAME(.z_init_PRE_KERNEL_1[0-9]_*))
 *(SORT_BY_NAME(.z_init_PRE_KERNEL_1[1-9][0-9]_*))
                0x2005b228                        __init_PRE_KERNEL_2_start = .
 *(SORT_BY_NAME(.z_init_PRE_KERNEL_2[0-9]_*))
 *(SORT_BY_NAME(.z_init_PRE_KERNEL_2[1-9][0-9]_*))
                0x2005b228                        __init_POST_KERNEL_start = .
 *(SORT_BY_NAME(.z_init_POST_KERNEL[0-9]_*))
 *(SORT_BY_NAME(.z_init_POST_KERNEL[1-9][0-9]_*))
                0x2005b228                        __init_APPLICATION_start = .
 *(SORT_BY_NAME(.z_init_APPLICATION[0-9]_*))
 *(SORT_BY_NAME(.z_init_APPLICATION[1-9][0-9]_*))
                0x2005b228                        __init_end = .

.nonxip_text    0x2005b228       0x3a
 .nonxip_text   0x2005b228       0x18 ./galaxy_sdk/bsp/src/qemu_board.o
 .nonxip_text   0x2005b240       0x22 F:\data\VeriSilicon\VeriHealthi_QEMU_SDK.202606_preliminary\V3.0-VeriHealthi_QEMU_SDK_v3.7\galaxy_sdk\bsp\lib\libbsp_riscv.a(arch_api.c.o)
                0x2005b240                cpu_sleep

.riscv.jvt      0x2005b262        0x0
 .riscv.jvt     0x2005b262        0x0 F:/Software/NucleiStudio_IDE/NucleiStudio/toolchain/gcc/bin/../lib/gcc/riscv64-unknown-elf/14.2.1/../../../../riscv64-unknown-elf/lib/rv32imafc_zaamo_zalrsc_xxldsp/ilp32f\libc_nano.a(libc_a-errno.o)

.rela.dyn       0x2005b264        0x0
 .rela.text.irq
                0x2005b264        0x0 ./galaxy_sdk/drivers/src/hal_imu.o
 .rela.init     0x2005b264        0x0 ./galaxy_sdk/drivers/src/hal_imu.o
 .rela.text.__libc_init_array
                0x2005b264        0x0 ./galaxy_sdk/drivers/src/hal_imu.o
 .rela.text.__libc_fini_array
                0x2005b264        0x0 ./galaxy_sdk/drivers/src/hal_imu.o
 .rela.text.__register_exitproc
                0x2005b264        0x0 ./galaxy_sdk/drivers/src/hal_imu.o
 .rela.text._vfprintf_r
                0x2005b264        0x0 ./galaxy_sdk/drivers/src/hal_imu.o
 .rela.text._sbrk
                0x2005b264        0x0 ./galaxy_sdk/drivers/src/hal_imu.o

.fini
 *(SORT_NONE(.fini))

.preinit_array  0x2005b262        0x0
                0x2005b262                        PROVIDE (__preinit_array_start = .)
 *(.preinit_array)
                0x2005b262                        PROVIDE (__preinit_array_end = .)

.init_array     0x2005b264        0x4
                0x2005b264                        PROVIDE (__init_array_start = .)
 *(SORT_BY_INIT_PRIORITY(.init_array.*) SORT_BY_INIT_PRIORITY(.ctors.*))
 *(.init_array EXCLUDE_FILE(*crtend?.o *crtend.o *crtbegin?.o *crtbegin.o) .ctors)
 .init_array    0x2005b264        0x4 F:/Software/NucleiStudio_IDE/NucleiStudio/toolchain/gcc/bin/../lib/gcc/riscv64-unknown-elf/14.2.1/../../../../riscv64-unknown-elf/lib/rv32imafc_zaamo_zalrsc_xxldsp/ilp32f\libsemihost.a(riscv_libsemihost_a-semihost-sys_fdtable.o)
                0x2005b268                        PROVIDE (__init_array_end = .)

.fini_array     0x2005b268        0x0
                0x2005b268                        PROVIDE (__fini_array_start = .)
 *(SORT_BY_INIT_PRIORITY(.fini_array.*) SORT_BY_INIT_PRIORITY(.dtors.*))
 *(.fini_array EXCLUDE_FILE(*crtend?.o *crtend.o *crtbegin?.o *crtbegin.o) .dtors)
                0x2005b268                        PROVIDE (__fini_array_end = .)

.ctors
 *crtbegin.o(.ctors)
 *crtbegin?.o(.ctors)
 *(EXCLUDE_FILE(*crtend?.o *crtend.o) .ctors)
 *(SORT_BY_NAME(.ctors.*))
 *(.ctors)

.dtors
 *crtbegin.o(.dtors)
 *crtbegin?.o(.dtors)
 *(EXCLUDE_FILE(*crtend?.o *crtend.o) .dtors)
 *(SORT_BY_NAME(.dtors.*))
 *(.dtors)
                [!provide]                        PROVIDE (_ilm_lma = LOADADDR (.text))
                [!provide]                        PROVIDE (_ilm = ADDR (.text))
                [!provide]                        PROVIDE (_eilm = .)
                0x20000340                        PROVIDE (_text_lma = LOADADDR (.text))
                0x20000340                        PROVIDE (_text = ADDR (.text))
                0x2005b268                        PROVIDE (_etext = .)
                [!provide]                        PROVIDE (__etext = .)
                [!provide]                        PROVIDE (etext = .)

.data           0x90000000      0x230 load address 0x2005b268
 *(.data.ctest*)
 *(.data .data.*)
 .data.imu_dev_list
                0x90000000       0x2c ./galaxy_sdk/bsp/src/qemu_board.o
 .data.imu_data
                0x9000002c        0xc F:\data\VeriSilicon\VeriHealthi_QEMU_SDK.202606_preliminary\V3.0-VeriHealthi_QEMU_SDK_v3.7\galaxy_sdk\drivers\lib\libdriver_riscv.a(imu_simulator.c.o)
 .data.imu_fifo
                0x90000038       0x14 F:\data\VeriSilicon\VeriHealthi_QEMU_SDK.202606_preliminary\V3.0-VeriHealthi_QEMU_SDK_v3.7\galaxy_sdk\drivers\lib\libdriver_riscv.a(imu_simulator.c.o)
 .data.imu_cfg  0x9000004c        0xc F:\data\VeriSilicon\VeriHealthi_QEMU_SDK.202606_preliminary\V3.0-VeriHealthi_QEMU_SDK_v3.7\galaxy_sdk\drivers\lib\libdriver_riscv.a(imu_simulator.c.o)
 .data._impure_data
                0x90000058       0x4c F:/Software/NucleiStudio_IDE/NucleiStudio/toolchain/gcc/bin/../lib/gcc/riscv64-unknown-elf/14.2.1/../../../../riscv64-unknown-elf/lib/rv32imafc_zaamo_zalrsc_xxldsp/ilp32f\libc_nano.a(libc_a-impure.o)
                0x90000058                _impure_data
 .data.__sglue  0x900000a4        0xc F:/Software/NucleiStudio_IDE/NucleiStudio/toolchain/gcc/bin/../lib/gcc/riscv64-unknown-elf/14.2.1/../../../../riscv64-unknown-elf/lib/rv32imafc_zaamo_zalrsc_xxldsp/ilp32f\libc_nano.a(libc_a-findfp.o)
                0x900000a4                __sglue
 .data.__global_locale
                0x900000b0      0x16c F:/Software/NucleiStudio_IDE/NucleiStudio/toolchain/gcc/bin/../lib/gcc/riscv64-unknown-elf/14.2.1/../../../../riscv64-unknown-elf/lib/rv32imafc_zaamo_zalrsc_xxldsp/ilp32f\libc_nano.a(libc_a-locale.o)
                0x900000b0                __global_locale
 *(.gnu.linkonce.d.*)
                0x9000021c                        . = ALIGN (0x4)
                0x9000021c                        _net_buf_pool_list = .
                0x9000021c                        _net_buf_pool_list_start = .
 *(._net_buf_pool.*)
                0x9000021c                        _net_buf_pool_list_end = .
                0x9000021c                        . = ALIGN (0x4)
                0x9000021c                        _k_queue_list_start = .
 *(._k_queue.static.*)
                0x9000021c                        _k_queue_list_end = .
                0x9000021c                        . = ALIGN (0x4)
                0x9000021c                        _k_mem_slab_list_start = .
 *(._k_mem_slab.static.*)
                0x9000021c                        _k_mem_slab_list_end = .
                0x9000021c                        . = ALIGN (0x4)
                0x9000021c                        _bt_gatt_service_static_list_start = .
 *(._bt_gatt_service_static.static.*)
                0x9000021c                        _bt_gatt_service_static_list_end = .
                0x9000021c                        . = ALIGN (0x4)
                0x9000021c                        _bt_l2cap_fixed_chan_list_start = .
 *(._bt_l2cap_fixed_chan.static.*)
                0x9000021c                        _bt_l2cap_fixed_chan_list_end = .
                0x9000021c                        . = ALIGN (0x4)
                0x9000021c                        _settings_handler_static_list_start = .
 *(._settings_handler_static.static.*)
                0x9000021c                        _settings_handler_static_list_end = .
                0x9000021c                        . = ALIGN (0x4)
                0x9000021c                        _k_sem_list_start = .
 *(._k_sem.static.*)
                0x9000021c                        _k_sem_list_end = .
                0x9000021c                        . = ALIGN (0x4)
                0x9000021c                        _k_mutex_list_start = .
 *(._k_mutex.static.*)
                0x9000021c                        _k_mutex_list_end = .
                0x9000021c                        . = ALIGN (0x4)
                0x9000021c                        _bt_conn_cb_list_start = .
 *(._bt_conn_cb.static.*)
                0x9000021c                        _bt_conn_cb_list_end = .
                0x90000220                        . = ALIGN (0x8)
 *fill*         0x9000021c        0x4 
                0x90000a20                        PROVIDE (__global_pointer$ = (. + 0x800))
 *(.sdata .sdata.* .sdata*)
 .sdata.uxMaxSysCallMTH