Archive member included to satisfy reference by file (symbol)

F:\data\VeriSilicon\VeriHealthi_QEMU_SDK.202606_preliminary\V3.0-VeriHealthi_QEMU_SDK_v3.7\galaxy_sdk\bsp\lib\libbsp_riscv.a(port.c.o)
                              ./galaxy_sdk/bsp/src/portasm.o (xPortTaskSwitch)
F:\data\VeriSilicon\VeriHealthi_QEMU_SDK.202606_preliminary\V3.0-VeriHealthi_QEMU_SDK_v3.7\galaxy_sdk\bsp\lib\libbsp_riscv.a(soc_init.c.o)
                              ./galaxy_sdk/main.o (soc_init)
F:\data\VeriSilicon\VeriHealthi_QEMU_SDK.202606_preliminary\V3.0-VeriHealthi_QEMU_SDK_v3.7\galaxy_sdk\bsp\lib\libbsp_riscv.a(soc_sysctl.c.o)
                              F:\data\VeriSilicon\VeriHealthi_QEMU_SDK.202606_preliminary\V3.0-VeriHealthi_QEMU_SDK_v3.7\galaxy_sdk\bsp\lib\libbsp_riscv.a(port.c.o) (soc_rtc_clock_get_freq)
F:\data\VeriSilicon\VeriHealthi_QEMU_SDK.202606_preliminary\V3.0-VeriHealthi_QEMU_SDK_v3.7\galaxy_sdk\bsp\lib\libbsp_riscv.a(system_pegasus.c.o)
                              ./galaxy_sdk/bsp/src/startup_riscv.o (premain_system_init)
F:\data\VeriSilicon\VeriHealthi_QEMU_SDK.202606_preliminary\V3.0-VeriHealthi_QEMU_SDK_v3.7\galaxy_sdk\bsp\lib\libbsp_riscv.a(boot.c.o)
                              F:\data\VeriSilicon\VeriHealthi_QEMU_SDK.202606_preliminary\V3.0-VeriHealthi_QEMU_SDK_v3.7\galaxy_sdk\bsp\lib\libbsp_riscv.a(soc_sysctl.c.o) (boot_get_zsp_addr)
F:\data\VeriSilicon\VeriHealthi_QEMU_SDK.202606_preliminary\V3.0-VeriHealthi_QEMU_SDK_v3.7\galaxy_sdk\bsp\lib\libbsp_riscv.a(board.c.o)
                              ./galaxy_sdk/main.o (board_register)
F:\data\VeriSilicon\VeriHealthi_QEMU_SDK.202606_preliminary\V3.0-VeriHealthi_QEMU_SDK_v3.7\galaxy_sdk\bsp\lib\libbsp_riscv.a(arch_api.c.o)
                              F:\data\VeriSilicon\VeriHealthi_QEMU_SDK.202606_preliminary\V3.0-VeriHealthi_QEMU_SDK_v3.7\galaxy_sdk\bsp\lib\libbsp_riscv.a(port.c.o) (cpu_sleep)
F:\data\VeriSilicon\VeriHealthi_QEMU_SDK.202606_preliminary\V3.0-VeriHealthi_QEMU_SDK_v3.7\galaxy_sdk\drivers\lib\libdriver_riscv.a(clock.c.o)
                              F:\data\VeriSilicon\VeriHealthi_QEMU_SDK.202606_preliminary\V3.0-VeriHealthi_QEMU_SDK_v3.7\galaxy_sdk\bsp\lib\libbsp_riscv.a(soc_sysctl.c.o) (clk_get_rate)
F:\data\VeriSilicon\VeriHealthi_QEMU_SDK.202606_preliminary\V3.0-VeriHealthi_QEMU_SDK_v3.7\galaxy_sdk\drivers\lib\libdriver_riscv.a(imu_simulator.c.o)
                              ./galaxy_sdk/bsp/src/qemu_board.o (imu_simulator_ops)
F:\data\VeriSilicon\VeriHealthi_QEMU_SDK.202606_preliminary\V3.0-VeriHealthi_QEMU_SDK_v3.7\galaxy_sdk\modules\lib\libcommon_riscv.a(uart_printf.c.o)
                              ./galaxy_sdk/tasks/app.o (uart_printf)
F:\data\VeriSilicon\VeriHealthi_QEMU_SDK.202606_preliminary\V3.0-VeriHealthi_QEMU_SDK_v3.7\galaxy_sdk\modules\lib\libcommon_riscv.a(sw_timer_os.c.o)
                              F:\data\VeriSilicon\VeriHealthi_QEMU_SDK.202606_preliminary\V3.0-VeriHealthi_QEMU_SDK_v3.7\galaxy_sdk\drivers\lib\libdriver_riscv.a(imu_simulator.c.o) (vpi_timer_create)
F:\data\VeriSilicon\VeriHealthi_QEMU_SDK.202606_preliminary\V3.0-VeriHealthi_QEMU_SDK_v3.7\galaxy_sdk\modules\lib\libcommon_riscv.a(vpi_error.c.o)
                              ./galaxy_sdk/main.o (vsd_to_vpi)
F:\data\VeriSilicon\VeriHealthi_QEMU_SDK.202606_preliminary\V3.0-VeriHealthi_QEMU_SDK_v3.7\galaxy_sdk\modules\lib\libcommon_riscv.a(vs_logging.c.o)
                              F:\data\VeriSilicon\VeriHealthi_QEMU_SDK.202606_preliminary\V3.0-VeriHealthi_QEMU_SDK_v3.7\galaxy_sdk\modules\lib\libcommon_riscv.a(sw_timer_os.c.o) (vs_logging_level)
F:\data\VeriSilicon\VeriHealthi_QEMU_SDK.202606_preliminary\V3.0-VeriHealthi_QEMU_SDK_v3.7\galaxy_sdk\osal\lib\libosal_riscv.a(osal_task.c.o)
                              ./galaxy_sdk/main.o (osal_create_task)
F:\data\VeriSilicon\VeriHealthi_QEMU_SDK.202606_preliminary\V3.0-VeriHealthi_QEMU_SDK_v3.7\galaxy_sdk\osal\lib\libosal_riscv.a(osal_event.c.o)
                              ./galaxy_sdk/main.o (osal_create_event_queue)
F:\data\VeriSilicon\VeriHealthi_QEMU_SDK.202606_preliminary\V3.0-VeriHealthi_QEMU_SDK_v3.7\galaxy_sdk\osal\lib\libosal_riscv.a(osal_heap.c.o)
                              F:\data\VeriSilicon\VeriHealthi_QEMU_SDK.202606_preliminary\V3.0-VeriHealthi_QEMU_SDK_v3.7\galaxy_sdk\drivers\lib\libdriver_riscv.a(imu_simulator.c.o) (osal_malloc)
F:\data\VeriSilicon\VeriHealthi_QEMU_SDK.202606_preliminary\V3.0-VeriHealthi_QEMU_SDK_v3.7\galaxy_sdk\osal\lib\libosal_riscv.a(osal_time.c.o)
                              F:\data\VeriSilicon\VeriHealthi_QEMU_SDK.202606_preliminary\V3.0-VeriHealthi_QEMU_SDK_v3.7\galaxy_sdk\osal\lib\libosal_riscv.a(osal_task.c.o) (osal_ms_to_tick)
F:\data\VeriSilicon\VeriHealthi_QEMU_SDK.202606_preliminary\V3.0-VeriHealthi_QEMU_SDK_v3.7\galaxy_sdk\osal\lib\libosal_riscv.a(osal_timer.c.o)
[...]
Memory Configuration

Name             Origin             Length             Attributes
flash            0x20000000         0x00300000         axr!w
ram              0x90000000         0x00040000         axw!r
*default*        0x00000000         0xffffffff

Linker script and memory map

START GROUP
LOAD ./galaxy_sdk/tasks/app.o
LOAD ./galaxy_sdk/drivers/src/hal_imu.o
LOAD ./galaxy_sdk/drivers/src/hal_rtc.o
LOAD ./galaxy_sdk/bsp/src/intexc_riscv.o
LOAD ./galaxy_sdk/bsp/src/portasm.o
LOAD ./galaxy_sdk/bsp/src/qemu_board.o
LOAD ./galaxy_sdk/bsp/src/startup_riscv.o
LOAD ./galaxy_sdk/algorithm/gesture_algorithm.o
LOAD ./galaxy_sdk/main.o
LOAD F:/Software/NucleiStudio_IDE/NucleiStudio/toolchain/gcc/bin/../lib/gcc/riscv64-unknown-elf/14.2.1/../../../../riscv64-unknown-elf/lib/rv32imafc_zaamo_zalrsc_xxldsp/ilp32f\libstdc++.a
LOAD F:\data\VeriSilicon\VeriHealthi_QEMU_SDK.202606_preliminary\V3.0-VeriHealthi_QEMU_SDK_v3.7\galaxy_sdk\bsp\lib\libbsp_riscv.a
LOAD F:\data\VeriSilicon\VeriHealthi_QEMU_SDK.202606_preliminary\V3.0-VeriHealthi_QEMU_SDK_v3.7\galaxy_sdk\drivers\lib\libdriver_riscv.a
LOAD F:\data\VeriSilicon\VeriHealthi_QEMU_SDK.202606_preliminary\V3.0-VeriHealthi_QEMU_SDK_v3.7\galaxy_sdk\modules\lib\libcommon_riscv.a
LOAD F:\data\VeriSilicon\VeriHealthi_QEMU_SDK.202606_preliminary\V3.0-VeriHealthi_QEMU_SDK_v3.7\galaxy_sdk\osal\lib\libosal_riscv.a
LOAD F:\data\VeriSilicon\VeriHealthi_QEMU_SDK.202606_preliminary\V3.0-VeriHealthi_QEMU_SDK_v3.7\galaxy_sdk\os\lib\libos_riscv.a
LOAD F:\data\VeriSilicon\VeriHealthi_QEMU_SDK.202606_preliminary\V3.0-VeriHealthi_QEMU_SDK_v3.7\galaxy_sdk\prebuilts\bluetooth\health\libble.a
LOAD F:\data\VeriSilicon\VeriHealthi_QEMU_SDK.202606_preliminary\V3.0-VeriHealthi_QEMU_SDK_v3.7\galaxy_sdk\modules\external\riscv_dsp\libnmsis_dsp_rv32imafc_xxldsp.a
LOAD F:/Software/NucleiStudio_IDE/NucleiStudio/toolchain/gcc/bin/../lib/gcc/riscv64-unknown-elf/14.2.1/../../../../riscv64-unknown-elf/lib/rv32imafc_zaamo_zalrsc_xxldsp/ilp32f\libc_nano.a
LOAD F:/Software/NucleiStudio_IDE/NucleiStudio/toolchain/gcc/bin/../lib/gcc/riscv64-unknown-elf/14.2.1/rv32imafc_zaamo_zalrsc_xxldsp/ilp32f\libgcc.a
LOAD F:/Software/NucleiStudio_IDE/NucleiStudio/toolchain/gcc/bin/../lib/gcc/riscv64-unknown-elf/14.2.1/../../../../riscv64-unknown-elf/lib/rv32imafc_zaamo_zalrsc_xxldsp/ilp32f\libsemihost.a
END GROUP
LOAD F:/Software/NucleiStudio_IDE/NucleiStudio/toolchain/gcc/bin/../lib/gcc/riscv64-unknown-elf/14.2.1/../../../../riscv64-unknown-elf/lib/rv32imafc_zaamo_zalrsc_xxldsp/ilp32f\libstdc++.a
LOAD F:/Software/NucleiStudio_IDE/NucleiStudio/toolchain/gcc/bin/../lib/gcc/riscv64-unknown-elf/14.2.1/../../../../riscv64-unknown-elf/lib/rv32imafc_zaamo_zalrsc_xxldsp/ilp32f\libm.a
LOAD F:/Software/NucleiStudio_IDE/NucleiStudio/toolchain/gcc/bin/../lib/gcc/riscv64-unknown-elf/14.2.1/rv32imafc_zaamo_zalrsc_xxldsp/ilp32f\libgcc.a
START GROUP
LOAD F:/Software/NucleiStudio_IDE/NucleiStudio/toolchain/gcc/bin/../lib/gcc/riscv64-unknown-elf/14.2.1/../../../../riscv64-unknown-elf/lib/rv32imafc_zaamo_zalrsc_xxldsp/ilp32f\libc.a
LOAD F:/Software/NucleiStudio_IDE/NucleiStudio/toolchain/gcc/bin/../lib/gcc/riscv64-unknown-elf/14.2.1/../../../../riscv64-unknown-elf/lib/rv32imafc_zaamo_zalrsc_xxldsp/ilp32f\libgloss.a
END GROUP
LOAD F:/Software/NucleiStudio_IDE/NucleiStudio/toolchain/gcc/bin/../lib/gcc/riscv64-unknown-elf/14.2.1/rv32imafc_zaamo_zalrsc_xxldsp/ilp32f\libgcc.a
                0x00000800                        PROVIDE (__STACK_SIZE = 0x800)
                0x00005000                        PROVIDE (__HEAP_SIZE = 0x5000)
                0x00000001                        PROVIDE (__SMP_CPU_CNT = 0x1)
                0x00000800                        __TOT_STACK_SIZE = (__STACK_SIZE * __SMP_CPU_CNT)

.init           0x20000000      0x308
 *(.vtable)
 .vtable        0x20000000      0x1a8 ./galaxy_sdk/bsp/src/startup_riscv.o
                0x20000000                vector_base
 *(SORT_NONE(.init))
 *fill*         0x200001a8       0x18 
 .init          0x200001c0      0x146 ./galaxy_sdk/bsp/src/startup_riscv.o
                0x200001c0                _start
                0x200002a6                _start_premain
                0x20000300                early_exc_entry
                0x20000308                        . = ALIGN (0x4)
 *fill*         0x20000306        0x2 

.text           0x20000340    0x5e528
 *(.text.unlikely .text.unlikely.*)
 *(.text.startup .text.startup.*)
 .text.startup.main
                0x20000340       0x50 ./galaxy_sdk/main.o
                0x20000340                main
 .text.startup.init_semihosting
                0x20000390       0x8e F:/Software/NucleiStudio_IDE/NucleiStudio/toolchain/gcc/bin/../lib/gcc/riscv64-unknown-elf/14.2.1/../../../../riscv64-unknown-elf/lib/rv32imafc_zaamo_zalrsc_xxldsp/ilp32f\libsemihost.a(riscv_libsemihost_a-semihost-sys_fdtable.o)
                0x20000390                init_semihosting
 *(.text .text.*)
 .text.gesture_result_callback
                0x2000041e       0x42 ./galaxy_sdk/tasks/app.o
 .text.imu_task
                0x20000460      0x1c0 ./galaxy_sdk/tasks/app.o
                0x20000460                imu_task
 .text.algo_task
                0x20000620       0x64 ./galaxy_sdk/tasks/app.o
                0x20000620                algo_task
 .text.hal_imu_device_init
                0x20000684       0x82 ./galaxy_sdk/drivers/src/hal_imu.o
                0x20000684                hal_imu_device_init
 .text.hal_imu_get_device
                0x20000706       0x24 ./galaxy_sdk/drivers/src/hal_imu.o
                0x20000706                hal_imu_get_device
 .text.hal_imu_init
                0x2000072a       0x12 ./galaxy_sdk/drivers/src/hal_imu.o
                0x2000072a                hal_imu_init
 .text.hal_imu_set_sensor_default_cfg
                0x2000073c       0x12 ./galaxy_sdk/drivers/src/hal_imu.o
                0x2000073c                hal_imu_set_sensor_default_cfg
 .text.hal_imu_set_accel_cfg
                0x2000074e       0x12 ./galaxy_sdk/drivers/src/hal_imu.o
                0x2000074e                hal_imu_set_accel_cfg
 .text.hal_imu_set_gyro_cfg
                0x20000760       0x12 ./galaxy_sdk/drivers/src/hal_imu.o
                0x20000760                hal_imu_set_gyro_cfg
 .text.hal_imu_set_work_mode
                0x20000772       0x32 ./galaxy_sdk/drivers/src/hal_imu.o
                0x20000772                hal_imu_set_work_mode
 .text.hal_imu_set_fifo_wm
                0x200007a4       0x12 ./galaxy_sdk/drivers/src/hal_imu.o
                0x200007a4                hal_imu_set_fifo_wm
 .text.hal_imu_set_fifo_cfg
                0x200007b6       0x12 ./galaxy_sdk/drivers/src/hal_imu.o
                0x200007b6                hal_imu_set_fifo_cfg
 .text.hal_imu_flush_fifo
                0x200007c8       0x12 ./galaxy_sdk/drivers/src/hal_imu.o
                0x200007c8                hal_imu_flush_fifo
 .text.hal_imu_read_gyro_accel
                0x200007da       0x16 ./galaxy_sdk/drivers/src/hal_imu.o
                0x200007da                hal_imu_read_gyro_accel
 .text.hal_imu_cfg_interrupt
                0x200007f0       0x12 ./galaxy_sdk/drivers/src/hal_imu.o
                0x200007f0                hal_imu_cfg_interrupt
 .text.hal_imu_enable_interrupt
                0x20000802       0x12 ./galaxy_sdk/drivers/src/hal_imu.o
                0x20000802                hal_imu_enable_interrupt
 .text.hal_imu_enable_power
                0x20000814       0x12 ./galaxy_sdk/drivers/src/hal_imu.o
                0x20000814                hal_imu_enable_power
 *fill*         0x20000826       0x1a 
 .text.trap     0x20000840       0x7e ./galaxy_sdk/bsp/src/portasm.o
                0x20000840                exc_entry
 *fill*         0x200008be        0x2 
 .text.irq      0x200008c0      0x25a ./galaxy_sdk/bsp/src/portasm.o
                0x200008c0                irq_entry
                0x2000093a                default_intexc_handler
                0x20000940                prvPortStartFirstTask
                0x200009e4                eclic_msip_handler
 .text.qemu_board_find_device
                0x20000b1a        0x4 ./galaxy_sdk/bsp/src/qemu_board.o
                0x20000b1a                qemu_board_find_device
 .text.board_get_ops
                0x20000b1e        0xa ./galaxy_sdk/bsp/src/qemu_board.o
                0x20000b1e                board_get_ops
 .text.gesture_register_callback
                0x20000b28        0xa ./galaxy_sdk/algorithm/gesture_algorithm.o
                0x20000b28                gesture_register_callback
 .text.gesture_algorithm_init
                0x20000b32       0x12 ./galaxy_sdk/algorithm/gesture_algorithm.o
                0x20000b32                gesture_algorithm_init
 .text.gesture_algorithm_process
                0x20000b44      0x41e ./galaxy_sdk/algorithm/gesture_algorithm.o
                0x20000b44                gesture_algorithm_process
 .text.imu_data_ready_isr
                0x20000f62       0x10 ./galaxy_sdk/main.o
                0x20000f62                imu_data_ready_isr
 .text.task_init_app
                0x20000f72      0x2d0 ./galaxy_sdk/main.o
 .text.prvTaskExitError
                0x20001242       0x48 F:\data\VeriSilicon\VeriHealthi_QEMU_SDK.202606_preliminary\V3.0-VeriHealthi_QEMU_SDK_v3.7\galaxy_sdk\bsp\lib\libbsp_riscv.a(port.c.o)
 .text.pxPortInitialiseStack
                0x2000128a       0x46 F:\data\VeriSilicon\VeriHealthi_QEMU_SDK.202606_preliminary\V3.0-VeriHealthi_QEMU_SDK_v3.7\galaxy_sdk\bsp\lib\libbsp_riscv.a(port.c.o)
                0x2000128a                pxPortInitialiseStack
 .text.vPortEnterCritical
                0x200012d0       0x40 F:\data\VeriSilicon\VeriHealthi_QEMU_SDK.202606_preliminary\V3.0-VeriHealthi_QEMU_SDK_v3.7\galaxy_sdk\bsp\lib\libbsp_riscv.a(port.c.o)
                0x200012d0                vPortEnterCritical
 .text.vPortExitCritical
                0x20001310       0x36 F:\data\VeriSilicon\VeriHealthi_QEMU_SDK.202606_preliminary\V3.0-VeriHealthi_QEMU_SDK_v3.7\galaxy_sdk\bsp\lib\libbsp_riscv.a(port.c.o)
                0x20001310                vPortExitCritical
 .text.xPortTaskSwitch
                0x20001346       0x64 F:\data\VeriSilicon\VeriHealthi_QEMU_SDK.202606_preliminary\V3.0-VeriHealthi_QEMU_SDK_v3.7\galaxy_sdk\bsp\lib\libbsp_riscv.a(port.c.o)
                0x20001346                xPortTaskSwitch
 .text.eclic_mtip_handler
                0x200013aa      0x114 F:\data\VeriSilicon\VeriHealthi_QEMU_SDK.202606_preliminary\V3.0-VeriHealthi_QEMU_SDK_v3.7\galaxy_sdk\bsp\lib\libbsp_riscv.a(port.c.o)
                0x200013aa                eclic_mtip_handler
 .text.vPortSetupTimerInterrupt
                0x200014be      0x1f4 F:\data\VeriSilicon\VeriHealthi_QEMU_SDK.202606_preliminary\V3.0-VeriHealthi_QEMU_SDK_v3.7\galaxy_sdk\bsp\lib\libbsp_riscv.a(port.c.o)
                0x200014be                vPortSetupTimerInterrupt
 .text.xPortStartScheduler
                0x200016b2       0xfc F:\data\VeriSilicon\VeriHealthi_QEMU_SDK.202606_preliminary\V3.0-VeriHealthi_QEMU_SDK_v3.7\galaxy_sdk\bsp\lib\libbsp_riscv.a(port.c.o)
                0x200016b2                xPortStartScheduler
 .text.vPortValidateInterruptPriority
                0x200017ae       0x88 F:\data\VeriSilicon\VeriHealthi_QEMU_SDK.202606_preliminary\V3.0-VeriHealthi_QEMU_SDK_v3.7\galaxy_sdk\bsp\lib\libbsp_riscv.a(port.c.o)
                0x200017ae                vPortValidateInterruptPriority
 .text.vApplicationIdleHook
                0x20001836        0x6 F:\data\VeriSilicon\VeriHealthi_QEMU_SDK.202606_preliminary\V3.0-VeriHealthi_QEMU_SDK_v3.7\galaxy_sdk\bsp\lib\libbsp_riscv.a(port.c.o)
                0x20001836                vApplicationIdleHook
 .text.vApplicationStackOverflowHook
                0x2000183c        0xc F:\data\VeriSilicon\VeriHealthi_QEMU_SDK.202606_preliminary\V3.0-VeriHealthi_QEMU_SDK_v3.7\galaxy_sdk\bsp\lib\libbsp_riscv.a(port.c.o)
                0x2000183c                vApplicationStackOverflowHook
 .text.vApplicationGetIdleTaskMemory
                0x20001848       0x14 F:\data\VeriSilicon\VeriHealthi_QEMU_SDK.202606_preliminary\V3.0-VeriHealthi_QEMU_SDK_v3.7\galaxy_sdk\bsp\lib\libbsp_riscv.a(port.c.o)
                0x20001848                vApplicationGetIdleTaskMemory
 .text.vApplicationGetTimerTaskMemory
                0x2000185c       0x18 F:\data\VeriSilicon\VeriHealthi_QEMU_SDK.202606_preliminary\V3.0-VeriHealthi_QEMU_SDK_v3.7\galaxy_sdk\bsp\lib\libbsp_riscv.a(port.c.o)
                0x2000185c                vApplicationGetTimerTaskMemory
 .text.vApplicationMallocFailedHook
                0x20001874        0xc F:\data\VeriSilicon\VeriHealthi_QEMU_SDK.202606_preliminary\V3.0-VeriHealthi_QEMU_SDK_v3.7\galaxy_sdk\bsp\lib\libbsp_riscv.a(port.c.o)
                0x20001874                vApplicationMallocFailedHook
 .text.soc_init
                0x20001880        0x4 F:\data\VeriSilicon\VeriHealthi_QEMU_SDK.202606_preliminary\V3.0-VeriHealthi_QEMU_SDK_v3.7\galaxy_sdk\bsp\lib\libbsp_riscv.a(soc_init.c.o)
                0x20001880                soc_init
 .text.systimer_cnt_delay
                0x20001884       0xd6 F:\data\VeriSilicon\VeriHealthi_QEMU_SDK.202606_preliminary\V3.0-VeriHealthi_QEMU_SDK_v3.7\galaxy_sdk\bsp\lib\libbsp_riscv.a(soc_sysctl.c.o)
 .text.soc_rtc_clock_get_freq
                0x2000195a       0x18 F:\data\VeriSilicon\VeriHealthi_QEMU_SDK.202606_preliminary\V3.0-VeriHealthi_QEMU_SDK_v3.7\galaxy_sdk\bsp\lib\libbsp_riscv.a(soc_sysctl.c.o)
                0x2000195a                soc_rtc_clock_get_freq
 .text.delay_us
                0x20001972        0x2 F:\data\VeriSilicon\VeriHealthi_QEMU_SDK.202606_preliminary\V3.0-VeriHealthi_QEMU_SDK_v3.7\galaxy_sdk\bsp\lib\libbsp_riscv.a(soc_sysctl.c.o)
                0x20001972                delay_us
 .text.system_default_exception_handler
                0x20001974       0x64 F:\data\VeriSilicon\VeriHealthi_QEMU_SDK.202606_preliminary\V3.0-VeriHealthi_QEMU_SDK_v3.7\galaxy_sdk\bsp\lib\libbsp_riscv.a(system_pegasus.c.o)
 .text.premain_system_init
                0x200019d8        0x2 F:\data\VeriSilicon\VeriHealthi_QEMU_SDK.202606_preliminary\V3.0-VeriHealthi_QEMU_SDK_v3.7\galaxy_sdk\bsp\lib\libbsp_riscv.a(system_pegasus.c.o)
                0x200019d8                premain_system_init
 .text.core_exception_handler
                0x200019da       0x56 F:\data\VeriSilicon\VeriHealthi_QEMU_SDK.202606_preliminary\V3.0-VeriHealthi_QEMU_SDK_v3.7\galaxy_sdk\bsp\lib\libbsp_riscv.a(system_pegasus.c.o)
                0x200019da                core_exception_handler
 .text._premain_init
                0x20001a30       0x60 F:\data\VeriSilicon\VeriHealthi_QEMU_SDK.202606_preliminary\V3.0-VeriHealthi_QEMU_SDK_v3.7\galaxy_sdk\bsp\lib\libbsp_riscv.a(system_pegasus.c.o)
                0x20001a30                _premain_init
 .text._postmain_fini
                0x20001a90        0x2 F:\data\VeriSilicon\VeriHealthi_QEMU_SDK.202606_preliminary\V3.0-VeriHealthi_QEMU_SDK_v3.7\galaxy_sdk\bsp\lib\libbsp_riscv.a(system_pegasus.c.o)
                0x20001a90                _postmain_fini
 .text._init    0x20001a92        0x2 F:\data\VeriSilicon\VeriHealthi_QEMU_SDK.202606_preliminary\V3.0-VeriHealthi_QEMU_SDK_v3.7\galaxy_sdk\bsp\lib\libbsp_riscv.a(system_pegasus.c.o)
                0x20001a92                _init
 .text._fini    0x20001a94        0x2 F:\data\VeriSilicon\VeriHealthi_QEMU_SDK.202606_preliminary\V3.0-VeriHealthi_QEMU_SDK_v3.7\galaxy_sdk\bsp\lib\libbsp_riscv.a(system_pegasus.c.o)
                0x20001a94                _fini
 .text.board_register
                0x20001a96       0x12 F:\data\VeriSilicon\VeriHealthi_QEMU_SDK.202606_preliminary\V3.0-VeriHealthi_QEMU_SDK_v3.7\galaxy_sdk\bsp\lib\libbsp_riscv.a(board.c.o)
                0x20001a96                board_register
 .text.board_init
                0x20001aa8       0x18 F:\data\VeriSilicon\VeriHealthi_QEMU_SDK.202606_preliminary\V3.0-VeriHealthi_QEMU_SDK_v3.7\galaxy_sdk\bsp\lib\libbsp_riscv.a(board.c.o)
                0x20001aa8                board_init
 .text.clk_get_rate
                0x20001ac0       0x2c F:\data\VeriSilicon\VeriHealthi_QEMU_SDK.202606_preliminary\V3.0-VeriHealthi_QEMU_SDK_v3.7\galaxy_sdk\drivers\lib\libdriver_riscv.a(clock.c.o)
                0x20001ac0                clk_get_rate
 .text.bmi160_get_accel_range
                0x20001aec       0x3c F:\data\VeriSilicon\VeriHealthi_QEMU_SDK.202606_preliminary\V3.0-VeriHealthi_QEMU_SDK_v3.7\galaxy_sdk\drivers\lib\libdriver_riscv.a(imu_simulator.c.o)
 .text.bmi160_check_interrupt_type
                0x20001b28       0x12 F:\data\VeriSilicon\VeriHealthi_QEMU_SDK.202606_preliminary\V3.0-VeriHealthi_QEMU_SDK_v3.7\galaxy_sdk\drivers\lib\libdriver_riscv.a(imu_simulator.c.o)
 .text.bmi160_enable_interrupt
                0x20001b3a       0x2a F:\data\VeriSilicon\VeriHealthi_QEMU_SDK.202606_preliminary\V3.0-VeriHealthi_QEMU_SDK_v3.7\galaxy_sdk\drivers\lib\libdriver_riscv.a(imu_simulator.c.o)
 .text.bmi160_enable_power
                0x20001b64       0x40 F:\data\VeriSilicon\VeriHealthi_QEMU_SDK.202606_preliminary\V3.0-VeriHealthi_QEMU_SDK_v3.7\galaxy_sdk\drivers\lib\libdriver_riscv.a(imu_simulator.c.o)
 .text.bmi160_get_sensor_cfg
                0x20001ba4       0x2a F:\data\VeriSilicon\VeriHealthi_QEMU_SDK.202606_preliminary\V3.0-VeriHealthi_QEMU_SDK_v3.7\galaxy_sdk\drivers\lib\libdriver_riscv.a(imu_simulator.c.o)
 .text.timer_handler
                0x20001bce       0x92 F:\data\VeriSilicon\VeriHealthi_QEMU_SDK.202606_preliminary\V3.0-VeriHealthi_QEMU_SDK_v3.7\galaxy_sdk\drivers\lib\libdriver_riscv.a(imu_simulator.c.o)
 .text.bmi160_deinit
                0x20001c60       0x46 F:\data\VeriSilicon\VeriHealthi_QEMU_SDK.202606_preliminary\V3.0-VeriHealthi_QEMU_SDK_v3.7\galaxy_sdk\drivers\lib\libdriver_riscv.a(imu_simulator.c.o)
 .text.bmi160_write_reg.constprop.0
                0x20001ca6       0xb6 F:\data\VeriSilicon\VeriHealthi_QEMU_SDK.202606_preliminary\V3.0-VeriHealthi_QEMU_SDK_v3.7\galaxy_sdk\drivers\lib\libdriver_riscv.a(imu_simulator.c.o)
 .text.bmi160_reset_step_counter
                0x20001d5c        0xa F:\data\VeriSilicon\VeriHealthi_QEMU_SDK.202606_preliminary\V3.0-VeriHealthi_QEMU_SDK_v3.7\galaxy_sdk\drivers\lib\libdriver_riscv.a(imu_simulator.c.o)
 .text.bmi160_set_fifo_wm
                0x20001d66       0x24 F:\data\VeriSilicon\VeriHealthi_QEMU_SDK.202606_preliminary\V3.0-VeriHealthi_QEMU_SDK_v3.7\galaxy_sdk\drivers\lib\libdriver_riscv.a(imu_simulator.c.o)
 .text.bmi160_set_fifo_flush
                0x20001d8a       0x1c F:\data\VeriSilicon\VeriHealthi_QEMU_SDK.202606_preliminary\V3.0-VeriHealthi_QEMU_SDK_v3.7\galaxy_sdk\drivers\lib\libdriver_riscv.a(imu_simulator.c.o)
 .text.bmi160_get_step_counter
                0x20001da6       0x3e F:\data\VeriSilicon\VeriHealthi_QEMU_SDK.202606_preliminary\V3.0-VeriHealthi_QEMU_SDK_v3.7\galaxy_sdk\drivers\lib\libdriver_riscv.a(imu_simulator.c.o)
 .text.bmi160_set_step_counter
                0x20001de4       0x4a F:\data\VeriSilicon\VeriHealthi_QEMU_SDK.202606_preliminary\V3.0-VeriHealthi_QEMU_SDK_v3.7\galaxy_sdk\drivers\lib\libdriver_riscv.a(imu_simulator.c.o)
 .text.bmi160_set_fifo_down
                0x20001e2e       0x4a F:\data\VeriSilicon\VeriHealthi_QEMU_SDK.202606_preliminary\V3.0-VeriHealthi_QEMU_SDK_v3.7\galaxy_sdk\drivers\lib\libdriver_riscv.a(imu_simulator.c.o)
 .text.bmi160_get_power_mode
                0x20001e78       0x86 F:\data\VeriSilicon\VeriHealthi_QEMU_SDK.202606_preliminary\V3.0-VeriHealthi_QEMU_SDK_v3.7\galaxy_sdk\drivers\lib\libdriver_riscv.a(imu_simulator.c.o)
 .text.set_gyro_cfg
                0x20001efe       0x9a F:\data\VeriSilicon\VeriHealthi_QEMU_SDK.202606_preliminary\V3.0-VeriHealthi_QEMU_SDK_v3.7\galaxy_sdk\drivers\lib\libdriver_riscv.a(imu_simulator.c.o)
 .text.set_accel_cfg
                0x20001f98       0x98 F:\data\VeriSilicon\VeriHealthi_QEMU_SDK.202606_preliminary\V3.0-VeriHealthi_QEMU_SDK_v3.7\galaxy_sdk\drivers\lib\libdriver_riscv.a(imu_simulator.c.o)
 .text.bmi160_set_gyro_cfg
                0x20002030       0xfc F:\data\VeriSilicon\VeriHealthi_QEMU_SDK.202606_preliminary\V3.0-VeriHealthi_QEMU_SDK_v3.7\galaxy_sdk\drivers\lib\libdriver_riscv.a(imu_simulator.c.o)
 .text.bmi160_set_highg_threshold
                0x2000212c       0x8c F:\data\VeriSilicon\VeriHealthi_QEMU_SDK.202606_preliminary\V3.0-VeriHealthi_QEMU_SDK_v3.7\galaxy_sdk\drivers\lib\libdriver_riscv.a(imu_simulator.c.o)
 .text.bmi160_soft_reset
                0x200021b8       0x82 F:\data\VeriSilicon\VeriHealthi_QEMU_SDK.202606_preliminary\V3.0-VeriHealthi_QEMU_SDK_v3.7\galaxy_sdk\drivers\lib\libdriver_riscv.a(imu_simulator.c.o)
 .text.bmi160_set_accel_cfg
                0x2000223a      0x114 F:\data\VeriSilicon\VeriHealthi_QEMU_SDK.202606_preliminary\V3.0-VeriHealthi_QEMU_SDK_v3.7\galaxy_sdk\drivers\lib\libdriver_riscv.a(imu_simulator.c.o)
 .text.bmi160_set_fifo_cfg
                0x2000234e      0x102 F:\data\VeriSilicon\VeriHealthi_QEMU_SDK.202606_preliminary\V3.0-VeriHealthi_QEMU_SDK_v3.7\galaxy_sdk\drivers\lib\libdriver_riscv.a(imu_simulator.c.o)
 .text.set_power_mode
                0x20002450      0x11e F:\data\VeriSilicon\VeriHealthi_QEMU_SDK.202606_preliminary\V3.0-VeriHealthi_QEMU_SDK_v3.7\galaxy_sdk\drivers\lib\libdriver_riscv.a(imu_simulator.c.o)
 .text.bmi160_set_sensor_cfg
                0x2000256e       0xae F:\data\VeriSilicon\VeriHealthi_QEMU_SDK.202606_preliminary\V3.0-VeriHealthi_QEMU_SDK_v3.7\galaxy_sdk\drivers\lib\libdriver_riscv.a(imu_simulator.c.o)
 .text.bmi160_set_sensor_default_cfg
                0x2000261c       0x42 F:\data\VeriSilicon\VeriHealthi_QEMU_SDK.202606_preliminary\V3.0-VeriHealthi_QEMU_SDK_v3.7\galaxy_sdk\drivers\lib\libdriver_riscv.a(imu_simulator.c.o)
 .text.bmi160_init
                0x2000265e       0xc0 F:\data\VeriSilicon\VeriHealthi_QEMU_SDK.202606_preliminary\V3.0-VeriHealthi_QEMU_SDK_v3.7\galaxy_sdk\drivers\lib\libdriver_riscv.a(imu_simulator.c.o)
 .text.bmi160_set_suspend_mode
                0x2000271e       0xb6 F:\data\VeriSilicon\VeriHealthi_QEMU_SDK.202606_preliminary\V3.0-VeriHealthi_QEMU_SDK_v3.7\galaxy_sdk\drivers\lib\libdriver_riscv.a(imu_simulator.c.o)
 .text.bmi160_set_normal_mode
                0x200027d4      0x126 F:\data\VeriSilicon\VeriHealthi_QEMU_SDK.202606_preliminary\V3.0-VeriHealthi_QEMU_SDK_v3.7\galaxy_sdk\drivers\lib\libdriver_riscv.a(imu_simulator.c.o)
 .text.bmi160_set_interrupt_config
                0x200028fa      0x138 F:\data\VeriSilicon\VeriHealthi_QEMU_SDK.202606_preliminary\V3.0-VeriHealthi_QEMU_SDK_v3.7\galaxy_sdk\drivers\lib\libdriver_riscv.a(imu_simulator.c.o)
 .text.imu_simulator_device_init
                0x20002a32       0xf8 F:\data\VeriSilicon\VeriHealthi_QEMU_SDK.202606_preliminary\V3.0-VeriHealthi_QEMU_SDK_v3.7\galaxy_sdk\drivers\lib\libdriver_riscv.a(imu_simulator.c.o)
                0x20002a32                imu_simulator_device_init
 .text.bmi160_get_fifo_data
                0x20002b2a      0x11a F:\data\VeriSilicon\VeriHealthi_QEMU_SDK.202606_preliminary\V3.0-VeriHealthi_QEMU_SDK_v3.7\galaxy_sdk\drivers\lib\libdriver_riscv.a(imu_simulator.c.o)
 .text.bmi160_fifo_parsing_gyro_accel
                0x20002c44      0x254 F:\data\VeriSilicon\VeriHealthi_QEMU_SDK.202606_preliminary\V3.0-VeriHealthi_QEMU_SDK_v3.7\galaxy_sdk\drivers\lib\libdriver_riscv.a(imu_simulator.c.o)
 .text.bmi160_fifo_parsing_accel
                0x20002e98      0x28e F:\data\VeriSilicon\VeriHealthi_QEMU_SDK.202606_preliminary\V3.0-VeriHealthi_QEMU_SDK_v3.7\galaxy_sdk\drivers\lib\libdriver_riscv.a(imu_simulator.c.o)
 .text.uart_printf
                0x20003126       0x3c F:\data\VeriSilicon\VeriHealthi_QEMU_SDK.202606_preliminary\V3.0-VeriHealthi_QEMU_SDK_v3.7\galaxy_sdk\modules\lib\libcommon_riscv.a(uart_printf.c.o)
                0x20003126                uart_printf
 .text.vpi_timer_create
                0x20003162       0x66 F:\data\VeriSilicon\VeriHealthi_QEMU_SDK.202606_preliminary\V3.0-VeriHealthi_QEMU_SDK_v3.7\galaxy_sdk\modules\lib\libcommon_riscv.a(sw_timer_os.c.o)
                0x20003162                vpi_timer_create
 .text.vpi_timer_start
                0x200031c8       0x2c F:\data\VeriSilicon\VeriHealthi_QEMU_SDK.202606_preliminary\V3.0-VeriHealthi_QEMU_SDK_v3.7\galaxy_sdk\modules\lib\libcommon_riscv.a(sw_timer_os.c.o)
                0x200031c8                vpi_timer_start
 .text.vpi_timer_stop
                0x200031f4       0x2c F:\data\VeriSilicon\VeriHealthi_QEMU_SDK.202606_preliminary\V3.0-VeriHealthi_QEMU_SDK_v3.7\galaxy_sdk\modules\lib\libcommon_riscv.a(sw_timer_os.c.o)
                0x200031f4                vpi_timer_stop
 .text.vsd_to_vpi
                0x20003220       0x1a F:\data\VeriSilicon\VeriHealthi_QEMU_SDK.202606_preliminary\V3.0-VeriHealthi_QEMU_SDK_v3.7\galaxy_sdk\modules\lib\libcommon_riscv.a(vpi_error.c.o)
                0x20003220                vsd_to_vpi
 .text.osal_create_task
                0x2000323a       0x2a F:\data\VeriSilicon\VeriHealthi_QEMU_SDK.202606_preliminary\V3.0-VeriHealthi_QEMU_SDK_v3.7\galaxy_sdk\osal\lib\libosal_riscv.a(osal_task.c.o)
                0x2000323a                osal_create_task
 .text.osal_delete_task
                0x20003264        0x4 F:\data\VeriSilicon\VeriHealthi_QEMU_SDK.202606_preliminary\V3.0-VeriHealthi_QEMU_SDK_v3.7\galaxy_sdk\osal\lib\libosal_riscv.a(osal_task.c.o)
                0x20003264                osal_delete_task
 .text.osal_pre_start_scheduler
                0x20003268        0x2 F:\data\VeriSilicon\VeriHealthi_QEMU_SDK.202606_preliminary\V3.0-VeriHealthi_QEMU_SDK_v3.7\galaxy_sdk\osal\lib\libosal_riscv.a(osal_task.c.o)
                0x20003268                osal_pre_start_scheduler
 .text.osal_start_scheduler
                0x2000326a        0x4 F:\data\VeriSilicon\VeriHealthi_QEMU_SDK.202606_preliminary\V3.0-VeriHealthi_QEMU_SDK_v3.7\galaxy_sdk\osal\lib\libosal_riscv.a(osal_task.c.o)
                0x2000326a                osal_start_scheduler
 .text.osal_sleep
                0x2000326e       0x1a F:\data\VeriSilicon\VeriHealthi_QEMU_SDK.202606_preliminary\V3.0-VeriHealthi_QEMU_SDK_v3.7\galaxy_sdk\osal\lib\libosal_riscv.a(osal_task.c.o)
                0x2000326e                osal_sleep
 .text.osal_enter_critical
                0x20003288        0x4 F:\data\VeriSilicon\VeriHealthi_QEMU_SDK.202606_preliminary\V3.0-VeriHealthi_QEMU_SDK_v3.7\galaxy_sdk\osal\lib\libosal_riscv.a(osal_task.c.o)
                0x20003288                osal_enter_critical
 .text.osal_exit_critical
                0x2000328c        0x4 F:\data\VeriSilicon\VeriHealthi_QEMU_SDK.202606_preliminary\V3.0-VeriHealthi_QEMU_SDK_v3.7\galaxy_sdk\osal\lib\libosal_riscv.a(osal_task.c.o)
                0x2000328c                osal_exit_critical
 .text.osal_send_event_base.isra.0
                0x20003290      0x10e F:\data\VeriSilicon\VeriHealthi_QEMU_SDK.202606_preliminary\V3.0-VeriHealthi_QEMU_SDK_v3.7\galaxy_sdk\osal\lib\libosal_riscv.a(osal_event.c.o)
 .text.osal_create_event_queue
                0x2000339e       0x82 F:\data\VeriSilicon\VeriHealthi_QEMU_SDK.202606_preliminary\V3.0-VeriHealthi_QEMU_SDK_v3.7\galaxy_sdk\osal\lib\libosal_riscv.a(osal_event.c.o)
                0x2000339e                osal_create_event_queue
 .text.osal_wait_event
                0x20003420       0x84 F:\data\VeriSilicon\VeriHealthi_QEMU_SDK.202606_preliminary\V3.0-VeriHealthi_QEMU_SDK_v3.7\galaxy_sdk\osal\lib\libosal_riscv.a(osal_event.c.o)
                0x20003420                osal_wait_event
 .text.osal_send_event
                0x200034a4        0x4 F:\data\VeriSilicon\VeriHealthi_QEMU_SDK.202606_preliminary\V3.0-VeriHealthi_QEMU_SDK_v3.7\galaxy_sdk\osal\lib\libosal_riscv.a(osal_event.c.o)
                0x200034a4                osal_send_event
 .text.osal_malloc
                0x200034a8        0x4 F:\data\VeriSilicon\VeriHealthi_QEMU_SDK.202606_preliminary\V3.0-VeriHealthi_QEMU_SDK_v3.7\galaxy_sdk\osal\lib\libosal_riscv.a(osal_heap.c.o)
                0x200034a8                osal_malloc
 .text.osal_free
                0x200034ac        0x4 F:\data\VeriSilicon\VeriHealthi_QEMU_SDK.202606_preliminary\V3.0-VeriHealthi_QEMU_SDK_v3.7\galaxy_sdk\osal\lib\libosal_riscv.a(osal_heap.c.o)
                0x200034ac                osal_free
 .text.osal_ms_to_tick
                0x200034b0       0x68 F:\data\VeriSilicon\VeriHealthi_QEMU_SDK.202606_preliminary\V3.0-VeriHealthi_QEMU_SDK_v3.7\galaxy_sdk\osal\lib\libosal_riscv.a(osal_time.c.o)
                0x200034b0                osal_ms_to_tick
 .text.osal_timer_common_cb
                0x20003518       0x1a F:\data\VeriSilicon\VeriHealthi_QEMU_SDK.202606_preliminary\V3.0-VeriHealthi_QEMU_SDK_v3.7\galaxy_sdk\osal\lib\libosal_riscv.a(osal_timer.c.o)
 .text.osal_timer_create
                0x20003532       0x6e F:\data\VeriSilicon\VeriHealthi_QEMU_SDK.202606_preliminary\V3.0-VeriHealthi_QEMU_SDK_v3.7\galaxy_sdk\osal\lib\libosal_riscv.a(osal_timer.c.o)
                0x20003532                osal_timer_create
 .text.osal_timer_start
                0x200035a0       0x3c F:\data\VeriSilicon\VeriHealthi_QEMU_SDK.202606_preliminary\V3.0-VeriHealthi_QEMU_SDK_v3.7\galaxy_sdk\osal\lib\libosal_riscv.a(osal_timer.c.o)
                0x200035a0                osal_timer_start
 .text.osal_timer_stop
                0x200035dc       0x30 F:\data\VeriSilicon\VeriHealthi_QEMU_SDK.202606_preliminary\V3.0-VeriHealthi_QEMU_SDK_v3.7\galaxy_sdk\osal\lib\libosal_riscv.a(osal_timer.c.o)
                0x200035dc                osal_timer_stop
 .text.osal_create_sem
                0x2000360c       0x38 F:\data\VeriSilicon\VeriHealthi_QEMU_SDK.202606_preliminary\V3.0-VeriHealthi_QEMU_SDK_v3.7\galaxy_sdk\osal\lib\libosal_riscv.a(osal_semaphore.c.o)
                0x2000360c                osal_create_sem
 .text.osal_sem_wait
                0x20003644       0x28 F:\data\VeriSilicon\VeriHealthi_QEMU_SDK.202606_preliminary\V3.0-VeriHealthi_QEMU_SDK_v3.7\galaxy_sdk\osal\lib\libosal_riscv.a(osal_semaphore.c.o)
                0x20003644                osal_sem_wait
 .text.osal_sem_post_isr
                0x2000366c       0x52 F:\data\VeriSilicon\VeriHealthi_QEMU_SDK.202606_preliminary\V3.0-VeriHealthi_QEMU_SDK_v3.7\galaxy_sdk\osal\lib\libosal_riscv.a(osal_semaphore.c.o)
                0x2000366c                osal_sem_post_isr
 .text.osal_get_task_name
                0x200036be        0x6 F:\data\VeriSilicon\VeriHealthi_QEMU_SDK.202606_preliminary\V3.0-VeriHealthi_QEMU_SDK_v3.7\galaxy_sdk\osal\lib\libosal_riscv.a(osal_sys_state.c.o)
                0x200036be                osal_get_task_name
 .text.prvAddNewTaskToReadyList
                0x200036c4      0x170 F:\data\VeriSilicon\VeriHealthi_QEMU_SDK.202606_preliminary\V3.0-VeriHealthi_QEMU_SDK_v3.7\galaxy_sdk\os\lib\libos_riscv.a(tasks.c.o)
 .text.prvAddCurrentTaskToDelayedList
                0x20003834       0xe0 F:\data\VeriSilicon\VeriHealthi_QEMU_SDK.202606_preliminary\V3.0-VeriHealthi_QEMU_SDK_v3.7\galaxy_sdk\os\lib\libos_riscv.a(tasks.c.o)
 .text.prvInitialiseNewTask.constprop.0
                0x20003914       0xdc F:\data\VeriSilicon\VeriHealthi_QEMU_SDK.202606_preliminary\V3.0-VeriHealthi_QEMU_SDK_v3.7\galaxy_sdk\os\lib\libos_riscv.a(tasks.c.o)
 .text.prvIdleTask
                0x200039f0       0xd6 F:\data\VeriSilicon\VeriHealthi_QEMU_SDK.202606_preliminary\V3.0-VeriHealthi_QEMU_SDK_v3.7\galaxy_sdk\os\lib\libos_riscv.a(tasks.c.o)
 .text.xTaskCreateStatic
                0x20003ac6       0x7c F:\data\VeriSilicon\VeriHealthi_QEMU_SDK.202606_preliminary\V3.0-VeriHealthi_QEMU_SDK_v3.7\galaxy_sdk\os\lib\libos_riscv.a(tasks.c.o)
                0x20003ac6                xTaskCreateStatic
 .text.xTaskCreate
                0x20003b42       0x7c F:\data\VeriSilicon\VeriHealthi_QEMU_SDK.202606_preliminary\V3.0-VeriHealthi_QEMU_SDK_v3.7\galaxy_sdk\os\lib\libos_riscv.a(tasks.c.o)
                0x20003b42                xTaskCreate
 .text.vTaskDelete
                0x20003bbe      0x148 F:\data\VeriSilicon\VeriHealthi_QEMU_SDK.202606_preliminary\V3.0-VeriHealthi_QEMU_SDK_v3.7\galaxy_sdk\os\lib\libos_riscv.a(tasks.c.o)
                0x20003bbe                vTaskDelete
 .text.vTaskStartScheduler
                0x20003d06       0xa0 F:\data\VeriSilicon\VeriHealthi_QEMU_SDK.202606_preliminary\V3.0-VeriHealthi_QEMU_SDK_v3.7\galaxy_sdk\os\lib\libos_riscv.a(tasks.c.o)
                0x20003d06                vTaskStartScheduler
 .text.vTaskSuspendAll
                0x20003da6       0x10 F:\data\VeriSilicon\VeriHealthi_QEMU_SDK.202606_preliminary\V3.0-VeriHealthi_QEMU_SDK_v3.7\galaxy_sdk\os\lib\libos_riscv.a(tasks.c.o)
                0x20003da6                vTaskSuspendAll
 .text.xTaskGetTickCount
                0x20003db6       0x20 F:\data\VeriSilicon\VeriHealthi_QEMU_SDK.202606_preliminary\V3.0-VeriHealthi_QEMU_SDK_v3.7\galaxy_sdk\os\lib\libos_riscv.a(tasks.c.o)
                0x20003db6                xTaskGetTickCount
 .text.pcTaskGetName
                0x20003dd6       0x28 F:\data\VeriSilicon\VeriHealthi_QEMU_SDK.202606_preliminary\V3.0-VeriHealthi_QEMU_SDK_v3.7\galaxy_sdk\os\lib\libos_riscv.a(tasks.c.o)
                0x20003dd6                pcTaskGetName
 .text.xTaskIncrementTick
                0x20003dfe      0x1b6 F:\data\VeriSilicon\VeriHealthi_QEMU_SDK.202606_preliminary\V3.0-VeriHealthi_QEMU_SDK_v3.7\galaxy_sdk\os\lib\libos_riscv.a(tasks.c.o)
                0x20003dfe                xTaskIncrementTick
 .text.xTaskResumeAll.part.0
                0x20003fb4      0x154 F:\data\VeriSilicon\VeriHealthi_QEMU_SDK.202606_preliminary\V3.0-VeriHealthi_QEMU_SDK_v3.7\galaxy_sdk\os\lib\libos_riscv.a(tasks.c.o)
 .text.xTaskResumeAll
                0x20004108       0x22 F:\data\VeriSilicon\VeriHealthi_QEMU_SDK.202606_preliminary\V3.0-VeriHealthi_QEMU_SDK_v3.7\galaxy_sdk\os\lib\libos_riscv.a(tasks.c.o)
                0x20004108                xTaskResumeAll
 .text.vTaskDelay
                0x2000412a       0xbc F:\data\VeriSilicon\VeriHealthi_QEMU_SDK.202606_preliminary\V3.0-VeriHealthi_QEMU_SDK_v3.7\galaxy_sdk\os\lib\libos_riscv.a(tasks.c.o)
                0x2000412a                vTaskDelay
 .text.vTaskSwitchContext
                0x200041e6       0xf2 F:\data\VeriSilicon\VeriHealthi_QEMU_SDK.202606_preliminary\V3.0-VeriHealthi_QEMU_SDK_v3.7\galaxy_sdk\os\lib\libos_riscv.a(tasks.c.o)
                0x200041e6                vTaskSwitchContext
 .text.vTaskPlaceOnEventList
                0x200042d8       0x3c F:\data\VeriSilicon\VeriHealthi_QEMU_SDK.202606_preliminary\V3.0-VeriHealthi_QEMU_SDK_v3.7\galaxy_sdk\os\lib\libos_riscv.a(tasks.c.o)
                0x200042d8                vTaskPlaceOnEventList
 .text.vTaskPlaceOnEventListRestricted
                0x20004314       0x46 F:\data\VeriSilicon\VeriHealthi_QEMU_SDK.202606_preliminary\V3.0-VeriHealthi_QEMU_SDK_v3.7\galaxy_sdk\os\lib\libos_riscv.a(tasks.c.o)
                0x20004314                vTaskPlaceOnEventListRestricted
 .text.xTaskRemoveFromEventList
                0x2000435a       0x9e F:\data\VeriSilicon\VeriHealthi_QEMU_SDK.202606_preliminary\V3.0-VeriHealthi_QEMU_SDK_v3.7\galaxy_sdk\os\lib\libos_riscv.a(tasks.c.o)
                0x2000435a                xTaskRemoveFromEventList
 .text.vTaskInternalSetTimeOutState
                0x200043f8       0x16 F:\data\VeriSilicon\VeriHealthi_QEMU_SDK.202606_preliminary\V3.0-VeriHealthi_QEMU_SDK_v3.7\galaxy_sdk\os\lib\libos_riscv.a(tasks.c.o)
                0x200043f8                vTaskInternalSetTimeOutState
 .text.xTaskCheckForTimeOut
                0x2000440e       0x9a F:\data\VeriSilicon\VeriHealthi_QEMU_SDK.202606_preliminary\V3.0-VeriHealthi_QEMU_SDK_v3.7\galaxy_sdk\os\lib\libos_riscv.a(tasks.c.o)
                0x2000440e                xTaskCheckForTimeOut
 .text.vTaskMissedYield
                0x200044a8        0xc F:\data\VeriSilicon\VeriHealthi_QEMU_SDK.202606_preliminary\V3.0-VeriHealthi_QEMU_SDK_v3.7\galaxy_sdk\os\lib\libos_riscv.a(tasks.c.o)
                0x200044a8                vTaskMissedYield
 .text.xTaskGetSchedulerState
                0x200044b4       0x1c F:\data\VeriSilicon\VeriHealthi_QEMU_SDK.202606_preliminary\V3.0-VeriHealthi_QEMU_SDK_v3.7\galaxy_sdk\os\lib\libos_riscv.a(tasks.c.o)
                0x200044b4                xTaskGetSchedulerState
 .text.xTaskPriorityInherit
                0x200044d0       0xa4 F:\data\VeriSilicon\VeriHealthi_QEMU_SDK.202606_preliminary\V3.0-VeriHealthi_QEMU_SDK_v3.7\galaxy_sdk\os\lib\libos_riscv.a(tasks.c.o)
                0x200044d0                xTaskPriorityInherit
 .text.xTaskPriorityDisinherit
                0x20004574       0xa0 F:\data\VeriSilicon\VeriHealthi_QEMU_SDK.202606_preliminary\V3.0-VeriHealthi_QEMU_SDK_v3.7\galaxy_sdk\os\lib\libos_riscv.a(tasks.c.o)
                0x20004574                xTaskPriorityDisinherit
 .text.vTaskPriorityDisinheritAfterTimeout
                0x20004614       0xc6 F:\data\VeriSilicon\VeriHealthi_QEMU_SDK.202606_preliminary\V3.0-VeriHealthi_QEMU_SDK_v3.7\galaxy_sdk\os\lib\libos_riscv.a(tasks.c.o)
                0x20004614                vTaskPriorityDisinheritAfterTimeout
 .text.pvTaskIncrementMutexHeldCount
                0x200046da       0x1a F:\data\VeriSilicon\VeriHealthi_QEMU_SDK.202606_preliminary\V3.0-VeriHealthi_QEMU_SDK_v3.7\galaxy_sdk\os\lib\libos_riscv.a(tasks.c.o)
                0x200046da                pvTaskIncrementMutexHeldCount
 .text.prvCopyDataToQueue
                0x200046f4       0xa0 F:\data\VeriSilicon\VeriHealthi_QEMU_SDK.202606_preliminary\V3.0-VeriHealthi_QEMU_SDK_v3.7\galaxy_sdk\os\lib\libos_riscv.a(queue.c.o)
 .text.prvNotifyQueueSetContainer
                0x20004794       0xb8 F:\data\VeriSilicon\VeriHealthi_QEMU_SDK.202606_preliminary\V3.0-VeriHealthi_QEMU_SDK_v3.7\galaxy_sdk\os\lib\libos_riscv.a(queue.c.o)
 .text.prvUnlockQueue
                0x2000484c       0xc4 F:\data\VeriSilicon\VeriHealthi_QEMU_SDK.202606_preliminary\V3.0-VeriHealthi_QEMU_SDK_v3.7\galaxy_sdk\os\lib\libos_riscv.a(queue.c.o)
 .text.xQueueGenericReset
                0x20004910       0xbc F:\data\VeriSilicon\VeriHealthi_QEMU_SDK.202606_preliminary\V3.0-VeriHealthi_QEMU_SDK_v3.7\galaxy_sdk\os\lib\libos_riscv.a(queue.c.o)
                0x20004910                xQueueGenericReset
 .text.xQueueGenericCreateStatic
                0x200049cc       0xc8 F:\data\VeriSilicon\VeriHealthi_QEMU_SDK.202606_preliminary\V3.0-VeriHealthi_QEMU_SDK_v3.7\galaxy_sdk\os\lib\libos_riscv.a(queue.c.o)
                0x200049cc                xQueueGenericCreateStatic
 .text.xQueueGenericCreate
                0x20004a94       0xc2 F:\data\VeriSilicon\VeriHealthi_QEMU_SDK.202606_preliminary\V3.0-VeriHealthi_QEMU_SDK_v3.7\galaxy_sdk\os\lib\libos_riscv.a(queue.c.o)
                0x20004a94                xQueueGenericCreate
 .text.xQueueGenericSend
                0x20004b56      0x220 F:\data\VeriSilicon\VeriHealthi_QEMU_SDK.202606_preliminary\V3.0-VeriHealthi_QEMU_SDK_v3.7\galaxy_sdk\os\lib\libos_riscv.a(queue.c.o)
                0x20004b56                xQueueGenericSend
 .text.xQueueGenericSendFromISR
                0x20004d76      0x13c F:\data\VeriSilicon\VeriHealthi_QEMU_SDK.202606_preliminary\V3.0-VeriHealthi_QEMU_SDK_v3.7\galaxy_sdk\os\lib\libos_riscv.a(queue.c.o)
                0x20004d76                xQueueGenericSendFromISR
 .text.xQueueGiveFromISR
                0x20004eb2       0xfc F:\data\VeriSilicon\VeriHealthi_QEMU_SDK.202606_preliminary\V3.0-VeriHealthi_QEMU_SDK_v3.7\galaxy_sdk\os\lib\libos_riscv.a(queue.c.o)
                0x20004eb2                xQueueGiveFromISR
 .text.xQueueReceive
                0x20004fae      0x1ce F:\data\VeriSilicon\VeriHealthi_QEMU_SDK.202606_preliminary\V3.0-VeriHealthi_QEMU_SDK_v3.7\galaxy_sdk\os\lib\libos_riscv.a(queue.c.o)
                0x20004fae                xQueueReceive
 .text.xQueueSemaphoreTake
                0x2000517c      0x208 F:\data\VeriSilicon\VeriHealthi_QEMU_SDK.202606_preliminary\V3.0-VeriHealthi_QEMU_SDK_v3.7\galaxy_sdk\os\lib\libos_riscv.a(queue.c.o)
                0x2000517c                xQueueSemaphoreTake
 .text.vQueueWaitForMessageRestricted
                0x20005384       0x6c F:\data\VeriSilicon\VeriHealthi_QEMU_SDK.202606_preliminary\V3.0-VeriHealthi_QEMU_SDK_v3.7\galaxy_sdk\os\lib\libos_riscv.a(queue.c.o)
                0x20005384                vQueueWaitForMessageRestricted
 .text.vListInitialise
                0x200053f0       0x14 F:\data\VeriSilicon\VeriHealthi_QEMU_SDK.202606_preliminary\V3.0-VeriHealthi_QEMU_SDK_v3.7\galaxy_sdk\os\lib\libos_riscv.a(list.c.o)
                0x200053f0                vListInitialise
 .text.vListInitialiseItem
                0x20005404        0x6 F:\data\VeriSilicon\VeriHealthi_QEMU_SDK.202606_preliminary\V3.0-VeriHealthi_QEMU_SDK_v3.7\galaxy_sdk\os\lib\libos_riscv.a(list.c.o)
                0x20005404                vListInitialiseItem
 .text.vListInsertEnd
                0x2000540a       0x16 F:\data\VeriSilicon\VeriHealthi_QEMU_SDK.202606_preliminary\V3.0-VeriHealthi_QEMU_SDK_v3.7\galaxy_sdk\os\lib\libos_riscv.a(list.c.o)
                0x2000540a                vListInsertEnd
 .text.vListInsert
                0x20005420       0x2e F:\data\VeriSilicon\VeriHealthi_QEMU_SDK.202606_preliminary\V3.0-VeriHealthi_QEMU_SDK_v3.7\galaxy_sdk\os\lib\libos_riscv.a(list.c.o)
                0x20005420                vListInsert
 .text.uxListRemove
                0x2000544e       0x2e F:\data\VeriSilicon\VeriHealthi_QEMU_SDK.202606_preliminary\V3.0-VeriHealthi_QEMU_SDK_v3.7\galaxy_sdk\os\lib\libos_riscv.a(list.c.o)
                0x2000544e                uxListRemove
 .text.prvCheckForValidListAndQueue
                0x2000547c       0x7e F:\data\VeriSilicon\VeriHealthi_QEMU_SDK.202606_preliminary\V3.0-VeriHealthi_QEMU_SDK_v3.7\galaxy_sdk\os\lib\libos_riscv.a(timers.c.o)
 .text.xTimerCreateTimerTask
                0x200054fa       0x66 F:\data\VeriSilicon\VeriHealthi_QEMU_SDK.202606_preliminary\V3.0-VeriHealthi_QEMU_SDK_v3.7\galaxy_sdk\os\lib\libos_riscv.a(timers.c.o)
                0x200054fa                xTimerCreateTimerTask
 .text.xTimerCreate
                0x20005560       0x7e F:\data\VeriSilicon\VeriHealthi_QEMU_SDK.202606_preliminary\V3.0-VeriHealthi_QEMU_SDK_v3.7\galaxy_sdk\os\lib\libos_riscv.a(timers.c.o)
                0x20005560                xTimerCreate
 .text.xTimerGenericCommand
                0x200055de       0x84 F:\data\VeriSilicon\VeriHealthi_QEMU_SDK.202606_preliminary\V3.0-VeriHealthi_QEMU_SDK_v3.7\galaxy_sdk\os\lib\libos_riscv.a(timers.c.o)
                0x200055de                xTimerGenericCommand
 .text.prvSwitchTimerLists
                0x20005662       0x96 F:\data\VeriSilicon\VeriHealthi_QEMU_SDK.202606_preliminary\V3.0-VeriHealthi_QEMU_SDK_v3.7\galaxy_sdk\os\lib\libos_riscv.a(timers.c.o)
 .text.prvTimerTask
                0x200056f8      0x2bc F:\data\VeriSilicon\VeriHealthi_QEMU_SDK.202606_preliminary\V3.0-VeriHealthi_QEMU_SDK_v3.7\galaxy_sdk\os\lib\libos_riscv.a(timers.c.o)
 .text.pvTimerGetTimerID
                0x200059b4       0x34 F:\data\VeriSilicon\VeriHealthi_QEMU_SDK.202606_preliminary\V3.0-VeriHealthi_QEMU_SDK_v3.7\galaxy_sdk\os\lib\libos_riscv.a(timers.c.o)
                0x200059b4                pvTimerGetTimerID
 .text.prvInsertBlockIntoFreeList
                0x200059e8       0x62 F:\data\VeriSilicon\VeriHealthi_QEMU_SDK.202606_preliminary\V3.0-VeriHealthi_QEMU_SDK_v3.7\galaxy_sdk\os\lib\libos_riscv.a(heap_4.c.o)
 .text.pvPortMalloc
                0x20005a4a      0x1a0 F:\data\VeriSilicon\VeriHealthi_QEMU_SDK.202606_preliminary\V3.0-VeriHealthi_QEMU_SDK_v3.7\galaxy_sdk\os\lib\libos_riscv.a(heap_4.c.o)
                0x20005a4a                pvPortMalloc
 .text.vPortFree
                0x20005bea       0x8c F:\data\VeriSilicon\VeriHealthi_QEMU_SDK.202606_preliminary\V3.0-VeriHealthi_QEMU_SDK_v3.7\galaxy_sdk\os\lib\libos_riscv.a(heap_4.c.o)
                0x20005bea                vPortFree
 .text.atexit   0x20005c76        0xc F:/Software/NucleiStudio_IDE/NucleiStudio/toolchain/gcc/bin/../lib/gcc/riscv64-unknown-elf/14.2.1/../../../../riscv64-unknown-elf/lib/rv32imafc_zaamo_zalrsc_xxldsp/ilp32f\libc_nano.a(libc_a-atexit.o)
                0x20005c76                atexit
 .text.calloc   0x20005c82        0xa F:/Software/NucleiStudio_IDE/NucleiStudio/toolchain/gcc/bin/../lib/gcc/riscv64-unknown-elf/14.2.1/../../../../riscv64-unknown-elf/lib/rv32imafc_zaamo_zalrsc_xxldsp/ilp32f\libc_nano.a(libc_a-calloc.o)
                0x20005c82                calloc
 .text._calloc_r
                0x20005c8c       0x34 F:/Software/NucleiStudio_IDE/NucleiStudio/toolchain/gcc/bin/../lib/gcc/riscv64-unknown-elf/14.2.1/../../../../riscv64-unknown-elf/lib/rv32imafc_zaamo_zalrsc_xxldsp/ilp32f\libc_nano.a(libc_a-callocr.o)
                0x20005c8c                _calloc_r
 .text.malloc   0x20005cc0        0x8 F:/Software/NucleiStudio_IDE/NucleiStudio/toolchain/gcc/bin/../lib/gcc/riscv64-unknown-elf/14.2.1/../../../../riscv64-unknown-elf/lib/rv32imafc_zaamo_zalrsc_xxldsp/ilp32f\libc_nano.a(libc_a-malloc.o)
                0x20005cc0                malloc
 .text.free     0x20005cc8        0xa F:/Software/NucleiStudio_IDE/NucleiStudio/toolchain/gcc/bin/../lib/gcc/riscv64-unknown-elf/14.2.1/../../../../riscv64-unknown-elf/lib/rv32imafc_zaamo_zalrsc_xxldsp/ilp32f\libc_nano.a(libc_a-malloc.o)
                0x20005cc8                free
 .text.sbrk_aligned
                0x20005cd2       0x5e F:/Software/NucleiStudio_IDE/NucleiStudio/toolchain/gcc/bin/../lib/gcc/riscv64-unknown-elf/14.2.1/../../../../riscv64-unknown-elf/lib/rv32imafc_zaamo_zalrsc_xxldsp/ilp32f\libc_nano.a(libc_a-mallocr.o)
 .text._malloc_r
                0x20005d30      0x128 F:/Software/NucleiStudio_IDE/NucleiStudio/toolchain/gcc/bin/../lib/gcc/riscv64-unknown-elf/14.2.1/../../../../riscv64-unknown-elf/lib/rv32imafc_zaamo_zalrsc_xxldsp/ilp32f\libc_nano.a(libc_a-mallocr.o)
                0x20005d30                _malloc_r
 .text.__malloc_lock
                0x20005e58        0x2 F:/Software/NucleiStudio_IDE/NucleiStudio/toolchain/gcc/bin/../lib/gcc/riscv64-unknown-elf/14.2.1/../../../../riscv64-unknown-elf/lib/rv32imafc_zaamo_zalrsc_xxldsp/ilp32f\libc_nano.a(libc_a-mlock.o)
                0x20005e58                __malloc_lock
 .text.__malloc_unlock
                0x20005e5a        0x2 F:/Software/NucleiStudio_IDE/NucleiStudio/toolchain/gcc/bin/../lib/gcc/riscv64-unknown-elf/14.2.1/../../../../riscv64-unknown-elf/lib/rv32imafc_zaamo_zalrsc_xxldsp/ilp32f\libc_nano.a(libc_a-mlock.o)
                0x20005e5a                __malloc_unlock
 .text.__cvt    0x20005e5c       0xfe F:/Software/NucleiStudio_IDE/NucleiStudio/toolchain/gcc/bin/../lib/gcc/riscv64-unknown-elf/14.2.1/../../../../riscv64-unknown-elf/lib/rv32imafc_zaamo_zalrsc_xxldsp/ilp32f\libc_nano.a(libc_a-nano-vfprintf_float.o)
                0x20005e5c                __cvt
 .text.__exponent
                0x20005f5a       0x9c F:/Software/NucleiStudio_IDE/NucleiStudio/toolchain/gcc/bin/../lib/gcc/riscv64-unknown-elf/14.2.1/../../../../riscv64-unknown-elf/lib/rv32imafc_zaamo_zalrsc_xxldsp/ilp32f\libc_nano.a(libc_a-nano-vfprintf_float.o)
                0x20005f5a                __exponent
 .text._printf_float
                0x20005ff6      0x4d2 F:/Software/NucleiStudio_IDE/NucleiStudio/toolchain/gcc/bin/../lib/gcc/riscv64-unknown-elf/14.2.1/../../../../riscv64-unknown-elf/lib/rv32imafc_zaamo_zalrsc_xxldsp/ilp32f\libc_nano.a(libc_a-nano-vfprintf_float.o)
                0x20005ff6                _printf_float
 .text._printf_common
                0x200064c8      0x112 F:/Software/NucleiStudio_IDE/NucleiStudio/toolchain/gcc/bin/../lib/gcc/riscv64-unknown-elf/14.2.1/../../../../riscv64-unknown-elf/lib/rv32imafc_zaamo_zalrsc_xxldsp/ilp32f\libc_nano.a(libc_a-nano-vfprintf_i.o)
                0x200064c8                _printf_common
 .text._printf_i
                0x200065da      0x262 F:/Software/NucleiStudio_IDE/NucleiStudio/toolchain/gcc/bin/../lib/gcc/riscv64-unknown-elf/14.2.1/../../../../riscv64-unknown-elf/lib/rv32imafc_zaamo_zalrsc_xxldsp/ilp32f\libc_nano.a(libc_a-nano-vfprintf_i.o)
                0x200065da                _printf_i
 .text.printf   0x2000683c       0x2a F:/Software/NucleiStudio_IDE/NucleiStudio/toolchain/gcc/bin/../lib/gcc/riscv64-unknown-elf/14.2.1/../../../../riscv64-unknown-elf/lib/rv32imafc_zaamo_zalrsc_xxldsp/ilp32f\libc_nano.a(libc_a-printf.o)
                0x2000683c                iprintf
                0x2000683c                printf
 .text.vprintf  0x20006866        0xe F:/Software/NucleiStudio_IDE/NucleiStudio/toolchain/gcc/bin/../lib/gcc/riscv64-unknown-elf/14.2.1/../../../../riscv64-unknown-elf/lib/rv32imafc_zaamo_zalrsc_xxldsp/ilp32f\libc_nano.a(libc_a-vprintf.o)
                0x20006866                viprintf
                0x20006866                vprintf
 .text.memchr   0x20006874       0x1a F:/Software/NucleiStudio_IDE/NucleiStudio/toolchain/gcc/bin/../lib/gcc/riscv64-unknown-elf/14.2.1/../../../../riscv64-unknown-elf/lib/rv32imafc_zaamo_zalrsc_xxldsp/ilp32f\libc_nano.a(libc_a-memchr.o)
                0x20006874                memchr
 .text._localeconv_r
                0x2000688e        0xa F:/Software/NucleiStudio_IDE/NucleiStudio/toolchain/gcc/bin/../lib/gcc/riscv64-unknown-elf/14.2.1/../../../../riscv64-unknown-elf/lib/rv32imafc_zaamo_zalrsc_xxldsp/ilp32f\libc_nano.a(libc_a-localeconv.o)
                0x2000688e                _localeconv_r
 .text._sbrk_r  0x20006898       0x30 F:/Software/NucleiStudio_IDE/NucleiStudio/toolchain/gcc/bin/../lib/gcc/riscv64-unknown-elf/14.2.1/../../../../riscv64-unknown-elf/lib/rv32imafc_zaamo_zalrsc_xxldsp/ilp32f\libc_nano.a(libc_a-sbrkr.o)
                0x20006898                _sbrk_r
 .text.__libc_init_array
                0x200068c8       0x5e F:/Software/NucleiStudio_IDE/NucleiStudio/toolchain/gcc/bin/../lib/gcc/riscv64-unknown-elf/14.2.1/../../../../riscv64-unknown-elf/lib/rv32imafc_zaamo_zalrsc_xxldsp/ilp32f\libc_nano.a(libc_a-init.o)
                0x200068c8                __libc_init_array
 .text.__libc_fini_array
                0x20006926       0x36 F:/Software/NucleiStudio_IDE/NucleiStudio/toolchain/gcc/bin/../lib/gcc/riscv64-unknown-elf/14.2.1/../../../../riscv64-unknown-elf/lib/rv32imafc_zaamo_zalrsc_xxldsp/ilp32f\libc_nano.a(libc_a-fini.o)
                0x20006926                __libc_fini_array
 .text.memmove  0x2000695c       0x4a F:/Software/NucleiStudio_IDE/NucleiStudio/toolchain/gcc/bin/../lib/gcc/riscv64-unknown-elf/14.2.1/../../../../riscv64-unknown-elf/lib/rv32imafc_zaamo_zalrsc_xxldsp/ilp32f\libc_nano.a(libc_a-memmove-stub.o)
                0x2000695c                memmove
 *fill*         0x200069a6        0x2 
 .text          0x200069a8       0xaa F:/Software/NucleiStudio_IDE/NucleiStudio/toolchain/gcc/bin/../lib/gcc/riscv64-unknown-elf/14.2.1/../../../../riscv64-unknown-elf/lib/rv32imafc_zaamo_zalrsc_xxldsp/ilp32f\libc_nano.a(libc_a-memset.o)
                0x200069a8                memset
 *fill*         0x20006a52        0x2 
 .text.memcpy   0x20006a54       0xea F:/Software/NucleiStudio_IDE/NucleiStudio/toolchain/gcc/bin/../lib/gcc/riscv64-unknown-elf/14.2.1/../../../../riscv64-unknown-elf/lib/rv32imafc_zaamo_zalrsc_xxldsp/ilp32f\libc_nano.a(libc_a-memcpy.o)
                0x20006a54                memcpy
 *fill*         0x20006b3e        0x2 
 .text.strlen   0x20006b40       0x12 F:/Software/NucleiStudio_IDE/NucleiStudio/toolchain/gcc/bin/../lib/gcc/riscv64-unknown-elf/14.2.1/../../../../riscv64-unknown-elf/lib/rv32imafc_zaamo_zalrsc_xxldsp/ilp32f\libc_nano.a(libc_a-strlen.o)
                0x20006b40                strlen
 .text.__register_exitproc
                0x20006b52       0x80 F:/Software/NucleiStudio_IDE/NucleiStudio/toolchain/gcc/bin/../lib/gcc/riscv64-unknown-elf/14.2.1/../../../../riscv64-unknown-elf/lib/rv32imafc_zaamo_zalrsc_xxldsp/ilp32f\libc_nano.a(libc_a-__atexit.o)
                0x20006b52                __register_exitproc
 .text.quorem   0x20006bd2      0x134 F:/Software/NucleiStudio_IDE/NucleiStudio/toolchain/gcc/bin/../lib/gcc/riscv64-unknown-elf/14.2.1/../../../../riscv64-unknown-elf/lib/rv32imafc_zaamo_zalrsc_xxldsp/ilp32f\libc_nano.a(libc_a-dtoa.o)
 .text._dtoa_r  0x20006d06      0xbf0 F:/Software/NucleiStudio_IDE/NucleiStudio/toolchain/gcc/bin/../lib/gcc/riscv64-unknown-elf/14.2.1/../../../../riscv64-unknown-elf/lib/rv32imafc_zaamo_zalrsc_xxldsp/ilp32f\libc_nano.a(libc_a-dtoa.o)
                0x20006d06                _dtoa_r
 .text._free_r  0x200078f6       0xa6 F:/Software/NucleiStudio_IDE/NucleiStudio/toolchain/gcc/bin/../lib/gcc/riscv64-unknown-elf/14.2.1/../../../../riscv64-unknown-elf/lib/rv32imafc_zaamo_zalrsc_xxldsp/ilp32f\libc_nano.a(libc_a-freer.o)
                0x200078f6                _free_r
 .text._Balloc  0x2000799c       0xa2 F:/Software/NucleiStudio_IDE/NucleiStudio/toolchain/gcc/bin/../lib/gcc/riscv64-unknown-elf/14.2.1/../../../../riscv64-unknown-elf/lib/rv32imafc_zaamo_zalrsc_xxldsp/ilp32f\libc_nano.a(libc_a-mprec.o)
                0x2000799c                _Balloc
 .text._Bfree   0x20007a3e       0x60 F:/Software/NucleiStudio_IDE/NucleiStudio/toolchain/gcc/bin/../lib/gcc/riscv64-unknown-elf/14.2.1/../../../../riscv64-unknown-elf/lib/rv32imafc_zaamo_zalrsc_xxldsp/ilp32f\libc_nano.a(libc_a-mprec.o)
                0x20007a3e                _Bfree
 .text.__multadd
                0x20007a9e       0xbe F:/Software/NucleiStudio_IDE/NucleiStudio/toolchain/gcc/bin/../lib/gcc/riscv64-unknown-elf/14.2.1/../../../../riscv64-unknown-elf/lib/rv32imafc_zaamo_zalrsc_xxldsp/ilp32f\libc_nano.a(libc_a-mprec.o)
                0x20007a9e                __multadd
 .text.__hi0bits
                0x20007b5c       0x46 F:/Software/NucleiStudio_IDE/NucleiStudio/toolchain/gcc/bin/../lib/gcc/riscv64-unknown-elf/14.2.1/../../../../riscv64-unknown-elf/lib/rv32imafc_zaamo_zalrsc_xxldsp/ilp32f\libc_nano.a(libc_a-mprec.o)
                0x20007b5c                __hi0bits
 .text.__lo0bits
                0x20007ba2       0x6a F:/Software/NucleiStudio_IDE/NucleiStudio/toolchain/gcc/bin/../lib/gcc/riscv64-unknown-elf/14.2.1/../../../../riscv64-unknown-elf/lib/rv32imafc_zaamo_zalrsc_xxldsp/ilp32f\libc_nano.a(libc_a-mprec.o)
                0x20007ba2                __lo0bits
 .text.__i2b    0x20007c0c       0x38 F:/Software/NucleiStudio_IDE/NucleiStudio/toolchain/gcc/bin/../lib/gcc/riscv64-unknown-elf/14.2.1/../../../../riscv64-unknown-elf/lib/rv32imafc_zaamo_zalrsc_xxldsp/ilp32f\libc_nano.a(libc_a-mprec.o)
                0x20007c0c                __i2b
 .text.__multiply
                0x20007c44      0x17e F:/Software/NucleiStudio_IDE/NucleiStudio/toolchain/gcc/bin/../lib/gcc/riscv64-unknown-elf/14.2.1/../../../../riscv64-unknown-elf/lib/rv32imafc_zaamo_zalrsc_xxldsp/ilp32f\libc_nano.a(libc_a-mprec.o)
                0x20007c44                __multiply
 .text.__pow5mult
                0x20007dc2       0xe2 F:/Software/NucleiStudio_IDE/NucleiStudio/toolchain/gcc/bin/../lib/gcc/riscv64-unknown-elf/14.2.1/../../../../riscv64-unknown-elf/lib/rv32imafc_zaamo_zalrsc_xxldsp/ilp32f\libc_nano.a(libc_a-mprec.o)
                0x20007dc2                __pow5mult
 .text.__lshift
                0x20007ea4      0x104 F:/Software/NucleiStudio_IDE/NucleiStudio/toolchain/gcc/bin/../lib/gcc/riscv64-unknown-elf/14.2.1/../../../../riscv64-unknown-elf/lib/rv32imafc_zaamo_zalrsc_xxldsp/ilp32f\libc_nano.a(libc_a-mprec.o)
                0x20007ea4                __lshift
 .text.__mcmp   0x20007fa8       0x36 F:/Software/NucleiStudio_IDE/NucleiStudio/toolchain/gcc/bin/../lib/gcc/riscv64-unknown-elf/14.2.1/../../../../riscv64-unknown-elf/lib/rv32imafc_zaamo_zalrsc_xxldsp/ilp32f\libc_nano.a(libc_a-mprec.o)
                0x20007fa8                __mcmp
 .text.__mdiff  0x20007fde      0x174 F:/Software/NucleiStudio_IDE/NucleiStudio/toolchain/gcc/bin/../lib/gcc/riscv64-unknown-elf/14.2.1/../../../../riscv64-unknown-elf/lib/rv32imafc_zaamo_zalrsc_xxldsp/ilp32f\libc_nano.a(libc_a-mprec.o)
                0x20007fde                __mdiff
 .text.__d2b    0x20008152       0xe0 F:/Software/NucleiStudio_IDE/NucleiStudio/toolchain/gcc/bin/../lib/gcc/riscv64-unknown-elf/14.2.1/../../../../riscv64-unknown-elf/lib/rv32imafc_zaamo_zalrsc_xxldsp/ilp32f\libc_nano.a(libc_a-mprec.o)
                0x20008152                __d2b
 .text.__sfputc_r
                0x20008232       0x28 F:/Software/NucleiStudio_IDE/NucleiStudio/toolchain/gcc/bin/../lib/gcc/riscv64-unknown-elf/14.2.1/../../../../riscv64-unknown-elf/lib/rv32imafc_zaamo_zalrsc_xxldsp/ilp32f\libc_nano.a(libc_a-nano-vfprintf.o)
 .text.__sfputs_r
                0x2000825a       0x44 F:/Software/NucleiStudio_IDE/NucleiStudio/toolchain/gcc/bin/../lib/gcc/riscv64-unknown-elf/14.2.1/../../../../riscv64-unknown-elf/lib/rv32imafc_zaamo_zalrsc_xxldsp/ilp32f\libc_nano.a(libc_a-nano-vfprintf.o)
                0x2000825a                __sfputs_r
 .text._vfprintf_r
                0x2000829e      0x278 F:/Software/NucleiStudio_IDE/NucleiStudio/toolchain/gcc/bin/../lib/gcc/riscv64-unknown-elf/14.2.1/../../../../riscv64-unknown-elf/lib/rv32imafc_zaamo_zalrsc_xxldsp/ilp32f\libc_nano.a(libc_a-nano-vfprintf.o)
                0x2000829e                _vfprintf_r
                0x2000829e                _vfiprintf_r
 .text.std      0x20008516       0x6a F:/Software/NucleiStudio_IDE/NucleiStudio/toolchain/gcc/bin/../lib/gcc/riscv64-unknown-elf/14.2.1/../../../../riscv64-unknown-elf/lib/rv32imafc_zaamo_zalrsc_xxldsp/ilp32f\libc_nano.a(libc_a-findfp.o)
 .text.stdio_exit_handler
                0x20008580       0x1a F:/Software/NucleiStudio_IDE/NucleiStudio/toolchain/gcc/bin/../lib/gcc/riscv64-unknown-elf/14.2.1/../../../../riscv64-unknown-elf/lib/rv32imafc_zaamo_zalrsc_xxldsp/ilp32f\libc_nano.a(libc_a-findfp.o)
 .text.cleanup_stdio
                0x2000859a       0x4a F:/Software/NucleiStudio_IDE/NucleiStudio/toolchain/gcc/bin/../lib/gcc/riscv64-unknown-elf/14.2.1/../../../../riscv64-unknown-elf/lib/rv32imafc_zaamo_zalrsc_xxldsp/ilp32f\libc_nano.a(libc_a-findfp.o)
 .text.global_stdio_init.part.0
                0x200085e4       0x48 F:/Software/NucleiStudio_IDE/NucleiStudio/toolchain/gcc/bin/../lib/gcc/riscv64-unknown-elf/14.2.1/../../../../riscv64-unknown-elf/lib/rv32imafc_zaamo_zalrsc_xxldsp/ilp32f\libc_nano.a(libc_a-findfp.o)
 .text.__sinit  0x2000862c       0x1e F:/Software/NucleiStudio_IDE/NucleiStudio/toolchain/gcc/bin/../lib/gcc/riscv64-unknown-elf/14.2.1/../../../../riscv64-unknown-elf/lib/rv32imafc_zaamo_zalrsc_xxldsp/ilp32f\libc_nano.a(libc_a-findfp.o)
                0x2000862c                __sinit
 .text._fwalk_sglue
                0x2000864a       0x68 F:/Software/NucleiStudio_IDE/NucleiStudio/toolchain/gcc/bin/../lib/gcc/riscv64-unknown-elf/14.2.1/../../../../riscv64-unknown-elf/lib/rv32imafc_zaamo_zalrsc_xxldsp/ilp32f\libc_nano.a(libc_a-fwalk.o)
                0x2000864a                _fwalk_sglue
 .text.__sread  0x200086b2       0x30 F:/Software/NucleiStudio_IDE/NucleiStudio/toolchain/gcc/bin/../lib/gcc/riscv64-unknown-elf/14.2.1/../../../../riscv64-unknown-elf/lib/rv32imafc_zaamo_zalrsc_xxldsp/ilp32f\libc_nano.a(libc_a-stdio.o)
                0x200086b2                __sread
 .text.__swrite
                0x200086e2       0x4e F:/Software/NucleiStudio_IDE/NucleiStudio/toolchain/gcc/bin/../lib/gcc/riscv64-unknown-elf/14.2.1/../../../../riscv64-unknown-elf/lib/rv32imafc_zaamo_zalrsc_xxldsp/ilp32f\libc_nano.a(libc_a-stdio.o)
                0x200086e2                __swrite
 .text.__sseek  0x20008730       0x36 F:/Software/NucleiStudio_IDE/NucleiStudio/toolchain/gcc/bin/../lib/gcc/riscv64-unknown-elf/14.2.1/../../../../riscv64-unknown-elf/lib/rv32imafc_zaamo_zalrsc_xxldsp/ilp32f\libc_nano.a(libc_a-stdio.o)
                0x20008730                __sseek
 .text.__sclose
                0x20008766        0x6 F:/Software/NucleiStudio_IDE/NucleiStudio/toolchain/gcc/bin/../lib/gcc/riscv64-unknown-elf/14.2.1/../../../../riscv64-unknown-elf/lib/rv32imafc_zaamo_zalrsc_xxldsp/ilp32f\libc_nano.a(libc_a-stdio.o)
                0x20008766                __sclose
 .text.__swbuf_r
                0x2000876c       0x98 F:/Software/NucleiStudio_IDE/NucleiStudio/toolchain/gcc/bin/../lib/gcc/riscv64-unknown-elf/14.2.1/../../../../riscv64-unknown-elf/lib/rv32imafc_zaamo_zalrsc_xxldsp/ilp32f\libc_nano.a(libc_a-wbuf.o)
                0x2000876c                __swbuf_r
 .text.__swsetup_r
                0x20008804       0xc2 F:/Software/NucleiStudio_IDE/NucleiStudio/toolchain/gcc/bin/../lib/gcc/riscv64-unknown-elf/14.2.1/../../../../riscv64-unknown-elf/lib/rv32imafc_zaamo_zalrsc_xxldsp/ilp32f\libc_nano.a(libc_a-wsetup.o)
                0x20008804                __swsetup_r
 .text._close_r
                0x200088c6       0x30 F:/Software/NucleiStudio_IDE/NucleiStudio/toolchain/gcc/bin/../lib/gcc/riscv64-unknown-elf/14.2.1/../../../../riscv64-unknown-elf/lib/rv32imafc_zaamo_zalrsc_xxldsp/ilp32f\libc_nano.a(libc_a-closer.o)
                0x200088c6                _close_r
 .text._lseek_r
                0x200088f6       0x34 F:/Software/NucleiStudio_IDE/NucleiStudio/toolchain/gcc/bin/../lib/gcc/riscv64-unknown-elf/14.2.1/../../../../riscv64-unknown-elf/lib/rv32imafc_zaamo_zalrsc_xxldsp/ilp32f\libc_nano.a(libc_a-lseekr.o)
                0x200088f6                _lseek_r
 .text._read_r  0x2000892a       0x34 F:/Software/NucleiStudio_IDE/NucleiStudio/toolchain/gcc/bin/../lib/gcc/riscv64-unknown-elf/14.2.1/../../../../riscv64-unknown-elf/lib/rv32imafc_zaamo_zalrsc_xxldsp/ilp32f\libc_nano.a(libc_a-readr.o)
                0x2000892a                _read_r
 .text._write_r
                0x2000895e       0x34 F:/Software/NucleiStudio_IDE/NucleiStudio/toolchain/gcc/bin/../lib/gcc/riscv64-unknown-elf/14.2.1/../../../../riscv64-unknown-elf/lib/rv32imafc_zaamo_zalrsc_xxldsp/ilp32f\libc_nano.a(libc_a-writer.o)
                0x2000895e                _write_r
 .text.__assert_func
                0x20008992       0x36 F:/Software/NucleiStudio_IDE/NucleiStudio/toolchain/gcc/bin/../lib/gcc/riscv64-unknown-elf/14.2.1/../../../../riscv64-unknown-elf/lib/rv32imafc_zaamo_zalrsc_xxldsp/ilp32f\libc_nano.a(libc_a-assert.o)
                0x20008992                __assert_func
 .text.__ascii_mbtowc
                0x200089c8       0x3a F:/Software/NucleiStudio_IDE/NucleiStudio/toolchain/gcc/bin/../lib/gcc/riscv64-unknown-elf/14.2.1/../../../../riscv64-unknown-elf/lib/rv32imafc_zaamo_zalrsc_xxldsp/ilp32f\libc_nano.a(libc_a-mbtowc_r.o)
                0x200089c8                __ascii_mbtowc
 .text.__ascii_wctomb
                0x20008a02       0x20 F:/Software/NucleiStudio_IDE/NucleiStudio/toolchain/gcc/bin/../lib/gcc/riscv64-unknown-elf/14.2.1/../../../../riscv64-unknown-elf/lib/rv32imafc_zaamo_zalrsc_xxldsp/ilp32f\libc_nano.a(libc_a-wctomb_r.o)
                0x20008a02                __ascii_wctomb
 .text.__sflush_r
                0x20008a22      0x130 F:/Software/NucleiStudio_IDE/NucleiStudio/toolchain/gcc/bin/../lib/gcc/riscv64-unknown-elf/14.2.1/../../../../riscv64-unknown-elf/lib/rv32imafc_zaamo_zalrsc_xxldsp/ilp32f\libc_nano.a(libc_a-fflush.o)
                0x20008a22                __sflush_r
 .text._fflush_r
                0x20008b52       0x3a F:/Software/NucleiStudio_IDE/NucleiStudio/toolchain/gcc/bin/../lib/gcc/riscv64-unknown-elf/14.2.1/../../../../riscv64-unknown-elf/lib/rv32imafc_zaamo_zalrsc_xxldsp/ilp32f\libc_nano.a(libc_a-fflush.o)
                0x20008b52                _fflush_r
 .text.fprintf  0x20008b8c       0x26 F:/Software/NucleiStudio_IDE/NucleiStudio/toolchain/gcc/bin/../lib/gcc/riscv64-unknown-elf/14.2.1/../../../../riscv64-unknown-elf/lib/rv32imafc_zaamo_zalrsc_xxldsp/ilp32f\libc_nano.a(libc_a-fprintf.o)
                0x20008b8c                fiprintf
                0x20008b8c                fprintf
 .text.__swhatbuf_r
                0x20008bb2       0x5a F:/Software/NucleiStudio_IDE/NucleiStudio/toolchain/gcc/bin/../lib/gcc/riscv64-unknown-elf/14.2.1/../../../../riscv64-unknown-elf/lib/rv32imafc_zaamo_zalrsc_xxldsp/ilp32f\libc_nano.a(libc_a-makebuf.o)
                0x20008bb2                __swhatbuf_r
 .text.__smakebuf_r
                0x20008c0c       0x86 F:/Software/NucleiStudio_IDE/NucleiStudio/toolchain/gcc/bin/../lib/gcc/riscv64-unknown-elf/14.2.1/../../../../riscv64-unknown-elf/lib/rv32imafc_zaamo_zalrsc_xxldsp/ilp32f\libc_nano.a(libc_a-makebuf.o)
                0x20008c0c                __smakebuf_r
 .text._fstat_r
                0x20008c92       0x32 F:/Software/NucleiStudio_IDE/NucleiStudio/toolchain/gcc/bin/../lib/gcc/riscv64-unknown-elf/14.2.1/../../../../riscv64-unknown-elf/lib/rv32imafc_zaamo_zalrsc_xxldsp/ilp32f\libc_nano.a(libc_a-fstatr.o)
                0x20008c92                _fstat_r
 .text._isatty_r
                0x20008cc4       0x30 F:/Software/NucleiStudio_IDE/NucleiStudio/toolchain/gcc/bin/../lib/gcc/riscv64-unknown-elf/14.2.1/../../../../riscv64-unknown-elf/lib/rv32imafc_zaamo_zalrsc_xxldsp/ilp32f\libc_nano.a(libc_a-isattyr.o)
                0x20008cc4                _isatty_r
 .text.abort    0x20008cf4        0xe F:/Software/NucleiStudio_IDE/NucleiStudio/toolchain/gcc/bin/../lib/gcc/riscv64-unknown-elf/14.2.1/../../../../riscv64-unknown-elf/lib/rv32imafc_zaamo_zalrsc_xxldsp/ilp32f\libc_nano.a(libc_a-abort.o)
                0x20008cf4                abort
 .text._raise_r
                0x20008d02       0x5e F:/Software/NucleiStudio_IDE/NucleiStudio/toolchain/gcc/bin/../lib/gcc/riscv64-unknown-elf/14.2.1/../../../../riscv64-unknown-elf/lib/rv32imafc_zaamo_zalrsc_xxldsp/ilp32f\libc_nano.a(libc_a-signal.o)
                0x20008d02                _raise_r
 .text.raise    0x20008d60        0xa F:/Software/NucleiStudio_IDE/NucleiStudio/toolchain/gcc/bin/../lib/gcc/riscv64-unknown-elf/14.2.1/../../../../riscv64-unknown-elf/lib/rv32imafc_zaamo_zalrsc_xxldsp/ilp32f\libc_nano.a(libc_a-signal.o)
                0x20008d60                raise
 .text._kill_r  0x20008d6a       0x32 F:/Software/NucleiStudio_IDE/NucleiStudio/toolchain/gcc/bin/../lib/gcc/riscv64-unknown-elf/14.2.1/../../../../riscv64-unknown-elf/lib/rv32imafc_zaamo_zalrsc_xxldsp/ilp32f\libc_nano.a(libc_a-signalr.o)
                0x20008d6a                _kill_r
 .text._getpid_r
                0x20008d9c        0x4 F:/Software/NucleiStudio_IDE/NucleiStudio/toolchain/gcc/bin/../lib/gcc/riscv64-unknown-elf/14.2.1/../../../../riscv64-unknown-elf/lib/rv32imafc_zaamo_zalrsc_xxldsp/ilp32f\libc_nano.a(libc_a-signalr.o)
                0x20008d9c                _getpid_r
 .text          0x20008da0      0x372 F:/Software/NucleiStudio_IDE/NucleiStudio/toolchain/gcc/bin/../lib/gcc/riscv64-unknown-elf/14.2.1/rv32imafc_zaamo_zalrsc_xxldsp/ilp32f\libgcc.a(_udivdi3.o)
                0x20008da0                __udivdi3
 .text          0x20009112      0x35c F:/Software/NucleiStudio_IDE/NucleiStudio/toolchain/gcc/bin/../lib/gcc/riscv64-unknown-elf/14.2.1/rv32imafc_zaamo_zalrsc_xxldsp/ilp32f\libgcc.a(_umoddi3.o)
                0x20009112                __umoddi3
 .text          0x2000946e      0x824 F:/Software/NucleiStudio_IDE/NucleiStudio/toolchain/gcc/bin/../lib/gcc/riscv64-unknown-elf/14.2.1/rv32imafc_zaamo_zalrsc_xxldsp/ilp32f\libgcc.a(adddf3.o)
                0x2000946e                __adddf3
 .text          0x20009c92      0x68c F:/Software/NucleiStudio_IDE/NucleiStudio/toolchain/gcc/bin/../lib/gcc/riscv64-unknown-elf/14.2.1/rv32imafc_zaamo_zalrsc_xxldsp/ilp32f\libgcc.a(divdf3.o)
                0x20009c92                __divdf3
 .text          0x2000a31e       0xa8 F:/Software/NucleiStudio_IDE/NucleiStudio/toolchain/gcc/bin/../lib/gcc/riscv64-unknown-elf/14.2.1/rv32imafc_zaamo_zalrsc_xxldsp/ilp32f\libgcc.a(eqdf2.o)
                0x2000a31e                __nedf2
                0x2000a31e                __eqdf2
 .text          0x2000a3c6       0xae F:/Software/NucleiStudio_IDE/NucleiStudio/toolchain/gcc/bin/../lib/gcc/riscv64-unknown-elf/14.2.1/rv32imafc_zaamo_zalrsc_xxldsp/ilp32f\libgcc.a(gedf2.o)
                0x2000a3c6                __gedf2
                0x2000a3c6                __gtdf2
 .text          0x2000a474       0xae F:/Software/NucleiStudio_IDE/NucleiStudio/toolchain/gcc/bin/../lib/gcc/riscv64-unknown-elf/14.2.1/rv32imafc_zaamo_zalrsc_xxldsp/ilp32f\libgcc.a(ledf2.o)
                0x2000a474                __ledf2
                0x2000a474                __ltdf2
 .text          0x2000a522      0x586 F:/Software/NucleiStudio_IDE/NucleiStudio/toolchain/gcc/bin/../lib/gcc/riscv64-unknown-elf/14.2.1/rv32imafc_zaamo_zalrsc_xxldsp/ilp32f\libgcc.a(muldf3.o)
                0x2000a522                __muldf3
 .text          0x2000aaa8      0x82e F:/Software/NucleiStudio_IDE/NucleiStudio/toolchain/gcc/bin/../lib/gcc/riscv64-unknown-elf/14.2.1/rv32imafc_zaamo_zalrsc_xxldsp/ilp32f\libgcc.a(subdf3.o)
                0x2000aaa8                __subdf3
 .text          0x2000b2d6       0x6a F:/Software/NucleiStudio_IDE/NucleiStudio/toolchain/gcc/bin/../lib/gcc/riscv64-unknown-elf/14.2.1/rv32imafc_zaamo_zalrsc_xxldsp/ilp32f\libgcc.a(unorddf2.o)
                0x2000b2d6                __unorddf2
 .text          0x2000b340       0xbe F:/Software/NucleiStudio_IDE/NucleiStudio/toolchain/gcc/bin/../lib/gcc/riscv64-unknown-elf/14.2.1/rv32imafc_zaamo_zalrsc_xxldsp/ilp32f\libgcc.a(fixdfsi.o)
                0x2000b340                __fixdfsi
 .text          0x2000b3fe       0x64 F:/Software/NucleiStudio_IDE/NucleiStudio/toolchain/gcc/bin/../lib/gcc/riscv64-unknown-elf/14.2.1/rv32imafc_zaamo_zalrsc_xxldsp/ilp32f\libgcc.a(floatsidf.o)
                0x2000b3fe                __floatsidf
 .text          0x2000b462       0x4c F:/Software/NucleiStudio_IDE/NucleiStudio/toolchain/gcc/bin/../lib/gcc/riscv64-unknown-elf/14.2.1/rv32imafc_zaamo_zalrsc_xxldsp/ilp32f\libgcc.a(floatunsidf.o)
                0x2000b462                __floatunsidf
 .text          0x2000b4ae      0x36a F:/Software/NucleiStudio_IDE/NucleiStudio/toolchain/gcc/bin/../lib/gcc/riscv64-unknown-elf/14.2.1/rv32imafc_zaamo_zalrsc_xxldsp/ilp32f\libgcc.a(trunctfdf2.o)
                0x2000b4ae                __trunctfdf2
 .text          0x2000b818       0x3c F:/Software/NucleiStudio_IDE/NucleiStudio/toolchain/gcc/bin/../lib/gcc/riscv64-unknown-elf/14.2.1/rv32imafc_zaamo_zalrsc_xxldsp/ilp32f\libgcc.a(_clzsi2.o)
                0x2000b818                __clzsi2
 .text._getpid  0x2000b854        0x4 F:/Software/NucleiStudio_IDE/NucleiStudio/toolchain/gcc/bin/../lib/gcc/riscv64-unknown-elf/14.2.1/../../../../riscv64-unknown-elf/lib/rv32imafc_zaamo_zalrsc_xxldsp/ilp32f\libsemihost.a(riscv_libsemihost_a-sys_getpid.o)
                0x2000b854                _getpid
 .text._kill    0x2000b858       0x12 F:/Software/NucleiStudio_IDE/NucleiStudio/toolchain/gcc/bin/../lib/gcc/riscv64-unknown-elf/14.2.1/../../../../riscv64-unknown-elf/lib/rv32imafc_zaamo_zalrsc_xxldsp/ilp32f\libsemihost.a(riscv_libsemihost_a-sys_kill.o)
                0x2000b858                _kill
 *fill*         0x2000b86a        0x6 
 .text._close   0x2000b870       0x6a F:/Software/NucleiStudio_IDE/NucleiStudio/toolchain/gcc/bin/../lib/gcc/riscv64-unknown-elf/14.2.1/../../../../riscv64-unknown-elf/lib/rv32imafc_zaamo_zalrsc_xxldsp/ilp32f\libsemihost.a(riscv_libsemihost_a-semihost-sys_close.o)
                0x2000b870                _close
 *fill*         0x2000b8da        0x6 
 .text.__semihost_syscall
                0x2000b8e0       0x12 F:/Software/NucleiStudio_IDE/NucleiStudio/toolchain/gcc/bin/../lib/gcc/riscv64-unknown-elf/14.2.1/../../../../riscv64-unknown-elf/lib/rv32imafc_zaamo_zalrsc_xxldsp/ilp32f\libsemihost.a(riscv_libsemihost_a-semihost-sys_exit.o)
 .text._exit    0x2000b8f2       0x2a F:/Software/NucleiStudio_IDE/NucleiStudio/toolchain/gcc/bin/../lib/gcc/riscv64-unknown-elf/14.2.1/../../../../riscv64-unknown-elf/lib/rv32imafc_zaamo_zalrsc_xxldsp/ilp32f\libsemihost.a(riscv_libsemihost_a-semihost-sys_exit.o)
                0x2000b8f2                _exit
 .text.__add_fdentry
                0x2000b91c       0x42 F:/Software/NucleiStudio_IDE/NucleiStudio/toolchain/gcc/bin/../lib/gcc/riscv64-unknown-elf/14.2.1/../../../../riscv64-unknown-elf/lib/rv32imafc_zaamo_zalrsc_xxldsp/ilp32f\libsemihost.a(riscv_libsemihost_a-semihost-sys_fdtable.o)
                0x2000b91c                __add_fdentry
 .text.__get_fdentry
                0x2000b95e       0x2e F:/Software/NucleiStudio_IDE/NucleiStudio/toolchain/gcc/bin/../lib/gcc/riscv64-unknown-elf/14.2.1/../../../../riscv64-unknown-elf/lib/rv32imafc_zaamo_zalrsc_xxldsp/ilp32f\libsemihost.a(riscv_libsemihost_a-semihost-sys_fdtable.o)
                0x2000b95e                __get_fdentry
 .text.__remove_fdentry
                0x2000b98c       0x12 F:/Software/NucleiStudio_IDE/NucleiStudio/toolchain/gcc/bin/../lib/gcc/riscv64-unknown-elf/14.2.1/../../../../riscv64-unknown-elf/lib/rv32imafc_zaamo_zalrsc_xxldsp/ilp32f\libsemihost.a(riscv_libsemihost_a-semihost-sys_fdtable.o)
                0x2000b98c                __remove_fdentry
 .text._fstat   0x2000b99e       0x22 F:/Software/NucleiStudio_IDE/NucleiStudio/toolchain/gcc/bin/../lib/gcc/riscv64-unknown-elf/14.2.1/../../../../riscv64-unknown-elf/lib/rv32imafc_zaamo_zalrsc_xxldsp/ilp32f\libsemihost.a(riscv_libsemihost_a-semihost-sys_fstat.o)
                0x2000b99e                _fstat
 *fill*         0x2000b9c0        0x0 
 .text._isatty  0x2000b9c0       0x64 F:/Software/NucleiStudio_IDE/NucleiStudio/toolchain/gcc/bin/../lib/gcc/riscv64-unknown-elf/14.2.1/../../../../riscv64-unknown-elf/lib/rv32imafc_zaamo_zalrsc_xxldsp/ilp32f\libsemihost.a(riscv_libsemihost_a-semihost-sys_isatty.o)
                0x2000b9c0                _isatty
 *fill*         0x2000ba24        0xc 
 .text._lseek   0x2000ba30       0xd8 F:/Software/NucleiStudio_IDE/NucleiStudio/toolchain/gcc/bin/../lib/gcc/riscv64-unknown-elf/14.2.1/../../../../riscv64-unknown-elf/lib/rv32imafc_zaamo_zalrsc_xxldsp/ilp32f\libsemihost.a(riscv_libsemihost_a-semihost-sys_lseek.o)
                0x2000ba30                _lseek
 *fill*         0x2000bb08        0x8 
 .text._open    0x2000bb10       0xc2 F:/Software/NucleiStudio_IDE/NucleiStudio/toolchain/gcc/bin/../lib/gcc/riscv64-unknown-elf/14.2.1/../../../../riscv64-unknown-elf/lib/rv32imafc_zaamo_zalrsc_xxldsp/ilp32f\libsemihost.a(riscv_libsemihost_a-semihost-sys_open.o)
                0x2000bb10                _open
 *fill*         0x2000bbd2        0xe 
 .text._read    0x2000bbe0       0x70 F:/Software/NucleiStudio_IDE/NucleiStudio/toolchain/gcc/bin/../lib/gcc/riscv64-unknown-elf/14.2.1/../../../../riscv64-unknown-elf/lib/rv32imafc_zaamo_zalrsc_xxldsp/ilp32f\libsemihost.a(riscv_libsemihost_a-semihost-sys_read.o)
                0x2000bbe0                _read
 .text._sbrk    0x2000bc50       0x24 F:/Software/NucleiStudio_IDE/NucleiStudio/toolchain/gcc/bin/../lib/gcc/riscv64-unknown-elf/14.2.1/../../../../riscv64-unknown-elf/lib/rv32imafc_zaamo_zalrsc_xxldsp/ilp32f\libsemihost.a(riscv_libsemihost_a-semihost-sys_sbrk.o)
                0x2000bc50                _sbrk
 *fill*         0x2000bc74        0xc 
 .text.__stat_common
                0x2000bc80       0x6c F:/Software/NucleiStudio_IDE/NucleiStudio/toolchain/gcc/bin/../lib/gcc/riscv64-unknown-elf/14.2.1/../../../../riscv64-unknown-elf/lib/rv32imafc_zaamo_zalrsc_xxldsp/ilp32f\libsemihost.a(riscv_libsemihost_a-semihost-sys_stat_common.o)
                0x2000bc80                __stat_common
 *fill*         0x2000bcec        0x4 
 .text._write   0x2000bcf0       0x6a F:/Software/NucleiStudio_IDE/NucleiStudio/toolchain/gcc/bin/../lib/gcc/riscv64-unknown-elf/14.2.1/../../../../riscv64-unknown-elf/lib/rv32imafc_zaamo_zalrsc_xxldsp/ilp32f\libsemihost.a(riscv_libsemihost_a-semihost-sys_write.o)
                0x2000bcf0                _write
 .text.vpi_pool_init
                0x2000bd5a       0xd0 F:\data\VeriSilicon\VeriHealthi_QEMU_SDK.202606_preliminary\V3.0-VeriHealthi_QEMU_SDK_v3.7\galaxy_sdk\modules\lib\libcommon_riscv.a(list_pool.c.o)
                0x2000bd5a                vpi_pool_init
 .text.vpi_pool_put_buf_back
                0x2000be2a       0x38 F:\data\VeriSilicon\VeriHealthi_QEMU_SDK.202606_preliminary\V3.0-VeriHealthi_QEMU_SDK_v3.7\galaxy_sdk\modules\lib\libcommon_riscv.a(list_pool.c.o)
                0x2000be2a                vpi_pool_put_buf_back
 .text.vpi_pool_get_buf
                0x2000be62       0x3e F:\data\VeriSilicon\VeriHealthi_QEMU_SDK.202606_preliminary\V3.0-VeriHealthi_QEMU_SDK_v3.7\galaxy_sdk\modules\lib\libcommon_riscv.a(list_pool.c.o)
                0x2000be62                vpi_pool_get_buf
 .text.osal_create_spinlock
                0x2000bea0        0x4 F:\data\VeriSilicon\VeriHealthi_QEMU_SDK.202606_preliminary\V3.0-VeriHealthi_QEMU_SDK_v3.7\galaxy_sdk\osal\lib\libosal_riscv.a(osal_spinlock.c.o)
                0x2000bea0                osal_create_spinlock
 .text.osal_unlock_spinlock
                0x2000bea4       0x10 F:\data\VeriSilicon\VeriHealthi_QEMU_SDK.202606_preliminary\V3.0-VeriHealthi_QEMU_SDK_v3.7\galaxy_sdk\osal\lib\libosal_riscv.a(osal_spinlock.c.o)
                0x2000bea4                osal_unlock_spinlock
 .text.osal_lock_spinlock
                0x2000beb4       0x10 F:\data\VeriSilicon\VeriHealthi_QEMU_SDK.202606_preliminary\V3.0-VeriHealthi_QEMU_SDK_v3.7\galaxy_sdk\osal\lib\libosal_riscv.a(osal_spinlock.c.o)
                0x2000beb4                osal_lock_spinlock
 .text.__errno  0x2000bec4        0x6 F:/Software/NucleiStudio_IDE/NucleiStudio/toolchain/gcc/bin/../lib/gcc/riscv64-unknown-elf/14.2.1/../../../../riscv64-unknown-elf/lib/rv32imafc_zaamo_zalrsc_xxldsp/ilp32f\libc_nano.a(libc_a-errno.o)
                0x2000bec4                __errno
 .text.expf     0x2000beca       0x7c F:/Software/NucleiStudio_IDE/NucleiStudio/toolchain/gcc/bin/../lib/gcc/riscv64-unknown-elf/14.2.1/../../../../riscv64-unknown-elf/lib/rv32imafc_zaamo_zalrsc_xxldsp/ilp32f\libm.a(libm_a-wf_exp.o)
                0x2000beca                expf
 .text.finitef  0x2000bf46        0xe F:/Software/NucleiStudio_IDE/NucleiStudio/toolchain/gcc/bin/../lib/gcc/riscv64-unknown-elf/14.2.1/../../../../riscv64-unknown-elf/lib/rv32imafc_zaamo_zalrsc_xxldsp/ilp32f\libm.a(libm_a-sf_finite.o)
                0x2000bf46                finitef
 .text.__ieee754_expf
                0x2000bf54      0x238 F:/Software/NucleiStudio_IDE/NucleiStudio/toolchain/gcc/bin/../lib/gcc/riscv64-unknown-elf/14.2.1/../../../../riscv64-unknown-elf/lib/rv32imafc_zaamo_zalrsc_xxldsp/ilp32f\libm.a(libm_a-ef_exp.o)
                0x2000bf54                __ieee754_expf
 .text.with_errnof
                0x2000c18c       0x1a F:/Software/NucleiStudio_IDE/NucleiStudio/toolchain/gcc/bin/../lib/gcc/riscv64-unknown-elf/14.2.1/../../../../riscv64-unknown-elf/lib/rv32imafc_zaamo_zalrsc_xxldsp/ilp32f\libm.a(libm_a-math_errf.o)
 .text.xflowf   0x2000c1a6       0x16 F:/Software/NucleiStudio_IDE/NucleiStudio/toolchain/gcc/bin/../lib/gcc/riscv64-unknown-elf/14.2.1/../../../../riscv64-unknown-elf/lib/rv32imafc_zaamo_zalrsc_xxldsp/ilp32f\libm.a(libm_a-math_errf.o)
 .text.__math_uflowf
                0x2000c1bc        0xc F:/Software/NucleiStudio_IDE/NucleiStudio/toolchain/gcc/bin/../lib/gcc/riscv64-unknown-elf/14.2.1/../../../../riscv64-unknown-elf/lib/rv32imafc_zaamo_zalrsc_xxldsp/ilp32f\libm.a(libm_a-math_errf.o)
                0x2000c1bc                __math_uflowf
 .text.__math_oflowf
                0x2000c1c8        0xc F:/Software/NucleiStudio_IDE/NucleiStudio/toolchain/gcc/bin/../lib/gcc/riscv64-unknown-elf/14.2.1/../../../../riscv64-unknown-elf/lib/rv32imafc_zaamo_zalrsc_xxldsp/ilp32f\libm.a(libm_a-math_errf.o)
                0x2000c1c8                __math_oflowf
 *(.gnu.linkonce.t.*)
                0x2000c1d8                        . = ALIGN (0x8)
 *fill*         0x2000c1d4        0x4 
 *(.srodata.cst16)
 *(.srodata.cst8)
 .srodata.cst8  0x2000c1d8       0x50 F:/Software/NucleiStudio_IDE/NucleiStudio/toolchain/gcc/bin/../lib/gcc/riscv64-unknown-elf/14.2.1/../../../../riscv64-unknown-elf/lib/rv32imafc_zaamo_zalrsc_xxldsp/ilp32f\libc_nano.a(libc_a-nano-vfprintf_float.o)
                                  0x8 (size before relaxing)
 .srodata.cst8  0x2000c228       0x48 F:/Software/NucleiStudio_IDE/NucleiStudio/toolchain/gcc/bin/../lib/gcc/riscv64-unknown-elf/14.2.1/../../../../riscv64-unknown-elf/lib/rv32imafc_zaamo_zalrsc_xxldsp/ilp32f\libc_nano.a(libc_a-dtoa.o)
 *(.srodata.cst4)
 .srodata.cst4  0x2000c228       0x5c ./galaxy_sdk/algorithm/gesture_algorithm.o
                                 0x14 (size before relaxing)
 .srodata.cst4  0x2000c284        0xc F:/Software/NucleiStudio_IDE/NucleiStudio/toolchain/gcc/bin/../lib/gcc/riscv64-unknown-elf/14.2.1/../../../../riscv64-unknown-elf/lib/rv32imafc_zaamo_zalrsc_xxldsp/ilp32f\libm.a(libm_a-wf_exp.o)
 .srodata.cst4  0x2000c284       0x30 F:/Software/NucleiStudio_IDE/NucleiStudio/toolchain/gcc/bin/../lib/gcc/riscv64-unknown-elf/14.2.1/../../../../riscv64-unknown-elf/lib/rv32imafc_zaamo_zalrsc_xxldsp/ilp32f\libm.a(libm_a-ef_exp.o)
 .srodata.cst4  0x2000c284       0x10 F:/Software/NucleiStudio_IDE/NucleiStudio/toolchain/gcc/bin/../lib/gcc/riscv64-unknown-elf/14.2.1/../../../../riscv64-unknown-elf/lib/rv32imafc_zaamo_zalrsc_xxldsp/ilp32f\libm.a(libm_a-math_errf.o)
 *(.srodata.cst2)
 *(.srodata .srodata.*)
 .srodata.qemu_board_name
                0x2000c284        0x5 ./galaxy_sdk/bsp/src/qemu_board.o
 *fill*         0x2000c289        0x3 
 .srodata.uxTopUsedPriority
                0x2000c28c        0x4 F:\data\VeriSilicon\VeriHealthi_QEMU_SDK.202606_preliminary\V3.0-VeriHealthi_QEMU_SDK_v3.7\galaxy_sdk\os\lib\libos_riscv.a(tasks.c.o)
                0x2000c28c                uxTopUsedPriority
 .srodata.ln2LO
                0x2000c290        0x8 F:/Software/NucleiStudio_IDE/NucleiStudio/toolchain/gcc/bin/../lib/gcc/riscv64-unknown-elf/14.2.1/../../../../riscv64-unknown-elf/lib/rv32imafc_zaamo_zalrsc_xxldsp/ilp32f\libm.a(libm_a-ef_exp.o)
 .srodata.ln2HI
                0x2000c298        0x8 F:/Software/NucleiStudio_IDE/NucleiStudio/toolchain/gcc/bin/../lib/gcc/riscv64-unknown-elf/14.2.1/../../../../riscv64-unknown-elf/lib/rv32imafc_zaamo_zalrsc_xxldsp/ilp32f\libm.a(libm_a-ef_exp.o)
 .srodata.halF  0x2000c2a0        0x8 F:/Software/NucleiStudio_IDE/NucleiStudio/toolchain/gcc/bin/../lib/gcc/riscv64-unknown-elf/14.2.1/../../../../riscv64-unknown-elf/lib/rv32imafc_zaamo_zalrsc_xxldsp/ilp32f\libm.a(libm_a-ef_exp.o)
 *(.rdata)
 *(.rodata .rodata.*)
 .rodata.gesture_result_callback.str1.4
                0x2000c2a8      0xc8d ./galaxy_sdk/tasks/app.o
                                  0xb (size before relaxing)
 .rodata.imu_task.str1.4
                0x2000cf35       0x6e ./galaxy_sdk/tasks/app.o
 .rodata.algo_task.str1.4
                0x2000cf35       0x21 ./galaxy_sdk/tasks/app.o
 .rodata.str1.4
                0x2000cf35       0x19 ./galaxy_sdk/tasks/app.o
 *fill*         0x2000cf35        0x3 
 .rodata.names.0
                0x2000cf38       0x10 ./galaxy_sdk/tasks/app.o
 .rodata.qemu_board_ops
                0x2000cf48        0xc ./galaxy_sdk/bsp/src/qemu_board.o
                0x2000cf48                qemu_board_ops
 .rodata.imu_sensor_config
                0x2000cf54        0xc ./galaxy_sdk/bsp/src/qemu_board.o
 .rodata.dense_biases
                0x2000cf60       0x14 ./galaxy_sdk/algorithm/gesture_algorithm.o
 .rodata.dense_weights
                0x2000cf74      0x280 ./galaxy_sdk/algorithm/gesture_algorithm.o
 .rodata.conv2_biases
                0x2000d1f4       0x80 ./galaxy_sdk/algorithm/gesture_algorithm.o
 .rodata.conv2_weights
                0x2000d274     0x1800 ./galaxy_sdk/algorithm/gesture_algorithm.o
 .rodata.conv1_biases
                0x2000ea74       0x40 ./galaxy_sdk/algorithm/gesture_algorithm.o
 .rodata.conv1_weights
                0x2000eab4      0xb40 ./galaxy_sdk/algorithm/gesture_algorithm.o
 .rodata.SCALER_SCALES
                0x2000f5f4       0x24 ./galaxy_sdk/algorithm/gesture_algorithm.o
                0x2000f5f4                SCALER_SCALES
 .rodata.SCALER_MEANS
                0x2000f618       0x24 ./galaxy_sdk/algorithm/gesture_algorithm.o
                0x2000f618                SCALER_MEANS
 .rodata.task_init_app.str1.4
                0x2000f63c      0x2de ./galaxy_sdk/main.o
 .rodata.main.str1.4
                0x2000f63c       0x2d ./galaxy_sdk/main.o
 .rodata.vApplicationStackOverflowHook.str1.4
                0x2000f63c       0x1d F:\data\VeriSilicon\VeriHealthi_QEMU_SDK.202606_preliminary\V3.0-VeriHealthi_QEMU_SDK_v3.7\galaxy_sdk\bsp\lib\libbsp_riscv.a(port.c.o)
 .rodata.vApplicationMallocFailedHook.str1.4
                0x2000f63c        0xe F:\data\VeriSilicon\VeriHealthi_QEMU_SDK.202606_preliminary\V3.0-VeriHealthi_QEMU_SDK_v3.7\galaxy_sdk\bsp\lib\libbsp_riscv.a(port.c.o)
 .rodata.system_default_exception_handler.str1.4
                0x2000f63c       0x71 F:\data\VeriSilicon\VeriHealthi_QEMU_SDK.202606_preliminary\V3.0-VeriHealthi_QEMU_SDK_v3.7\galaxy_sdk\bsp\lib\libbsp_riscv.a(system_pegasus.c.o)
 .rodata.timer_handler.str1.4
                0x2000f63c       0x3e F:\data\VeriSilicon\VeriHealthi_QEMU_SDK.202606_preliminary\V3.0-VeriHealthi_QEMU_SDK_v3.7\galaxy_sdk\drivers\lib\libdriver_riscv.a(imu_simulator.c.o)
 .rodata.bmi160_set_gyro_cfg.str1.4
                0x2000f63c       0x44 F:\data\VeriSilicon\VeriHealthi_QEMU_SDK.202606_preliminary\V3.0-VeriHealthi_QEMU_SDK_v3.7\galaxy_sdk\drivers\lib\libdriver_riscv.a(imu_simulator.c.o)
 .rodata.bmi160_set_accel_cfg.str1.4
                0x2000f63c       0x45 F:\data\VeriSilicon\VeriHealthi_QEMU_SDK.202606_preliminary\V3.0-VeriHealthi_QEMU_SDK_v3.7\galaxy_sdk\drivers\lib\libdriver_riscv.a(imu_simulator.c.o)
 .rodata.bmi160_set_accel_cfg
                0x2000f63c       0x20 F:\data\VeriSilicon\VeriHealthi_QEMU_SDK.202606_preliminary\V3.0-VeriHealthi_QEMU_SDK_v3.7\galaxy_sdk\drivers\lib\libdriver_riscv.a(imu_simulator.c.o)
 .rodata.bmi160_init.str1.4
                0x2000f65c       0x39 F:\data\VeriSilicon\VeriHealthi_QEMU_SDK.202606_preliminary\V3.0-VeriHealthi_QEMU_SDK_v3.7\galaxy_sdk\drivers\lib\libdriver_riscv.a(imu_simulator.c.o)
 .rodata.bmi160_set_suspend_mode.str1.4
                0x2000f65c       0x23 F:\data\VeriSilicon\VeriHealthi_QEMU_SDK.202606_preliminary\V3.0-VeriHealthi_QEMU_SDK_v3.7\galaxy_sdk\drivers\lib\libdriver_riscv.a(imu_simulator.c.o)
 .rodata.bmi160_set_suspend_mode
                0x2000f65c       0x18 F:\data\VeriSilicon\VeriHealthi_QEMU_SDK.202606_preliminary\V3.0-VeriHealthi_QEMU_SDK_v3.7\galaxy_sdk\drivers\lib\libdriver_riscv.a(imu_simulator.c.o)
 .rodata.bmi160_set_normal_mode.str1.4
                0x2000f674       0x70 F:\data\VeriSilicon\VeriHealthi_QEMU_SDK.202606_preliminary\V3.0-VeriHealthi_QEMU_SDK_v3.7\galaxy_sdk\drivers\lib\libdriver_riscv.a(imu_simulator.c.o)
 .rodata.bmi160_set_normal_mode
                0x2000f674       0x18 F:\data\VeriSilicon\VeriHealthi_QEMU_SDK.202606_preliminary\V3.0-VeriHealthi_QEMU_SDK_v3.7\galaxy_sdk\drivers\lib\libdriver_riscv.a(imu_simulator.c.o)
 .rodata.bmi160_get_fifo_data.str1.4
                0x2000f68c       0x39 F:\data\VeriSilicon\VeriHealthi_QEMU_SDK.202606_preliminary\V3.0-VeriHealthi_QEMU_SDK_v3.7\galaxy_sdk\drivers\lib\libdriver_riscv.a(imu_simulator.c.o)
 .rodata.bmi160_fifo_parsing_gyro_accel.str1.4
                0x2000f68c      0x1b7 F:\data\VeriSilicon\VeriHealthi_QEMU_SDK.202606_preliminary\V3.0-VeriHealthi_QEMU_SDK_v3.7\galaxy_sdk\drivers\lib\libdriver_riscv.a(imu_simulator.c.o)
 .rodata.bmi160_fifo_parsing_accel.str1.4
                0x2000f68c      0x196 F:\data\VeriSilicon\VeriHealthi_QEMU_SDK.202606_preliminary\V3.0-VeriHealthi_QEMU_SDK_v3.7\galaxy_sdk\drivers\lib\libdriver_riscv.a(imu_simulator.c.o)
 .rodata.imu_simulator_ops
                0x2000f68c       0x84 F:\data\VeriSilicon\VeriHealthi_QEMU_SDK.202606_preliminary\V3.0-VeriHealthi_QEMU_SDK_v3.7\galaxy_sdk\drivers\lib\libdriver_riscv.a(imu_simulator.c.o)
                0x2000f68c                imu_simulator_ops
 .rodata.imu_simu_data
                0x2000f710    0x4ed30 F:\data\VeriSilicon\VeriHealthi_QEMU_SDK.202606_preliminary\V3.0-VeriHealthi_QEMU_SDK_v3.7\galaxy_sdk\drivers\lib\libdriver_riscv.a(imu_simulator.c.o)
 .rodata.uart_printf.str1.4
                0x2005e440        0x2 F:\data\VeriSilicon\VeriHealthi_QEMU_SDK.202606_preliminary\V3.0-VeriHealthi_QEMU_SDK_v3.7\galaxy_sdk\modules\lib\libcommon_riscv.a(uart_printf.c.o)
 .rodata.vpi_timer_create.str1.4
                0x2005e440       0x2b F:\data\VeriSilicon\VeriHealthi_QEMU_SDK.202606_preliminary\V3.0-VeriHealthi_QEMU_SDK_v3.7\galaxy_sdk\modules\lib\libcommon_riscv.a(sw_timer_os.c.o)
 .rodata.vpi_timer_start.str1.4
                0x2005e440       0x11 F:\data\VeriSilicon\VeriHealthi_QEMU_SDK.202606_preliminary\V3.0-VeriHealthi_QEMU_SDK_v3.7\galaxy_sdk\modules\lib\libcommon_riscv.a(sw_timer_os.c.o)
 .rodata.vpi_timer_stop.str1.4
                0x2005e440       0x10 F:\data\VeriSilicon\VeriHealthi_QEMU_SDK.202606_preliminary\V3.0-VeriHealthi_QEMU_SDK_v3.7\galaxy_sdk\modules\lib\libcommon_riscv.a(sw_timer_os.c.o)
 .rodata.CSWTCH.14
                0x2005e440       0x40 F:\data\VeriSilicon\VeriHealthi_QEMU_SDK.202606_preliminary\V3.0-VeriHealthi_QEMU_SDK_v3.7\galaxy_sdk\modules\lib\libcommon_riscv.a(vpi_error.c.o)
 .rodata.osal_send_event_base.isra.0.str1.4
                0x2005e480       0x4a F:\data\VeriSilicon\VeriHealthi_QEMU_SDK.202606_preliminary\V3.0-VeriHealthi_QEMU_SDK_v3.7\galaxy_sdk\osal\lib\libosal_riscv.a(osal_event.c.o)
 .rodata.osal_create_event_queue.str1.4
                0x2005e480       0x7a F:\data\VeriSilicon\VeriHealthi_QEMU_SDK.202606_preliminary\V3.0-VeriHealthi_QEMU_SDK_v3.7\galaxy_sdk\osal\lib\libosal_riscv.a(osal_event.c.o)
 .rodata.osal_wait_event.str1.4
                0x2005e480       0x19 F:\data\VeriSilicon\VeriHealthi_QEMU_SDK.202606_preliminary\V3.0-VeriHealthi_QEMU_SDK_v3.7\galaxy_sdk\osal\lib\libosal_riscv.a(osal_event.c.o)
 .rodata.__func__.0
                0x2005e480       0x15 F:\data\VeriSilicon\VeriHealthi_QEMU_SDK.202606_preliminary\V3.0-VeriHealthi_QEMU_SDK_v3.7\galaxy_sdk\osal\lib\libosal_riscv.a(osal_event.c.o)
 *fill*         0x2005e495        0x3 
 .rodata.__func__.1
                0x2005e498       0x10 F:\data\VeriSilicon\VeriHealthi_QEMU_SDK.202606_preliminary\V3.0-VeriHealthi_QEMU_SDK_v3.7\galaxy_sdk\osal\lib\libosal_riscv.a(osal_event.c.o)
 .rodata.vTaskStartScheduler.str1.4
                0x2005e4a8        0x9 F:\data\VeriSilicon\VeriHealthi_QEMU_SDK.202606_preliminary\V3.0-VeriHealthi_QEMU_SDK_v3.7\galaxy_sdk\os\lib\libos_riscv.a(tasks.c.o)
 .rodata.xTimerCreateTimerTask.str1.4
                0x2005e4a8        0xa F:\data\VeriSilicon\VeriHealthi_QEMU_SDK.202606_preliminary\V3.0-VeriHealthi_QEMU_SDK_v3.7\galaxy_sdk\os\lib\libos_riscv.a(timers.c.o)
 .rodata.prvTimerTask
                0x2005e4a8       0x28 F:\data\VeriSilicon\VeriHealthi_QEMU_SDK.202606_preliminary\V3.0-VeriHealthi_QEMU_SDK_v3.7\galaxy_sdk\os\lib\libos_riscv.a(timers.c.o)
 .rodata._printf_float.str1.4
                0x2005e4d0       0x12 F:/Software/NucleiStudio_IDE/NucleiStudio/toolchain/gcc/bin/../lib/gcc/riscv64-unknown-elf/14.2.1/../../../../riscv64-unknown-elf/lib/rv32imafc_zaamo_zalrsc_xxldsp/ilp32f\libc_nano.a(libc_a-nano-vfprintf_float.o)
 .rodata._printf_i.str1.4
                0x2005e4d0       0x25 F:/Software/NucleiStudio_IDE/NucleiStudio/toolchain/gcc/bin/../lib/gcc/riscv64-unknown-elf/14.2.1/../../../../riscv64-unknown-elf/lib/rv32imafc_zaamo_zalrsc_xxldsp/ilp32f\libc_nano.a(libc_a-nano-vfprintf_i.o)
 .rodata._printf_i
                0x2005e4d0       0x58 F:/Software/NucleiStudio_IDE/NucleiStudio/toolchain/gcc/bin/../lib/gcc/riscv64-unknown-elf/14.2.1/../../../../riscv64-unknown-elf/lib/rv32imafc_zaamo_zalrsc_xxldsp/ilp32f\libc_nano.a(libc_a-nano-vfprintf_i.o)
 .rodata._dtoa_r.str1.4
                0x2005e528       0x8d F:/Software/NucleiStudio_IDE/NucleiStudio/toolchain/gcc/bin/../lib/gcc/riscv64-unknown-elf/14.2.1/../../../../riscv64-unknown-elf/lib/rv32imafc_zaamo_zalrsc_xxldsp/ilp32f\libc_nano.a(libc_a-dtoa.o)
 .rodata._Balloc.str1.4
                0x2005e528       0x68 F:/Software/NucleiStudio_IDE/NucleiStudio/toolchain/gcc/bin/../lib/gcc/riscv64-unknown-elf/14.2.1/../../../../riscv64-unknown-elf/lib/rv32imafc_zaamo_zalrsc_xxldsp/ilp32f\libc_nano.a(libc_a-mprec.o)
 .rodata.__multadd.str1.4
                0x2005e528       0x11 F:/Software/NucleiStudio_IDE/NucleiStudio/toolchain/gcc/bin/../lib/gcc/riscv64-unknown-elf/14.2.1/../../../../riscv64-unknown-elf/lib/rv32imafc_zaamo_zalrsc_xxldsp/ilp32f\libc_nano.a(libc_a-mprec.o)
 .rodata.p05.0  0x2005e528        0xc F:/Software/NucleiStudio_IDE/NucleiStudio/toolchain/gcc/bin/../lib/gcc/riscv64-unknown-elf/14.2.1/../../../../riscv64-unknown-elf/lib/rv32imafc_zaamo_zalrsc_xxldsp/ilp32f\libc_nano.a(libc_a-mprec.o)
 *fill*         0x2005e534        0x4 
 .rodata.__mprec_bigtens
                0x2005e538       0x28 F:/Software/NucleiStudio_IDE/NucleiStudio/toolchain/gcc/bin/../lib/gcc/riscv64-unknown-elf/14.2.1/../../../../riscv64-unknown-elf/lib/rv32imafc_zaamo_zalrsc_xxldsp/ilp32f\libc_nano.a(libc_a-mprec.o)
                0x2005e538                __mprec_bigtens
 .rodata.__mprec_tens
                0x2005e560       0xc8 F:/Software/NucleiStudio_IDE/NucleiStudio/toolchain/gcc/bin/../lib/gcc/riscv64-unknown-elf/14.2.1/../../../../riscv64-unknown-elf/lib/rv32imafc_zaamo_zalrsc_xxldsp/ilp32f\libc_nano.a(libc_a-mprec.o)
                0x2005e560                __mprec_tens
 .rodata._vfprintf_r.str1.4
                0x2005e628       0x13 F:/Software/NucleiStudio_IDE/NucleiStudio/toolchain/gcc/bin/../lib/gcc/riscv64-unknown-elf/14.2.1/../../../../riscv64-unknown-elf/lib/rv32imafc_zaamo_zalrsc_xxldsp/ilp32f\libc_nano.a(libc_a-nano-vfprintf.o)
 .rodata._setlocale_r.str1.4
                0x2005e628        0xd F:/Software/NucleiStudio_IDE/NucleiStudio/toolchain/gcc/bin/../lib/gcc/riscv64-unknown-elf/14.2.1/../../../../riscv64-unknown-elf/lib/rv32imafc_zaamo_zalrsc_xxldsp/ilp32f\libc_nano.a(libc_a-locale.o)
 .rodata.str1.4
                0x2005e628        0x2 F:/Software/NucleiStudio_IDE/NucleiStudio/toolchain/gcc/bin/../lib/gcc/riscv64-unknown-elf/14.2.1/../../../../riscv64-unknown-elf/lib/rv32imafc_zaamo_zalrsc_xxldsp/ilp32f\libc_nano.a(libc_a-locale.o)
 .rodata.__assert_func.str1.4
                0x2005e628       0x43 F:/Software/NucleiStudio_IDE/NucleiStudio/toolchain/gcc/bin/../lib/gcc/riscv64-unknown-elf/14.2.1/../../../../riscv64-unknown-elf/lib/rv32imafc_zaamo_zalrsc_xxldsp/ilp32f\libc_nano.a(libc_a-assert.o)
 .rodata._ctype_
                0x2005e628      0x101 F:/Software/NucleiStudio_IDE/NucleiStudio/toolchain/gcc/bin/../lib/gcc/riscv64-unknown-elf/14.2.1/../../../../riscv64-unknown-elf/lib/rv32imafc_zaamo_zalrsc_xxldsp/ilp32f\libc_nano.a(libc_a-ctype_.o)
                0x2005e628                _ctype_